Archive member included to satisfy reference by file (symbol)

.\CortexM3\ARM_GCC_541\Debug\SDHD_Lab3.a(UART_LOG.o)
                              .\CortexM3\ARM_GCC_541\Debug\statemachine.o (UART_LOG_Start)
.\CortexM3\ARM_GCC_541\Debug\SDHD_Lab3.a(isr_PushButton.o)
                              .\CortexM3\ARM_GCC_541\Debug\statemachine.o (isr_PushButton_StartEx)
.\CortexM3\ARM_GCC_541\Debug\SDHD_Lab3.a(Push_Button.o)
                              .\CortexM3\ARM_GCC_541\Debug\statemachine.o (Push_Button_ClearInterrupt)
.\CortexM3\ARM_GCC_541\Debug\SDHD_Lab3.a(UART_LOG_IntClock.o)
                              .\CortexM3\ARM_GCC_541\Debug\SDHD_Lab3.a(UART_LOG.o) (UART_LOG_IntClock_Start)
.\CortexM3\ARM_GCC_541\Debug\SDHD_Lab3.a(CyDmac.o)
                              .\CortexM3\ARM_GCC_541\Debug\Cm3Start.o (CyDmacConfigure)
.\CortexM3\ARM_GCC_541\Debug\SDHD_Lab3.a(CyLib.o)
                              .\CortexM3\ARM_GCC_541\Debug\Cm3Start.o (CyHalt)
.\CortexM3\ARM_GCC_541\Debug\SDHD_Lab3.a(cyPm.o)
                              .\CortexM3\ARM_GCC_541\Debug\SDHD_Lab3.a(CyLib.o) (CyPmReadStatus)
.\CortexM3\ARM_GCC_541\Debug\SDHD_Lab3.a(Red_LED.o)
                              .\CortexM3\ARM_GCC_541\Debug\statemachine.o (Red_LED_Write)
.\CortexM3\ARM_GCC_541\Debug\SDHD_Lab3.a(WaveDAC.o)
                              .\CortexM3\ARM_GCC_541\Debug\statemachine.o (WaveDAC_Start)
.\CortexM3\ARM_GCC_541\Debug\SDHD_Lab3.a(ADC_DelSig.o)
                              .\CortexM3\ARM_GCC_541\Debug\statemachine.o (ADC_DelSig_Start)
.\CortexM3\ARM_GCC_541\Debug\SDHD_Lab3.a(ADC_DelSig_INT.o)
                              .\CortexM3\ARM_GCC_541\Debug\SDHD_Lab3.a(ADC_DelSig.o) (ADC_DelSig_ISR1)
.\CortexM3\ARM_GCC_541\Debug\SDHD_Lab3.a(WaveDAC_DacClk.o)
                              .\CortexM3\ARM_GCC_541\Debug\SDHD_Lab3.a(WaveDAC.o) (WaveDAC_DacClk_Start)
.\CortexM3\ARM_GCC_541\Debug\SDHD_Lab3.a(WaveDAC_Wave1_DMA_dma.o)
                              .\CortexM3\ARM_GCC_541\Debug\SDHD_Lab3.a(WaveDAC.o) (WaveDAC_Wave1_DMA_DmaInitialize)
.\CortexM3\ARM_GCC_541\Debug\SDHD_Lab3.a(WaveDAC_Wave2_DMA_dma.o)
                              .\CortexM3\ARM_GCC_541\Debug\SDHD_Lab3.a(WaveDAC.o) (WaveDAC_Wave2_DMA_DmaInitialize)
.\CortexM3\ARM_GCC_541\Debug\SDHD_Lab3.a(WaveDAC_VDAC8.o)
                              .\CortexM3\ARM_GCC_541\Debug\SDHD_Lab3.a(WaveDAC.o) (WaveDAC_VDAC8_Enable)
.\CortexM3\ARM_GCC_541\Debug\SDHD_Lab3.a(ADC_DelSig_AMux.o)
                              .\CortexM3\ARM_GCC_541\Debug\SDHD_Lab3.a(ADC_DelSig.o) (ADC_DelSig_AMux_Select)
.\CortexM3\ARM_GCC_541\Debug\SDHD_Lab3.a(ADC_DelSig_Ext_CP_Clk.o)
                              .\CortexM3\ARM_GCC_541\Debug\SDHD_Lab3.a(ADC_DelSig.o) (ADC_DelSig_Ext_CP_Clk_SetModeRegister)
.\CortexM3\ARM_GCC_541\Debug\SDHD_Lab3.a(ADC_DelSig_theACLK.o)
                              .\CortexM3\ARM_GCC_541\Debug\SDHD_Lab3.a(ADC_DelSig.o) (ADC_DelSig_theACLK_SetModeRegister)
.\CortexM3\ARM_GCC_541\Debug\SDHD_Lab3.a(isr_UART.o)
                              .\CortexM3\ARM_GCC_541\Debug\statemachine.o (isr_UART_StartEx)
.\CortexM3\ARM_GCC_541\Debug\SDHD_Lab3.a(Green_LED.o)
                              .\CortexM3\ARM_GCC_541\Debug\statemachine.o (Green_LED_Write)
.\CortexM3\ARM_GCC_541\Debug\SDHD_Lab3.a(Yellow_LED.o)
                              .\CortexM3\ARM_GCC_541\Debug\statemachine.o (Yellow_LED_Write)
.\CortexM3\ARM_GCC_541\Debug\SDHD_Lab3.a(User_LED.o)
                              .\CortexM3\ARM_GCC_541\Debug\statemachine.o (User_LED_Write)
.\CortexM3\ARM_GCC_541\Debug\SDHD_Lab3.a(CyBootAsmGnu.o)
                              .\CortexM3\ARM_GCC_541\Debug\cyfitter_cfg.o (CyDelayCycles)
.\CortexM3\ARM_GCC_541\Debug\SDHD_Lab3.a(CyFlash.o)
                              .\CortexM3\ARM_GCC_541\Debug\SDHD_Lab3.a(cyPm.o) (CyFlash_SetWaitCycles)
.\CortexM3\ARM_GCC_541\Debug\SDHD_Lab3.a(CySpc.o)
                              .\CortexM3\ARM_GCC_541\Debug\SDHD_Lab3.a(CyFlash.o) (CySpcStart)
.\source\asw\fft_application\libfft_application.a(fft_application.o)
                              .\CortexM3\ARM_GCC_541\Debug\statemachine.o (fft_app)
.\source\asw\fft_application\libfft_application.a(arm_rfft_q31.o)
                              .\source\asw\fft_application\libfft_application.a(fft_application.o) (arm_rfft_q31)
.\source\asw\fft_application\libfft_application.a(arm_rfft_init_q31.o)
                              .\source\asw\fft_application\libfft_application.a(fft_application.o) (arm_rfft_init_q31)
.\source\asw\fft_application\libfft_application.a(arm_cfft_q31.o)
                              .\source\asw\fft_application\libfft_application.a(arm_rfft_q31.o) (arm_cfft_q31)
.\source\asw\fft_application\libfft_application.a(arm_cfft_radix4_q31.o)
                              .\source\asw\fft_application\libfft_application.a(arm_cfft_q31.o) (arm_radix4_butterfly_q31)
.\source\asw\fft_application\libfft_application.a(arm_const_structs.o)
[...]
Memory Configuration

Name             Origin             Length             Attributes
rom              0x00000000         0x00040000         xr
ram              0x1fff8000         0x00010000         xrw
*default*        0x00000000         0xffffffff

Linker script and memory map

LOAD c:/program files (x86)/cypress/psoc creator/4.4/psoc creator/import/gnu/arm/5.4.1/bin/../lib/gcc/arm-none-eabi/5.4.1/armv7-m/crti.o
LOAD c:/program files (x86)/cypress/psoc creator/4.4/psoc creator/import/gnu/arm/5.4.1/bin/../lib/gcc/arm-none-eabi/5.4.1/armv7-m/crtbegin.o
LOAD c:/program files (x86)/cypress/psoc creator/4.4/psoc creator/import/gnu/arm/5.4.1/bin/../lib/gcc/arm-none-eabi/5.4.1/../../../../arm-none-eabi/lib/armv7-m/crt0.o
START GROUP
LOAD .\CortexM3\ARM_GCC_541\Debug\main.o
LOAD .\CortexM3\ARM_GCC_541\Debug\statemachine.o
LOAD .\CortexM3\ARM_GCC_541\Debug\cyfitter_cfg.o
LOAD .\CortexM3\ARM_GCC_541\Debug\cymetadata.o
LOAD .\CortexM3\ARM_GCC_541\Debug\Cm3Start.o
LOAD .\CortexM3\ARM_GCC_541\Debug\SDHD_Lab3.a
LOAD C:\Program Files (x86)\Cypress\PSoC Creator\4.4\PSoC Creator\psoc\content\cycomponentlibrary\CyComponentLibrary.cylib\CortexM3\ARM_GCC_541\Debug\CyComponentLibrary.a
LOAD .\source\asw\fft_application\libfft_application.a
END GROUP
START GROUP
LOAD c:/program files (x86)/cypress/psoc creator/4.4/psoc creator/import/gnu/arm/5.4.1/bin/../lib/gcc/arm-none-eabi/5.4.1/armv7-m\libgcc.a
LOAD c:/program files (x86)/cypress/psoc creator/4.4/psoc creator/import/gnu/arm/5.4.1/bin/../lib/gcc/arm-none-eabi/5.4.1/../../../../arm-none-eabi/lib/armv7-m\libg_nano.a
LOAD c:/program files (x86)/cypress/psoc creator/4.4/psoc creator/import/gnu/arm/5.4.1/bin/../lib/gcc/arm-none-eabi/5.4.1/../../../../arm-none-eabi/lib/armv7-m\libc_nano.a
END GROUP
START GROUP
LOAD c:/program files (x86)/cypress/psoc creator/4.4/psoc creator/import/gnu/arm/5.4.1/bin/../lib/gcc/arm-none-eabi/5.4.1/armv7-m\libgcc.a
LOAD c:/program files (x86)/cypress/psoc creator/4.4/psoc creator/import/gnu/arm/5.4.1/bin/../lib/gcc/arm-none-eabi/5.4.1/../../../../arm-none-eabi/lib/armv7-m\libc_nano.a
END GROUP
LOAD c:/program files (x86)/cypress/psoc creator/4.4/psoc creator/import/gnu/arm/5.4.1/bin/../lib/gcc/arm-none-eabi/5.4.1/armv7-m/crtend.o
LOAD c:/program files (x86)/cypress/psoc creator/4.4/psoc creator/import/gnu/arm/5.4.1/bin/../lib/gcc/arm-none-eabi/5.4.1/armv7-m/crtn.o
START GROUP
LOAD c:/program files (x86)/cypress/psoc creator/4.4/psoc creator/import/gnu/arm/5.4.1/bin/../lib/gcc/arm-none-eabi/5.4.1/armv7-m\libgcc.a
LOAD c:/program files (x86)/cypress/psoc creator/4.4/psoc creator/import/gnu/arm/5.4.1/bin/../lib/gcc/arm-none-eabi/5.4.1/../../../../arm-none-eabi/lib/armv7-m\libc.a
LOAD c:/program files (x86)/cypress/psoc creator/4.4/psoc creator/import/gnu/arm/5.4.1/bin/../lib/gcc/arm-none-eabi/5.4.1/../../../../arm-none-eabi/lib/armv7-m\libnosys.a
END GROUP
                0x00000000                CY_APPL_ORIGIN = 0x0
                0x00000100                CY_FLASH_ROW_SIZE = 0x100
                0x00000020                CY_ECC_ROW_SIZE = 0x20
                0x00000000                CY_EE_IN_BTLDR = 0x0
                0x00000000                CY_APPL_LOADABLE = 0x0
                0x00000800                CY_EE_SIZE = 0x800
                0x00000001                CY_APPL_NUM = 0x1
                0x00000001                CY_APPL_MAX = 0x1
                0x00000040                CY_METADATA_SIZE = 0x40
                0x00000000                CY_APPL_LOADABLE = 0x0
                0x00000000                CY_CHECKSUM_EXCLUDE_SIZE = ALIGN (0x0, CY_FLASH_ROW_SIZE)
                [!provide]                PROVIDE (__cy_heap_start, _end)
                0x00000001                PROVIDE (__cy_region_num, ((__cy_regions_end - __cy_regions) / 0x10))
                0x20008000                PROVIDE (__cy_stack, (ORIGIN (ram) + LENGTH (ram)))
                [!provide]                PROVIDE (__cy_heap_end, (__cy_stack - 0x800))

.cybootloader   0x00000000        0x0
 *(.cybootloader)
                0x00000000                appl1_start = CY_APPL_ORIGIN?CY_APPL_ORIGIN:ALIGN (CY_FLASH_ROW_SIZE)
                0x0001ff00                appl2_start = (appl1_start + ALIGN ((((LENGTH (rom) - appl1_start) - (0x2 * CY_FLASH_ROW_SIZE)) / 0x2), CY_FLASH_ROW_SIZE))
                0x00000000                appl_start = (CY_APPL_NUM == 0x1)?appl1_start:appl2_start
                0x00000000                ecc_offset = ((appl_start / CY_FLASH_ROW_SIZE) * CY_ECC_ROW_SIZE)
                0x00000000                ee_offset = (CY_APPL_LOADABLE && ! (CY_EE_IN_BTLDR))?((CY_EE_SIZE / CY_APPL_MAX) * (CY_APPL_NUM - 0x1)):0x0
                0x00000800                ee_size = (CY_APPL_LOADABLE && ! (CY_EE_IN_BTLDR))?(CY_EE_SIZE / CY_APPL_MAX):CY_EE_SIZE
                [!provide]                PROVIDE (CY_ECC_OFFSET, ecc_offset)

.text           0x00000000     0x2d40
 CREATE_OBJECT_SYMBOLS
                0x00000000                PROVIDE (__cy_interrupt_vector, RomVectors)
 *(.romvectors)
 .romvectors    0x00000000       0x10 .\CortexM3\ARM_GCC_541\Debug\Cm3Start.o
                0x00000000                RomVectors
                0x00000001                ASSERT ((. != __cy_interrupt_vector), No interrupt vector)
                0x00000001                ASSERT (CY_APPL_ORIGIN?(SIZEOF (.cybootloader) <= CY_APPL_ORIGIN):0x1, Wrong image location)
                0x00000010                PROVIDE (__cy_reset, Reset)
 *(.text.Reset)
 .text.Reset    0x00000010       0x18 .\CortexM3\ARM_GCC_541\Debug\Cm3Start.o
                0x00000010                Reset
                0x00000001                ASSERT ((. != __cy_reset), No reset code)
 *(.dma_init)
                0x00000001                ASSERT ((((appl_start + .) <= 0x10000) || 0x1), DMA Init must be within the first 64k of flash)
 *(.text .text.* .gnu.linkonce.t.*)
 .text          0x00000028       0x5c c:/program files (x86)/cypress/psoc creator/4.4/psoc creator/import/gnu/arm/5.4.1/bin/../lib/gcc/arm-none-eabi/5.4.1/armv7-m/crtbegin.o
 .text.main     0x00000084       0x20 .\CortexM3\ARM_GCC_541\Debug\main.o
                0x00000084                main
 .text.isr_PushButton_Enable_Interrupt
                0x000000a4       0x1c .\CortexM3\ARM_GCC_541\Debug\statemachine.o
                0x000000a4                isr_PushButton_Enable_Interrupt
 .text.isr_UART
                0x000000c0       0x2c .\CortexM3\ARM_GCC_541\Debug\statemachine.o
                0x000000c0                isr_UART
 .text.Hardware_Init
                0x000000ec       0x28 .\CortexM3\ARM_GCC_541\Debug\statemachine.o
                0x000000ec                Hardware_Init
 .text.Sequencing
                0x00000114      0x154 .\CortexM3\ARM_GCC_541\Debug\statemachine.o
                0x00000114                Sequencing
 .text.CyClockStartupError
                0x00000268        0x4 .\CortexM3\ARM_GCC_541\Debug\cyfitter_cfg.o
 .text.cfg_write_bytes32
                0x0000026c       0x34 .\CortexM3\ARM_GCC_541\Debug\cyfitter_cfg.o
 .text.AnalogSetDefault
                0x000002a0       0x40 .\CortexM3\ARM_GCC_541\Debug\cyfitter_cfg.o
 .text.CYMEMZERO
                0x000002e0        0xc .\CortexM3\ARM_GCC_541\Debug\cyfitter_cfg.o
 .text.CYCONFIGCPY
                0x000002ec        0x8 .\CortexM3\ARM_GCC_541\Debug\cyfitter_cfg.o
 .text.ClockSetup
                0x000002f4      0x100 .\CortexM3\ARM_GCC_541\Debug\cyfitter_cfg.o
 .text.ADC_DelSig_AMux_Set
                0x000003f4       0x1c .\CortexM3\ARM_GCC_541\Debug\cyfitter_cfg.o
                0x000003f4                ADC_DelSig_AMux_Set
 .text.ADC_DelSig_AMux_Unset
                0x00000410       0x1c .\CortexM3\ARM_GCC_541\Debug\cyfitter_cfg.o
                0x00000410                ADC_DelSig_AMux_Unset
 .text.cyfitter_cfg
                0x0000042c      0x140 .\CortexM3\ARM_GCC_541\Debug\cyfitter_cfg.o
                0x0000042c                cyfitter_cfg
 .text.IntDefaultHandler
                0x0000056c       0x10 .\CortexM3\ARM_GCC_541\Debug\Cm3Start.o
                0x0000056c                IntDefaultHandler
 .text._sbrk    0x0000057c       0x30 .\CortexM3\ARM_GCC_541\Debug\Cm3Start.o
                0x0000057c                _sbrk
 .text.Start_c  0x000005ac       0x4c .\CortexM3\ARM_GCC_541\Debug\Cm3Start.o
                0x000005ac                Start_c
 .text.initialize_psoc
                0x000005f8       0x6c .\CortexM3\ARM_GCC_541\Debug\Cm3Start.o
                0x000005f8                initialize_psoc
 .text.UART_LOG_Init
                0x00000664       0x24 .\CortexM3\ARM_GCC_541\Debug\SDHD_Lab3.a(UART_LOG.o)
                0x00000664                UART_LOG_Init
 .text.UART_LOG_Enable
                0x00000688       0x38 .\CortexM3\ARM_GCC_541\Debug\SDHD_Lab3.a(UART_LOG.o)
                0x00000688                UART_LOG_Enable
 .text.UART_LOG_Start
                0x000006c0       0x1c .\CortexM3\ARM_GCC_541\Debug\SDHD_Lab3.a(UART_LOG.o)
                0x000006c0                UART_LOG_Start
 .text.UART_LOG_GetChar
                0x000006dc       0x2c .\CortexM3\ARM_GCC_541\Debug\SDHD_Lab3.a(UART_LOG.o)
                0x000006dc                UART_LOG_GetChar
 .text.UART_LOG_PutChar
                0x00000708       0x18 .\CortexM3\ARM_GCC_541\Debug\SDHD_Lab3.a(UART_LOG.o)
                0x00000708                UART_LOG_PutChar
 .text.isr_PushButton_SetVector
                0x00000720        0xc .\CortexM3\ARM_GCC_541\Debug\SDHD_Lab3.a(isr_PushButton.o)
                0x00000720                isr_PushButton_SetVector
 .text.isr_PushButton_SetPriority
                0x0000072c       0x10 .\CortexM3\ARM_GCC_541\Debug\SDHD_Lab3.a(isr_PushButton.o)
                0x0000072c                isr_PushButton_SetPriority
 .text.isr_PushButton_Enable
                0x0000073c        0xc .\CortexM3\ARM_GCC_541\Debug\SDHD_Lab3.a(isr_PushButton.o)
                0x0000073c                isr_PushButton_Enable
 .text.isr_PushButton_Disable
                0x00000748        0xc .\CortexM3\ARM_GCC_541\Debug\SDHD_Lab3.a(isr_PushButton.o)
                0x00000748                isr_PushButton_Disable
 .text.isr_PushButton_StartEx
                0x00000754       0x1c .\CortexM3\ARM_GCC_541\Debug\SDHD_Lab3.a(isr_PushButton.o)
                0x00000754                isr_PushButton_StartEx
 .text.Push_Button_ClearInterrupt
                0x00000770        0xc .\CortexM3\ARM_GCC_541\Debug\SDHD_Lab3.a(Push_Button.o)
                0x00000770                Push_Button_ClearInterrupt
 .text.UART_LOG_IntClock_Start
                0x0000077c       0x1c .\CortexM3\ARM_GCC_541\Debug\SDHD_Lab3.a(UART_LOG_IntClock.o)
                0x0000077c                UART_LOG_IntClock_Start
 .text.CyDmacConfigure
                0x00000798       0x34 .\CortexM3\ARM_GCC_541\Debug\SDHD_Lab3.a(CyDmac.o)
                0x00000798                CyDmacConfigure
 .text.CyDmaChEnable
                0x000007cc       0x38 .\CortexM3\ARM_GCC_541\Debug\SDHD_Lab3.a(CyDmac.o)
                0x000007cc                CyDmaChEnable
 .text.CyDmaChPriority
                0x00000804       0x24 .\CortexM3\ARM_GCC_541\Debug\SDHD_Lab3.a(CyDmac.o)
                0x00000804                CyDmaChPriority
 .text.CyDmaChSetExtendedAddress
                0x00000828       0x34 .\CortexM3\ARM_GCC_541\Debug\SDHD_Lab3.a(CyDmac.o)
                0x00000828                CyDmaChSetExtendedAddress
 .text.CyDmaChSetInitialTd
                0x0000085c       0x18 .\CortexM3\ARM_GCC_541\Debug\SDHD_Lab3.a(CyDmac.o)
                0x0000085c                CyDmaChSetInitialTd
 .text.CyDmaChSetConfiguration
                0x00000874       0x44 .\CortexM3\ARM_GCC_541\Debug\SDHD_Lab3.a(CyDmac.o)
                0x00000874                CyDmaChSetConfiguration
 .text.CyDmaTdAllocate
                0x000008b8       0x34 .\CortexM3\ARM_GCC_541\Debug\SDHD_Lab3.a(CyDmac.o)
                0x000008b8                CyDmaTdAllocate
 .text.CyDmaTdSetConfiguration
                0x000008ec       0x28 .\CortexM3\ARM_GCC_541\Debug\SDHD_Lab3.a(CyDmac.o)
                0x000008ec                CyDmaTdSetConfiguration
 .text.CyDmaTdSetAddress
                0x00000914       0x1c .\CortexM3\ARM_GCC_541\Debug\SDHD_Lab3.a(CyDmac.o)
                0x00000914                CyDmaTdSetAddress
 .text.CyHalt   0x00000930        0x4 .\CortexM3\ARM_GCC_541\Debug\SDHD_Lab3.a(CyLib.o)
                0x00000930                CyHalt
 .text.CyDelayUs
                0x00000934       0x14 .\CortexM3\ARM_GCC_541\Debug\SDHD_Lab3.a(CyLib.o)
                0x00000934                CyDelayUs
 .text.CyIntSetVector
                0x00000948       0x28 .\CortexM3\ARM_GCC_541\Debug\SDHD_Lab3.a(CyLib.o)
                0x00000948                CyIntSetVector
 .text.CyIntSetPriority
                0x00000970       0x30 .\CortexM3\ARM_GCC_541\Debug\SDHD_Lab3.a(CyLib.o)
                0x00000970                CyIntSetPriority
 .text.Red_LED_Write
                0x000009a0       0x18 .\CortexM3\ARM_GCC_541\Debug\SDHD_Lab3.a(Red_LED.o)
                0x000009a0                Red_LED_Write
 .text.WaveDAC_Enable
                0x000009b8       0x28 .\CortexM3\ARM_GCC_541\Debug\SDHD_Lab3.a(WaveDAC.o)
                0x000009b8                WaveDAC_Enable
 .text.WaveDAC_Wave1Setup
                0x000009e0       0x40 .\CortexM3\ARM_GCC_541\Debug\SDHD_Lab3.a(WaveDAC.o)
                0x000009e0                WaveDAC_Wave1Setup
 .text.WaveDAC_Wave2Setup
                0x00000a20       0x40 .\CortexM3\ARM_GCC_541\Debug\SDHD_Lab3.a(WaveDAC.o)
                0x00000a20                WaveDAC_Wave2Setup
 .text.WaveDAC_Init
                0x00000a60       0x40 .\CortexM3\ARM_GCC_541\Debug\SDHD_Lab3.a(WaveDAC.o)
                0x00000a60                WaveDAC_Init
 .text.WaveDAC_Start
                0x00000aa0       0x1c .\CortexM3\ARM_GCC_541\Debug\SDHD_Lab3.a(WaveDAC.o)
                0x00000aa0                WaveDAC_Start
 .text.ADC_DelSig_GainCompensation
                0x00000abc       0xe0 .\CortexM3\ARM_GCC_541\Debug\SDHD_Lab3.a(ADC_DelSig.o)
 .text.ADC_DelSig_SetDSMRef0Reg
                0x00000b9c       0x4c .\CortexM3\ARM_GCC_541\Debug\SDHD_Lab3.a(ADC_DelSig.o)
 .text.ADC_DelSig_InitConfig
                0x00000be8      0x338 .\CortexM3\ARM_GCC_541\Debug\SDHD_Lab3.a(ADC_DelSig.o)
 .text.ADC_DelSig_Init
                0x00000f20      0x108 .\CortexM3\ARM_GCC_541\Debug\SDHD_Lab3.a(ADC_DelSig.o)
                0x00000f20                ADC_DelSig_Init
 .text.ADC_DelSig_Enable
                0x00001028       0xd8 .\CortexM3\ARM_GCC_541\Debug\SDHD_Lab3.a(ADC_DelSig.o)
                0x00001028                ADC_DelSig_Enable
 .text.ADC_DelSig_Start
                0x00001100       0x28 .\CortexM3\ARM_GCC_541\Debug\SDHD_Lab3.a(ADC_DelSig.o)
                0x00001100                ADC_DelSig_Start
 .text.ADC_DelSig_StartConvert
                0x00001128       0x10 .\CortexM3\ARM_GCC_541\Debug\SDHD_Lab3.a(ADC_DelSig.o)
                0x00001128                ADC_DelSig_StartConvert
 .text.ADC_DelSig_IsEndConversion
                0x00001138       0x30 .\CortexM3\ARM_GCC_541\Debug\SDHD_Lab3.a(ADC_DelSig.o)
                0x00001138                ADC_DelSig_IsEndConversion
 .text.ADC_DelSig_GetResult32
                0x00001168       0x6c .\CortexM3\ARM_GCC_541\Debug\SDHD_Lab3.a(ADC_DelSig.o)
                0x00001168                ADC_DelSig_GetResult32
 .text.ADC_DelSig_ISR1
                0x000011d4        0x4 .\CortexM3\ARM_GCC_541\Debug\SDHD_Lab3.a(ADC_DelSig_INT.o)
                0x000011d4                ADC_DelSig_ISR1
 .text.ADC_DelSig_ISR2
                0x000011d8        0x4 .\CortexM3\ARM_GCC_541\Debug\SDHD_Lab3.a(ADC_DelSig_INT.o)
                0x000011d8                ADC_DelSig_ISR2
 .text.ADC_DelSig_ISR3
                0x000011dc        0x4 .\CortexM3\ARM_GCC_541\Debug\SDHD_Lab3.a(ADC_DelSig_INT.o)
                0x000011dc                ADC_DelSig_ISR3
 .text.ADC_DelSig_ISR4
                0x000011e0        0x4 .\CortexM3\ARM_GCC_541\Debug\SDHD_Lab3.a(ADC_DelSig_INT.o)
                0x000011e0                ADC_DelSig_ISR4
 .text.WaveDAC_DacClk_Start
                0x000011e4       0x1c .\CortexM3\ARM_GCC_541\Debug\SDHD_Lab3.a(WaveDAC_DacClk.o)
                0x000011e4                WaveDAC_DacClk_Start
 .text.WaveDAC_Wave1_DMA_DmaInitialize
                0x00001200       0x3c .\CortexM3\ARM_GCC_541\Debug\SDHD_Lab3.a(WaveDAC_Wave1_DMA_dma.o)
                0x00001200                WaveDAC_Wave1_DMA_DmaInitialize
 .text.WaveDAC_Wave2_DMA_DmaInitialize
                0x0000123c       0x3c .\CortexM3\ARM_GCC_541\Debug\SDHD_Lab3.a(WaveDAC_Wave2_DMA_dma.o)
                0x0000123c                WaveDAC_Wave2_DMA_DmaInitialize
 .text.WaveDAC_VDAC8_Enable
                0x00001278       0x1c .\CortexM3\ARM_GCC_541\Debug\SDHD_Lab3.a(WaveDAC_VDAC8.o)
                0x00001278                WaveDAC_VDAC8_Enable
 .text.WaveDAC_VDAC8_SetSpeed
                0x00001294       0x1c .\CortexM3\ARM_GCC_541\Debug\SDHD_Lab3.a(WaveDAC_VDAC8.o)
                0x00001294                WaveDAC_VDAC8_SetSpeed
 .text.WaveDAC_VDAC8_SetValue
                0x000012b0        0xc .\CortexM3\ARM_GCC_541\Debug\SDHD_Lab3.a(WaveDAC_VDAC8.o)
                0x000012b0                WaveDAC_VDAC8_SetValue
 .text.WaveDAC_VDAC8_DacTrim
                0x000012bc       0x24 .\CortexM3\ARM_GCC_541\Debug\SDHD_Lab3.a(WaveDAC_VDAC8.o)
                0x000012bc                WaveDAC_VDAC8_DacTrim
 .text.WaveDAC_VDAC8_SetRange
                0x000012e0       0x20 .\CortexM3\ARM_GCC_541\Debug\SDHD_Lab3.a(WaveDAC_VDAC8.o)
                0x000012e0                WaveDAC_VDAC8_SetRange
 .text.WaveDAC_VDAC8_Init
                0x00001300       0x2c .\CortexM3\ARM_GCC_541\Debug\SDHD_Lab3.a(WaveDAC_VDAC8.o)
                0x00001300                WaveDAC_VDAC8_Init
 .text.ADC_DelSig_AMux_Start
                0x0000132c       0x20 .\CortexM3\ARM_GCC_541\Debug\SDHD_Lab3.a(ADC_DelSig_AMux.o)
                0x0000132c                ADC_DelSig_AMux_Start
 .text.ADC_DelSig_AMux_Select
                0x0000134c       0x18 .\CortexM3\ARM_GCC_541\Debug\SDHD_Lab3.a(ADC_DelSig_AMux.o)
                0x0000134c                ADC_DelSig_AMux_Select
 .text.ADC_DelSig_Ext_CP_Clk_GetDividerRegister
                0x00001364        0xc .\CortexM3\ARM_GCC_541\Debug\SDHD_Lab3.a(ADC_DelSig_Ext_CP_Clk.o)
                0x00001364                ADC_DelSig_Ext_CP_Clk_GetDividerRegister
 .text.ADC_DelSig_Ext_CP_Clk_SetModeRegister
                0x00001370       0x14 .\CortexM3\ARM_GCC_541\Debug\SDHD_Lab3.a(ADC_DelSig_Ext_CP_Clk.o)
                0x00001370                ADC_DelSig_Ext_CP_Clk_SetModeRegister
 .text.ADC_DelSig_Ext_CP_Clk_GetSourceRegister
                0x00001384       0x10 .\CortexM3\ARM_GCC_541\Debug\SDHD_Lab3.a(ADC_DelSig_Ext_CP_Clk.o)
                0x00001384                ADC_DelSig_Ext_CP_Clk_GetSourceRegister
 .text.ADC_DelSig_Ext_CP_Clk_SetDividerRegister
                0x00001394       0xd8 .\CortexM3\ARM_GCC_541\Debug\SDHD_Lab3.a(ADC_DelSig_Ext_CP_Clk.o)
                0x00001394                ADC_DelSig_Ext_CP_Clk_SetDividerRegister
 .text.ADC_DelSig_theACLK_GetDividerRegister
                0x0000146c        0xc .\CortexM3\ARM_GCC_541\Debug\SDHD_Lab3.a(ADC_DelSig_theACLK.o)
                0x0000146c                ADC_DelSig_theACLK_GetDividerRegister
 .text.ADC_DelSig_theACLK_SetModeRegister
                0x00001478       0x14 .\CortexM3\ARM_GCC_541\Debug\SDHD_Lab3.a(ADC_DelSig_theACLK.o)
                0x00001478                ADC_DelSig_theACLK_SetModeRegister
 .text.ADC_DelSig_theACLK_GetSourceRegister
                0x0000148c       0x10 .\CortexM3\ARM_GCC_541\Debug\SDHD_Lab3.a(ADC_DelSig_theACLK.o)
                0x0000148c                ADC_DelSig_theACLK_GetSourceRegister
 .text.ADC_DelSig_theACLK_SetDividerRegister
                0x0000149c       0xd8 .\CortexM3\ARM_GCC_541\Debug\SDHD_Lab3.a(ADC_DelSig_theACLK.o)
                0x0000149c                ADC_DelSig_theACLK_SetDividerRegister
 .text.isr_UART_SetVector
                0x00001574        0xc .\CortexM3\ARM_GCC_541\Debug\SDHD_Lab3.a(isr_UART.o)
                0x00001574                isr_UART_SetVector
 .text.isr_UART_SetPriority
                0x00001580       0x10 .\CortexM3\ARM_GCC_541\Debug\SDHD_Lab3.a(isr_UART.o)
                0x00001580                isr_UART_SetPriority
 .text.isr_UART_Enable
                0x00001590        0xc .\CortexM3\ARM_GCC_541\Debug\SDHD_Lab3.a(isr_UART.o)
                0x00001590                isr_UART_Enable
 .text.isr_UART_Disable
                0x0000159c        0xc .\CortexM3\ARM_GCC_541\Debug\SDHD_Lab3.a(isr_UART.o)
                0x0000159c                isr_UART_Disable
 .text.isr_UART_StartEx
                0x000015a8       0x1c .\CortexM3\ARM_GCC_541\Debug\SDHD_Lab3.a(isr_UART.o)
                0x000015a8                isr_UART_StartEx
 .text.isr_UART_ClearPending
                0x000015c4        0xc .\CortexM3\ARM_GCC_541\Debug\SDHD_Lab3.a(isr_UART.o)
                0x000015c4                isr_UART_ClearPending
 .text.Green_LED_Write
                0x000015d0       0x18 .\CortexM3\ARM_GCC_541\Debug\SDHD_Lab3.a(Green_LED.o)
                0x000015d0                Green_LED_Write
 .text.Yellow_LED_Write
                0x000015e8       0x18 .\CortexM3\ARM_GCC_541\Debug\SDHD_Lab3.a(Yellow_LED.o)
                0x000015e8                Yellow_LED_Write
 .text.User_LED_Write
                0x00001600       0x18 .\CortexM3\ARM_GCC_541\Debug\SDHD_Lab3.a(User_LED.o)
                0x00001600                User_LED_Write
 .text          0x00001618       0x20 .\CortexM3\ARM_GCC_541\Debug\SDHD_Lab3.a(CyBootAsmGnu.o)
                0x00001618                CyDelayCycles
                0x00001628                CyEnterCriticalSection
                0x00001630                CyExitCriticalSection
 .text.fft_app  0x00001638       0x44 .\source\asw\fft_application\libfft_application.a(fft_application.o)
                0x00001638                fft_app
 .text.arm_split_rfft_q31
                0x0000167c      0x21c .\source\asw\fft_application\libfft_application.a(arm_rfft_q31.o)
                0x0000167c                arm_split_rfft_q31
 .text.arm_split_rifft_q31
                0x00001898      0x1bc .\source\asw\fft_application\libfft_application.a(arm_rfft_q31.o)
                0x00001898                arm_split_rifft_q31
 .text.arm_rfft_q31
                0x00001a54       0x70 .\source\asw\fft_application\libfft_application.a(arm_rfft_q31.o)
                0x00001a54                arm_rfft_q31
 .text.arm_rfft_init_q31
                0x00001ac4       0xf0 .\source\asw\fft_application\libfft_application.a(arm_rfft_init_q31.o)
                0x00001ac4                arm_rfft_init_q31
 .text.arm_cfft_radix4by2_q31
                0x00001bb4      0x18c .\source\asw\fft_application\libfft_application.a(arm_cfft_q31.o)
                0x00001bb4                arm_cfft_radix4by2_q31
 .text.arm_cfft_radix4by2_inverse_q31
                0x00001d40      0x18c .\source\asw\fft_application\libfft_application.a(arm_cfft_q31.o)
                0x00001d40                arm_cfft_radix4by2_inverse_q31
 .text.arm_cfft_q31
                0x00001ecc       0xbc .\source\asw\fft_application\libfft_application.a(arm_cfft_q31.o)
                0x00001ecc                arm_cfft_q31
 .text.arm_radix4_butterfly_q31
                0x00001f88      0x570 .\source\asw\fft_application\libfft_application.a(arm_cfft_radix4_q31.o)
                0x00001f88                arm_radix4_butterfly_q31
 .text.arm_radix4_butterfly_inverse_q31
                0x000024f8      0x570 .\source\asw\fft_application\libfft_application.a(arm_cfft_radix4_q31.o)
                0x000024f8                arm_radix4_butterfly_inverse_q31
 .text          0x00002a68       0xc0 .\source\asw\fft_application\libfft_application.a(arm_bitreversal2.o)
                0x00002a68                arm_bitreversal_32
                0x00002ad2                arm_bitreversal_16
 .text.__errno  0x00002b28        0xc c:/program files (x86)/cypress/psoc creator/4.4/psoc creator/import/gnu/arm/5.4.1/bin/../lib/gcc/arm-none-eabi/5.4.1/../../../../arm-none-eabi/lib/armv7-m\libg_nano.a(lib_a-errno.o)
                0x00002b28                __errno
 .text.__libc_init_array
                0x00002b34       0x4c c:/program files (x86)/cypress/psoc creator/4.4/psoc creator/import/gnu/arm/5.4.1/bin/../lib/gcc/arm-none-eabi/5.4.1/../../../../arm-none-eabi/lib/armv7-m\libg_nano.a(lib_a-init.o)
                0x00002b34                __libc_init_array
 .text.malloc   0x00002b80       0x10 c:/program files (x86)/cypress/psoc creator/4.4/psoc creator/import/gnu/arm/5.4.1/bin/../lib/gcc/arm-none-eabi/5.4.1/../../../../arm-none-eabi/lib/armv7-m\libg_nano.a(lib_a-malloc.o)
                0x00002b80                malloc
 .text.free     0x00002b90       0x10 c:/program files (x86)/cypress/psoc creator/4.4/psoc creator/import/gnu/arm/5.4.1/bin/../lib/gcc/arm-none-eabi/5.4.1/../../../../arm-none-eabi/lib/armv7-m\libg_nano.a(lib_a-malloc.o)
                0x00002b90                free
 .text.memcpy   0x00002ba0       0x16 c:/program files (x86)/cypress/psoc creator/4.4/psoc creator/import/gnu/arm/5.4.1/bin/../lib/gcc/arm-none-eabi/5.4.1/../../../../arm-none-eabi/lib/armv7-m\libg_nano.a(lib_a-memcpy-stub.o)
                0x00002ba0                memcpy
 .text.memset   0x00002bb6       0x10 c:/program files (x86)/cypress/psoc creator/4.4/psoc creator/import/gnu/arm/5.4.1/bin/../lib/gcc/arm-none-eabi/5.4.1/../../../../arm-none-eabi/lib/armv7-m\libg_nano.a(lib_a-memset.o)
                0x00002bb6                memset
 *fill*         0x00002bc6        0x2 
 .text._free_r  0x00002bc8       0x98 c:/program files (x86)/cypress/psoc creator/4.4/psoc creator/import/gnu/arm/5.4.1/bin/../lib/gcc/arm-none-eabi/5.4.1/../../../../arm-none-eabi/lib/armv7-m\libg_nano.a(lib_a-nano-freer.o)
                0x00002bc8                _free_r
 .text._malloc_r
                0x00002c60       0xbc c:/program files (x86)/cypress/psoc creator/4.4/psoc creator/import/gnu/arm/5.4.1/bin/../lib/gcc/arm-none-eabi/5.4.1/../../../../arm-none-eabi/lib/armv7-m\libg_nano.a(lib_a-nano-mallocr.o)
                0x00002c60                _malloc_r
 .text._sbrk_r  0x00002d1c       0x20 c:/program files (x86)/cypress/psoc creator/4.4/psoc creator/import/gnu/arm/5.4.1/bin/../lib/gcc/arm-none-eabi/5.4.1/../../../../arm-none-eabi/lib/armv7-m\libg_nano.a(lib_a-sbrkr.o)
                0x00002d1c                _sbrk_r
 .text.__malloc_lock
                0x00002d3c        0x2 c:/program files (x86)/cypress/psoc creator/4.4/psoc creator/import/gnu/arm/5.4.1/bin/../lib/gcc/arm-none-eabi/5.4.1/../../../../arm-none-eabi/lib/armv7-m\libg_nano.a(lib_a-mlock.o)
                0x00002d3c                __malloc_lock
 .text.__malloc_unlock
                0x00002d3e        0x2 c:/program files (x86)/cypress/psoc creator/4.4/psoc creator/import/gnu/arm/5.4.1/bin/../lib/gcc/arm-none-eabi/5.4.1/../../../../arm-none-eabi/lib/armv7-m\libg_nano.a(lib_a-mlock.o)
                0x00002d3e                __malloc_unlock
 *(.plt)
 *(.gnu.warning)
 *(.glue_7t)
 .glue_7t       0x00002d40        0x0 linker stubs
 *(.glue_7)
 .glue_7        0x00002d40        0x0 linker stubs
 *(.vfp11_veneer)
 .vfp11_veneer  0x00002d40        0x0 linker stubs
 *(.bootloader)
 *(.ARM.extab* .gnu.linkonce.armextab.*)
 *(.gcc_except_table)

.v4_bx          0x00002d40        0x0
 .v4_bx         0x00002d40        0x0 linker stubs

.iplt           0x00002d40        0x0
 .iplt          0x00002d40        0x0 c:/program files (x86)/cypress/psoc creator/4.4/psoc creator/import/gnu/arm/5.4.1/bin/../lib/gcc/arm-none-eabi/5.4.1/armv7-m/crtbegin.o

.eh_frame_hdr
 *(.eh_frame_hdr)

.eh_frame       0x00002d40        0x4
 *(.eh_frame)
 .eh_frame      0x00002d40        0x0 c:/program files (x86)/cypress/psoc creator/4.4/psoc creator/import/gnu/arm/5.4.1/bin/../lib/gcc/arm-none-eabi/5.4.1/armv7-m/crtbegin.o
 .eh_frame      0x00002d40        0x4 c:/program files (x86)/cypress/psoc creator/4.4/psoc creator/import/gnu/arm/5.4.1/bin/../lib/gcc/arm-none-eabi/5.4.1/armv7-m/crtend.o
                [!provide]                PROVIDE (__exidx_start, .)

.ARM.exidx
 *(.ARM.exidx* .gnu.linkonce.armexidx.*)
                0x00002d44                __exidx_end = .

.rodata         0x00002d44    0x202fc
 *(.rodata .rodata.* .gnu.linkonce.r.*)
 .rodata        0x00002d44       0x4e .\CortexM3\ARM_GCC_541\Debug\cyfitter_cfg.o
                0x00002d44                ADC_DelSig_AMux__addrTable
                0x00002d4c                ADC_DelSig_AMux__maskTable
 *fill*         0x00002d92        0x2 
 .rodata        0x00002d94      0x44c .\CortexM3\ARM_GCC_541\Debug\SDHD_Lab3.a(WaveDAC.o)
                0x00002d94                WaveDAC_wave1
                0x0000317c                WaveDAC_wave2
 .rodata.realCoefAQ31
                0x000031e0     0x8000 .\source\asw\fft_application\libfft_application.a(arm_rfft_init_q31.o)
                0x000031e0                realCoefAQ31
 .rodata.realCoefBQ31
                0x0000b1e0     0x8000 .\source\asw\fft_application\libfft_application.a(arm_rfft_init_q31.o)
                0x0000b1e0                realCoefBQ31
 .rodata.arm_cfft_sR_q31_len32
                0x000131e0       0x10 .\source\asw\fft_application\libfft_application.a(arm_const_structs.o)
                0x000131e0                arm_cfft_sR_q31_len32
 .rodata.arm_cfft_sR_q31_len512
                0x000131f0       0x10 .\source\asw\fft_application\libfft_application.a(arm_const_structs.o)
                0x000131f0                arm_cfft_sR_q31_len512
 .rodata.arm_cfft_sR_q31_len16
                0x00013200       0x10 .\source\asw\fft_application\libfft_application.a(arm_const_structs.o)
                0x00013200                arm_cfft_sR_q31_len16
 .rodata.arm_cfft_sR_q31_len256
                0x00013210       0x10 .\source\asw\fft_application\libfft_application.a(arm_const_structs.o)
                0x00013210                arm_cfft_sR_q31_len256
 .rodata.arm_cfft_sR_q31_len1024
                0x00013220       0x10 .\source\asw\fft_application\libfft_application.a(arm_const_structs.o)
                0x00013220                arm_cfft_sR_q31_len1024
 .rodata.arm_cfft_sR_q31_len64
                0x00013230       0x10 .\source\asw\fft_application\libfft_application.a(arm_const_structs.o)
                0x00013230                arm_cfft_sR_q31_len64
 .rodata.arm_cfft_sR_q31_len128
                0x00013240       0x10 .\source\asw\fft_application\libfft_application.a(arm_const_structs.o)
                0x00013240                arm_cfft_sR_q31_len128
 .rodata.arm_cfft_sR_q31_len2048
                0x00013250       0x10 .\source\asw\fft_application\libfft_application.a(arm_const_structs.o)
                0x00013250                arm_cfft_sR_q31_len2048
 .rodata.arm_cfft_sR_q31_len4096
                0x00013260       0x10 .\source\asw\fft_application\libfft_application.a(arm_const_structs.o)
                0x00013260                arm_cfft_sR_q31_len4096
 .rodata.armBitRevIndexTable_fixed_128
                0x00013270       0xe0 .\source\asw\fft_application\libfft_application.a(arm_common_tables.o)
                0x00013270                armBitRevIndexTable_fixed_128
 .rodata.armBitRevIndexTable_fixed_2048
                0x00013350      0xf80 .\source\asw\fft_application\libfft_application.a(arm_common_tables.o)
                0x00013350                armBitRevIndexTable_fixed_2048
 .rodata.twiddleCoef_32_q31
                0x000142d0       0xc0 .\source\asw\fft_application\libfft_application.a(arm_common_tables.o)
                0x000142d0                twiddleCoef_32_q31
 .rodata.armBitRevIndexTable_fixed_4096
                0x00014390     0x1f80 .\source\asw\fft_application\libfft_application.a(arm_common_tables.o)
                0x00014390                armBitRevIndexTable_fixed_4096
 .rodata.armBitRevIndexTable_fixed_1024
                0x00016310      0x7c0 .\source\asw\fft_application\libfft_application.a(arm_common_tables.o)
                0x00016310                armBitRevIndexTable_fixed_1024
 .rodata.twiddleCoef_1024_q31
                0x00016ad0     0x1800 .\source\asw\fft_application\libfft_application.a(arm_common_tables.o)
                0x00016ad0                twiddleCoef_1024_q31
 .rodata.twiddleCoef_4096_q31
                0x000182d0     0x6000 .\source\asw\fft_application\libfft_application.a(arm_common_tables.o)
                0x000182d0                twiddleCoef_4096_q31
 .rodata.twiddleCoef_16_q31
                0x0001e2d0       0x60 .\source\asw\fft_application\libfft_application.a(arm_common_tables.o)
                0x0001e2d0                twiddleCoef_16_q31
 .rodata.twiddleCoef_64_q31
                0x0001e330      0x180 .\source\asw\fft_application\libfft_application.a(arm_common_tables.o)
                0x0001e330                twiddleCoef_64_q31
 .rodata.twiddleCoef_2048_q31
                0x0001e4b0     0x3000 .\source\asw\fft_application\libfft_application.a(arm_common_tables.o)
                0x0001e4b0                twiddleCoef_2048_q31
 .rodata.twiddleCoef_256_q31
                0x000214b0      0x600 .\source\asw\fft_application\libfft_application.a(arm_common_tables.o)
                0x000214b0                twiddleCoef_256_q31
 .rodata.twiddleCoef_512_q31
                0x00021ab0      0xc00 .\source\asw\fft_application\libfft_application.a(arm_common_tables.o)
                0x00021ab0                twiddleCoef_512_q31
 .rodata.armBitRevIndexTable_fixed_512
                0x000226b0      0x3c0 .\source\asw\fft_application\libfft_application.a(arm_common_tables.o)
                0x000226b0                armBitRevIndexTable_fixed_512
 .rodata.armBitRevIndexTable_fixed_16
                0x00022a70       0x18 .\source\asw\fft_application\libfft_application.a(arm_common_tables.o)
                0x00022a70                armBitRevIndexTable_fixed_16
 .rodata.armBitRevIndexTable_fixed_32
                0x00022a88       0x30 .\source\asw\fft_application\libfft_application.a(arm_common_tables.o)
                0x00022a88                armBitRevIndexTable_fixed_32
 .rodata.armBitRevIndexTable_fixed_256
                0x00022ab8      0x1e0 .\source\asw\fft_application\libfft_application.a(arm_common_tables.o)
                0x00022ab8                armBitRevIndexTable_fixed_256
 .rodata.armBitRevIndexTable_fixed_64
                0x00022c98       0x70 .\source\asw\fft_application\libfft_application.a(arm_common_tables.o)
                0x00022c98                armBitRevIndexTable_fixed_64
 .rodata.twiddleCoef_128_q31
                0x00022d08      0x300 .\source\asw\fft_application\libfft_application.a(arm_common_tables.o)
                0x00022d08                twiddleCoef_128_q31
 .rodata.str1.1
                0x00023008        0x2 c:/program files (x86)/cypress/psoc creator/4.4/psoc creator/import/gnu/arm/5.4.1/bin/../lib/gcc/arm-none-eabi/5.4.1/../../../../arm-none-eabi/lib/armv7-m\libg_nano.a(lib_a-impure.o)
                0x0002300c                . = ALIGN (0x4)
 *fill*         0x0002300a        0x2 
 *(.init)
 .init          0x0002300c        0x4 c:/program files (x86)/cypress/psoc creator/4.4/psoc creator/import/gnu/arm/5.4.1/bin/../lib/gcc/arm-none-eabi/5.4.1/armv7-m/crti.o
                0x0002300c                _init
 .init          0x00023010        0x8 c:/program files (x86)/cypress/psoc creator/4.4/psoc creator/import/gnu/arm/5.4.1/bin/../lib/gcc/arm-none-eabi/5.4.1/armv7-m/crtn.o
                0x00023018                . = ALIGN (0x4)
                0x00023018                __preinit_array_start = .
 *(.preinit_array)
                0x00023018                __preinit_array_end = .
                0x00023018                . = ALIGN (0x4)
                0x00023018                __init_array_start = .
 *(SORT(.init_array.*))
 *(.init_array)
 .init_array    0x00023018        0x4 c:/program files (x86)/cypress/psoc creator/4.4/psoc creator/import/gnu/arm/5.4.1/bin/../lib/gcc/arm-none-eabi/5.4.1/armv7-m/crtbegin.o
 .init_array    0x0002301c        0x4 .\CortexM3\ARM_GCC_541\Debug\Cm3Start.o
                0x00023020                __init_array_end = .
                0x00023020                . = ALIGN (0x4)
 *(.fini)
 .fini          0x00023020        0x4 c:/program files (x86)/cypress/psoc creator/4.4/psoc creator/import/gnu/arm/5.4.1/bin/../lib/gcc/arm-none-eabi/5.4.1/armv7-m/crti.o
                0x00023020                _fini
 .fini          0x00023024        0x8 c:/program files (x86)/cypress/psoc creator/4.4/psoc creator/import/gnu/arm/5.4.1/bin/../lib/gcc/arm-none-eabi/5.4.1/armv7-m/crtn.o
                0x0002302c                . = ALIGN (0x4)
                0x0002302c                __fini_array_start = .
 *(.fini_array)
 .fini_array    0x0002302c        0x4 c:/program files (x86)/cypress/psoc creator/4.4/psoc creator/import/gnu/arm/5.4.1/bin/../lib/gcc/arm-none-eabi/5.4.1/armv7-m/crtbegin.o
 *(SORT(.fini_array.*))
                0x00023030                __fini_array_end = .
                0x00023030                . = ALIGN (0x4)
 *crtbegin.o(.ctors)
 *(EXCLUDE_FILE(*crtend.o) .ctors)
 *(SORT(.ctors.*))
 *crtend.o(.ctors)
                0x00023030                . = ALIGN (0x4)
 *crtbegin.o(.dtors)
 *(EXCLUDE_FILE(*crtend.o) .dtors)
 *(SORT(.dtors.*))
 *crtend.o(.dtors)
                0x00023030                . = ALIGN (0x4)
                0x00023030                __cy_regions = .
                0x00023030        0x4 LONG 0x23040 __cy_region_init_ram
                0x00023034        0x4 LONG 0x1fff80c8 __cy_region_start_data
                0x00023038        0x4 LONG 0x88 __cy_region_init_size_ram
                0x0002303c        0x4 LONG 0x2058 __cy_region_zero_size_ram
                0x00023040                __cy_regions_end = .
                0x00023040                . = ALIGN (0x8)
                0x00023040                _etext = .

.cy_checksum_exclude
                0x00023040        0x0
 *(.cy_checksum_exclude)

.ramvectors     0x1fff8000       0xc0
                0x1fff8000                __cy_region_start_ram = .
 *(.ramvectors)
 .ramvectors    0x1fff8000       0xc0 .\CortexM3\ARM_GCC_541\Debug\Cm3Start.o
                0x1fff8000                CyRamVectors

.noinit         0x1fff80c0        0x1
 *(.noinit)
 .noinit        0x1fff80c0        0x1 .\CortexM3\ARM_GCC_541\Debug\SDHD_Lab3.a(CyLib.o)
                0x1fff80c0                CyResetStatus

.data           0x1fff80c8       0x88 load address 0x00023040
                0x1fff80c8                __cy_region_start_data = .
 *(.jcr)
 .jcr           0x1fff80c8        0x0 c:/program files (x86)/cypress/psoc creator/4.4/psoc creator/import/gnu/arm/5.4.1/bin/../lib/gcc/arm-none-eabi/5.4.1/armv7-m/crtbegin.o
 .jcr           0x1fff80c8        0x4 c:/program files (x86)/cypress/psoc creator/4.4/psoc creator/import/gnu/arm/5.4.1/bin/../lib/gcc/arm-none-eabi/5.4.1/armv7-m/crtend.o
 *(.got.plt)
 *(.got)
 *(.shdata)
 *(.data .data.* .gnu.linkonce.d.*)
 .data          0x1fff80cc        0x4 .\CortexM3\ARM_GCC_541\Debug\Cm3Start.o
 .data          0x1fff80d0        0x8 .\CortexM3\ARM_GCC_541\Debug\SDHD_Lab3.a(CyDmac.o)
 .data          0x1fff80d8       0x10 .\CortexM3\ARM_GCC_541\Debug\SDHD_Lab3.a(CyLib.o)
                0x1fff80d8                cydelay_32k_ms
                0x1fff80dc                cydelay_freq_khz
                0x1fff80e0                cydelay_freq_mhz
                0x1fff80e4                cydelay_freq_hz
 .data          0x1fff80e8        0x1 .\CortexM3\ARM_GCC_541\Debug\SDHD_Lab3.a(ADC_DelSig.o)
                0x1fff80e8                ADC_DelSig_Config
 .data          0x1fff80e9        0x1 .\CortexM3\ARM_GCC_541\Debug\SDHD_Lab3.a(WaveDAC_Wave1_DMA_dma.o)
                0x1fff80e9                WaveDAC_Wave1_DMA_DmaHandle
 .data          0x1fff80ea        0x1 .\CortexM3\ARM_GCC_541\Debug\SDHD_Lab3.a(WaveDAC_Wave2_DMA_dma.o)
                0x1fff80ea                WaveDAC_Wave2_DMA_DmaHandle
 .data          0x1fff80eb        0x1 .\CortexM3\ARM_GCC_541\Debug\SDHD_Lab3.a(ADC_DelSig_AMux.o)
 .data.impure_data
                0x1fff80ec       0x60 c:/program files (x86)/cypress/psoc creator/4.4/psoc creator/import/gnu/arm/5.4.1/bin/../lib/gcc/arm-none-eabi/5.4.1/../../../../arm-none-eabi/lib/armv7-m\libg_nano.a(lib_a-impure.o)
 .data._impure_ptr
                0x1fff814c        0x4 c:/program files (x86)/cypress/psoc creator/4.4/psoc creator/import/gnu/arm/5.4.1/bin/../lib/gcc/arm-none-eabi/5.4.1/../../../../arm-none-eabi/lib/armv7-m\libg_nano.a(lib_a-impure.o)
                0x1fff814c                _impure_ptr
                0x1fff8150                . = ALIGN (0x8)
 *(.ram)
                0x1fff8150                _edata = .

.igot.plt       0x1fff8150        0x0 load address 0x000230c8
 .igot.plt      0x1fff8150        0x0 c:/program files (x86)/cypress/psoc creator/4.4/psoc creator/import/gnu/arm/5.4.1/bin/../lib/gcc/arm-none-eabi/5.4.1/armv7-m/crtbegin.o

.bss            0x1fff8150     0x2058 load address 0x000230c8
                0x1fff8150                PROVIDE (__bss_start__, .)
 *(.shbss)
 *(.bss .bss.* .gnu.linkonce.b.*)
 .bss           0x1fff8150       0x1c c:/program files (x86)/cypress/psoc creator/4.4/psoc creator/import/gnu/arm/5.4.1/bin/../lib/gcc/arm-none-eabi/5.4.1/armv7-m/crtbegin.o
 .bss           0x1fff816c     0x2008 .\CortexM3\ARM_GCC_541\Debug\statemachine.o
                0x1fff816c                push_button_toggle
                0x1fff816d                sChRx
                0x1fff816e                oChRx
                0x1fff816f                State
                0x1fff8170                count
                0x1fff8174                FFT_SamplesArray
 .bss           0x1fffa174        0x2 .\CortexM3\ARM_GCC_541\Debug\SDHD_Lab3.a(UART_LOG.o)
                0x1fffa174                UART_LOG_initVar
 .bss           0x1fffa176        0x5 .\CortexM3\ARM_GCC_541\Debug\SDHD_Lab3.a(WaveDAC.o)
                0x1fffa17a                WaveDAC_initVar
 *fill*         0x1fffa17b        0x1 
 .bss           0x1fffa17c       0x18 .\CortexM3\ARM_GCC_541\Debug\SDHD_Lab3.a(ADC_DelSig.o)
                0x1fffa18c                ADC_DelSig_stopConversion
                0x1fffa18d                ADC_DelSig_convDone
                0x1fffa18e                ADC_DelSig_initVar
                0x1fffa18f                ADC_DelSig_started
                0x1fffa190                ADC_DelSig_Offset
 .bss.__malloc_sbrk_start
                0x1fffa194        0x4 c:/program files (x86)/cypress/psoc creator/4.4/psoc creator/import/gnu/arm/5.4.1/bin/../lib/gcc/arm-none-eabi/5.4.1/../../../../arm-none-eabi/lib/armv7-m\libg_nano.a(lib_a-nano-mallocr.o)
                0x1fffa194                __malloc_sbrk_start
 .bss.__malloc_free_list
                0x1fffa198        0x4 c:/program files (x86)/cypress/psoc creator/4.4/psoc creator/import/gnu/arm/5.4.1/bin/../lib/gcc/arm-none-eabi/5.4.1/../../../../arm-none-eabi/lib/armv7-m\libg_nano.a(lib_a-nano-mallocr.o)
                0x1fffa198                __malloc_free_list
 *(COMMON)
 COMMON         0x1fffa19c        0x1 .\CortexM3\ARM_GCC_541\Debug\statemachine.o
                0x1fffa19c                rxDataCh
 *fill*         0x1fffa19d        0x3 
 COMMON         0x1fffa1a0        0x4 .\CortexM3\ARM_GCC_541\Debug\SDHD_Lab3.a(ADC_DelSig.o)
                0x1fffa1a0                ADC_DelSig_CountsPerVolt
 COMMON         0x1fffa1a4        0x4 c:/program files (x86)/cypress/psoc creator/4.4/psoc creator/import/gnu/arm/5.4.1/bin/../lib/gcc/arm-none-eabi/5.4.1/../../../../arm-none-eabi/lib/armv7-m\libg_nano.a(lib_a-reent.o)
                0x1fffa1a4                errno
                0x1fffa1a8                . = ALIGN (0x8)
 *(.ram.b)
                0x1fffa1a8                _end = .
                0x1fffa1a8                __end = .
                0x1fffa1a8                PROVIDE (end, .)
                0x1fffa1a8                PROVIDE (__bss_end__, .)
                0x00023040                __cy_region_init_ram = LOADADDR (.data)
                0x00000088                __cy_region_init_size_ram = (_edata - ADDR (.data))
                0x00002058                __cy_region_zero_size_ram = (_end - _edata)

.heap           0x1fffa1a8     0x2000 load address 0x000230c8
                0x1fffa1a8                . = _end
                0x1fffc1a8                . = (. + 0x2000)
 *fill*         0x1fffa1a8     0x2000 
                0x1fffc1a8                __cy_heap_limit = .

.stack          0x20007800      0x800
                0x20007800                __cy_stack_limit = .
                0x20008000                . = (. + 0x800)
 *fill*         0x20007800      0x800 
                0x00000001                ASSERT ((__cy_stack_limit >= __cy_heap_limit), region RAM overflowed with stack)
                0x00000000                cy_checksum_exclude_size = (CY_APPL_LOADABLE == 0x1)?SIZEOF (.cy_checksum_exclude):0x0
                0x00000001                ASSERT ((cy_checksum_exclude_size <= CY_CHECKSUM_EXCLUDE_SIZE), CY_BOOT: Section .cy_checksum_exclude size exceedes specified limit.)

.cyloadermeta
 *(.cyloadermeta)

.cyloadablemeta
 *(.cyloadablemeta)

.cyconfigecc    0x80000000      0x468
 *(.cyconfigecc)
 .cyconfigecc   0x80000000      0x468 .\CortexM3\ARM_GCC_541\Debug\cymetadata.o
                0x80000000                cy_meta_configecc

.cycustnvl      0x90000000        0x4
 *(.cycustnvl)
 .cycustnvl     0x90000000        0x4 .\CortexM3\ARM_GCC_541\Debug\cymetadata.o
                0x90000000                cy_meta_custnvl

.cywolatch      0x90100000        0x4
 *(.cywolatch)
 .cywolatch     0x90100000        0x4 .\CortexM3\ARM_GCC_541\Debug\cymetadata.o
                0x90100000                cy_meta_wonvl

.cyeeprom       0x90200000        0x0
 *(.cyeeprom)
                0x00000001                ASSERT ((. <= ((0x90200000 + ee_offset) + ee_size)), .cyeeprom data will not fit in EEPROM)

.cyflashprotect
                0x90400000      0x100
 *(.cyflashprotect)
 .cyflashprotect
                0x90400000      0x100 .\CortexM3\ARM_GCC_541\Debug\cymetadata.o
                0x90400000                cy_meta_flashprotect

.cymeta         0x90500000        0xc
 *(.cymeta)
 .cymeta        0x90500000        0xc .\CortexM3\ARM_GCC_541\Debug\cymetadata.o
                0x90500000                cy_metadata

.rel.dyn        0x000230c8        0x0 load address 0x9050000c
 .rel.iplt      0x000230c8        0x0 c:/program files (x86)/cypress/psoc creator/4.4/psoc creator/import/gnu/arm/5.4.1/bin/../lib/gcc/arm-none-eabi/5.4.1/armv7-m/crtbegin.o

.stab
 *(.stab)

.stabstr
 *(.stabstr)

.debug
 *(.debug)

.line
 *(.line)

.debug_srcinfo
 *(.debug_srcinfo)

.debug_sfnames
 *(.debug_sfnames)

.debug_aranges  0x00000000      0xea8
 *(.debug_aranges)
 .debug_aranges
                0x00000000       0x20 .\CortexM3\ARM_GCC_541\Debug\main.o
 .debug_aranges
                0x00000020       0x38 .\CortexM3\ARM_GCC_541\Debug\statemachine.o
 .debug_aranges
                0x00000058       0x68 .\CortexM3\ARM_GCC_541\Debug\cyfitter_cfg.o
 .debug_aranges
                0x000000c0       0x18 .\CortexM3\ARM_GCC_541\Debug\cymetadata.o
 .debug_aranges
                0x000000d8       0x48 .\CortexM3\ARM_GCC_541\Debug\Cm3Start.o
 .debug_aranges
                0x00000120       0xf0 .\CortexM3\ARM_GCC_541\Debug\SDHD_Lab3.a(UART_LOG.o)
 .debug_aranges
                0x00000210       0x80 .\CortexM3\ARM_GCC_541\Debug\SDHD_Lab3.a(isr_PushButton.o)
 .debug_aranges
                0x00000290       0x48 .\CortexM3\ARM_GCC_541\Debug\SDHD_Lab3.a(Push_Button.o)
 .debug_aranges
                0x000002d8       0x70 .\CortexM3\ARM_GCC_541\Debug\SDHD_Lab3.a(UART_LOG_IntClock.o)
 .debug_aranges
                0x00000348       0xd8 .\CortexM3\ARM_GCC_541\Debug\SDHD_Lab3.a(CyDmac.o)
 .debug_aranges
                0x00000420      0x2a0 .\CortexM3\ARM_GCC_541\Debug\SDHD_Lab3.a(CyLib.o)
 .debug_aranges
                0x000006c0       0x98 .\CortexM3\ARM_GCC_541\Debug\SDHD_Lab3.a(cyPm.o)
 .debug_aranges
                0x00000758       0x38 .\CortexM3\ARM_GCC_541\Debug\SDHD_Lab3.a(Red_LED.o)
 .debug_aranges
                0x00000790       0x50 .\CortexM3\ARM_GCC_541\Debug\SDHD_Lab3.a(WaveDAC.o)
 .debug_aranges
                0x000007e0       0xe8 .\CortexM3\ARM_GCC_541\Debug\SDHD_Lab3.a(ADC_DelSig.o)
 .debug_aranges
                0x000008c8       0x38 .\CortexM3\ARM_GCC_541\Debug\SDHD_Lab3.a(ADC_DelSig_INT.o)
 .debug_aranges
                0x00000900       0x70 .\CortexM3\ARM_GCC_541\Debug\SDHD_Lab3.a(WaveDAC_DacClk.o)
 .debug_aranges
                0x00000970       0x28 .\CortexM3\ARM_GCC_541\Debug\SDHD_Lab3.a(WaveDAC_Wave1_DMA_dma.o)
 .debug_aranges
                0x00000998       0x28 .\CortexM3\ARM_GCC_541\Debug\SDHD_Lab3.a(WaveDAC_Wave2_DMA_dma.o)
 .debug_aranges
                0x000009c0       0x58 .\CortexM3\ARM_GCC_541\Debug\SDHD_Lab3.a(WaveDAC_VDAC8.o)
 .debug_aranges
                0x00000a18       0x30 .\CortexM3\ARM_GCC_541\Debug\SDHD_Lab3.a(ADC_DelSig_AMux.o)
 .debug_aranges
                0x00000a48       0x70 .\CortexM3\ARM_GCC_541\Debug\SDHD_Lab3.a(ADC_DelSig_Ext_CP_Clk.o)
 .debug_aranges
                0x00000ab8       0x80 .\CortexM3\ARM_GCC_541\Debug\SDHD_Lab3.a(ADC_DelSig_theACLK.o)
 .debug_aranges
                0x00000b38       0x80 .\CortexM3\ARM_GCC_541\Debug\SDHD_Lab3.a(isr_UART.o)
 .debug_aranges
                0x00000bb8       0x38 .\CortexM3\ARM_GCC_541\Debug\SDHD_Lab3.a(Green_LED.o)
 .debug_aranges
                0x00000bf0       0x38 .\CortexM3\ARM_GCC_541\Debug\SDHD_Lab3.a(Yellow_LED.o)
 .debug_aranges
                0x00000c28       0x38 .\CortexM3\ARM_GCC_541\Debug\SDHD_Lab3.a(User_LED.o)
 .debug_aranges
                0x00000c60       0x20 .\CortexM3\ARM_GCC_541\Debug\SDHD_Lab3.a(CyBootAsmGnu.o)
 .debug_aranges
                0x00000c80       0x88 .\CortexM3\ARM_GCC_541\Debug\SDHD_Lab3.a(CyFlash.o)
 .debug_aranges
                0x00000d08       0x80 .\CortexM3\ARM_GCC_541\Debug\SDHD_Lab3.a(CySpc.o)
 .debug_aranges
                0x00000d88       0x20 .\source\asw\fft_application\libfft_application.a(fft_application.o)
 .debug_aranges
                0x00000da8       0x30 .\source\asw\fft_application\libfft_application.a(arm_rfft_q31.o)
 .debug_aranges
                0x00000dd8       0x20 .\source\asw\fft_application\libfft_application.a(arm_rfft_init_q31.o)
 .debug_aranges
                0x00000df8       0x30 .\source\asw\fft_application\libfft_application.a(arm_cfft_q31.o)
 .debug_aranges
                0x00000e28       0x30 .\source\asw\fft_application\libfft_application.a(arm_cfft_radix4_q31.o)
 .debug_aranges
                0x00000e58       0x18 .\source\asw\fft_application\libfft_application.a(arm_const_structs.o)
 .debug_aranges
                0x00000e70       0x20 .\source\asw\fft_application\libfft_application.a(arm_bitreversal2.o)
 .debug_aranges
                0x00000e90       0x18 .\source\asw\fft_application\libfft_application.a(arm_common_tables.o)

.debug_pubnames
 *(.debug_pubnames)

.debug_info     0x00000000     0xa994
 *(.debug_info .gnu.linkonce.wi.*)
 .debug_info    0x00000000      0x15e .\CortexM3\ARM_GCC_541\Debug\main.o
 .debug_info    0x0000015e      0x510 .\CortexM3\ARM_GCC_541\Debug\statemachine.o
 .debug_info    0x0000066e      0x6c5 .\CortexM3\ARM_GCC_541\Debug\cyfitter_cfg.o
 .debug_info    0x00000d33      0x136 .\CortexM3\ARM_GCC_541\Debug\cymetadata.o
 .debug_info    0x00000e69      0x3cf .\CortexM3\ARM_GCC_541\Debug\Cm3Start.o
 .debug_info    0x00001238      0x60c .\CortexM3\ARM_GCC_541\Debug\SDHD_Lab3.a(UART_LOG.o)
 .debug_info    0x00001844      0x2d2 .\CortexM3\ARM_GCC_541\Debug\SDHD_Lab3.a(isr_PushButton.o)
 .debug_info    0x00001b16      0x174 .\CortexM3\ARM_GCC_541\Debug\SDHD_Lab3.a(Push_Button.o)
 .debug_info    0x00001c8a      0x283 .\CortexM3\ARM_GCC_541\Debug\SDHD_Lab3.a(UART_LOG_IntClock.o)
 .debug_info    0x00001f0d      0x94e .\CortexM3\ARM_GCC_541\Debug\SDHD_Lab3.a(CyDmac.o)
 .debug_info    0x0000285b     0x1374 .\CortexM3\ARM_GCC_541\Debug\SDHD_Lab3.a(CyLib.o)
 .debug_info    0x00003bcf      0xa2a .\CortexM3\ARM_GCC_541\Debug\SDHD_Lab3.a(cyPm.o)
 .debug_info    0x000045f9      0x11f .\CortexM3\ARM_GCC_541\Debug\SDHD_Lab3.a(Red_LED.o)
 .debug_info    0x00004718      0x519 .\CortexM3\ARM_GCC_541\Debug\SDHD_Lab3.a(WaveDAC.o)
 .debug_info    0x00004c31      0xbed .\CortexM3\ARM_GCC_541\Debug\SDHD_Lab3.a(ADC_DelSig.o)
 .debug_info    0x0000581e       0xd3 .\CortexM3\ARM_GCC_541\Debug\SDHD_Lab3.a(ADC_DelSig_INT.o)
 .debug_info    0x000058f1      0x283 .\CortexM3\ARM_GCC_541\Debug\SDHD_Lab3.a(WaveDAC_DacClk.o)
 .debug_info    0x00005b74      0x1aa .\CortexM3\ARM_GCC_541\Debug\SDHD_Lab3.a(WaveDAC_Wave1_DMA_dma.o)
 .debug_info    0x00005d1e      0x1a7 .\CortexM3\ARM_GCC_541\Debug\SDHD_Lab3.a(WaveDAC_Wave2_DMA_dma.o)
 .debug_info    0x00005ec5      0x1de .\CortexM3\ARM_GCC_541\Debug\SDHD_Lab3.a(WaveDAC_VDAC8.o)
 .debug_info    0x000060a3      0x165 .\CortexM3\ARM_GCC_541\Debug\SDHD_Lab3.a(ADC_DelSig_AMux.o)
 .debug_info    0x00006208      0x283 .\CortexM3\ARM_GCC_541\Debug\SDHD_Lab3.a(ADC_DelSig_Ext_CP_Clk.o)
 .debug_info    0x0000648b      0x2c4 .\CortexM3\ARM_GCC_541\Debug\SDHD_Lab3.a(ADC_DelSig_theACLK.o)
 .debug_info    0x0000674f      0x2d2 .\CortexM3\ARM_GCC_541\Debug\SDHD_Lab3.a(isr_UART.o)
 .debug_info    0x00006a21      0x11f .\CortexM3\ARM_GCC_541\Debug\SDHD_Lab3.a(Green_LED.o)
 .debug_info    0x00006b40      0x11f .\CortexM3\ARM_GCC_541\Debug\SDHD_Lab3.a(Yellow_LED.o)
 .debug_info    0x00006c5f      0x11f .\CortexM3\ARM_GCC_541\Debug\SDHD_Lab3.a(User_LED.o)
 .debug_info    0x00006d7e       0x8b .\CortexM3\ARM_GCC_541\Debug\SDHD_Lab3.a(CyBootAsmGnu.o)
 .debug_info    0x00006e09      0x64d .\CortexM3\ARM_GCC_541\Debug\SDHD_Lab3.a(CyFlash.o)
 .debug_info    0x00007456      0x550 .\CortexM3\ARM_GCC_541\Debug\SDHD_Lab3.a(CySpc.o)
 .debug_info    0x000079a6      0x36c .\source\asw\fft_application\libfft_application.a(fft_application.o)
 .debug_info    0x00007d12      0x4f7 .\source\asw\fft_application\libfft_application.a(arm_rfft_q31.o)
 .debug_info    0x00008209      0x327 .\source\asw\fft_application\libfft_application.a(arm_rfft_init_q31.o)
 .debug_info    0x00008530      0x4a3 .\source\asw\fft_application\libfft_application.a(arm_cfft_q31.o)
 .debug_info    0x000089d3      0x815 .\source\asw\fft_application\libfft_application.a(arm_cfft_radix4_q31.o)
 .debug_info    0x000091e8      0xd8a .\source\asw\fft_application\libfft_application.a(arm_const_structs.o)
 .debug_info    0x00009f72       0xac .\source\asw\fft_application\libfft_application.a(arm_bitreversal2.o)
 .debug_info    0x0000a01e      0x976 .\source\asw\fft_application\libfft_application.a(arm_common_tables.o)

.debug_abbrev   0x00000000     0x2972
 *(.debug_abbrev)
 .debug_abbrev  0x00000000       0xdc .\CortexM3\ARM_GCC_541\Debug\main.o
 .debug_abbrev  0x000000dc      0x13d .\CortexM3\ARM_GCC_541\Debug\statemachine.o
 .debug_abbrev  0x00000219      0x22d .\CortexM3\ARM_GCC_541\Debug\cyfitter_cfg.o
 .debug_abbrev  0x00000446       0x77 .\CortexM3\ARM_GCC_541\Debug\cymetadata.o
 .debug_abbrev  0x000004bd      0x1e8 .\CortexM3\ARM_GCC_541\Debug\Cm3Start.o
 .debug_abbrev  0x000006a5      0x175 .\CortexM3\ARM_GCC_541\Debug\SDHD_Lab3.a(UART_LOG.o)
 .debug_abbrev  0x0000081a      0x173 .\CortexM3\ARM_GCC_541\Debug\SDHD_Lab3.a(isr_PushButton.o)
 .debug_abbrev  0x0000098d       0x90 .\CortexM3\ARM_GCC_541\Debug\SDHD_Lab3.a(Push_Button.o)
 .debug_abbrev  0x00000a1d      0x139 .\CortexM3\ARM_GCC_541\Debug\SDHD_Lab3.a(UART_LOG_IntClock.o)
 .debug_abbrev  0x00000b56      0x1b2 .\CortexM3\ARM_GCC_541\Debug\SDHD_Lab3.a(CyDmac.o)
 .debug_abbrev  0x00000d08      0x254 .\CortexM3\ARM_GCC_541\Debug\SDHD_Lab3.a(CyLib.o)
 .debug_abbrev  0x00000f5c      0x1ab .\CortexM3\ARM_GCC_541\Debug\SDHD_Lab3.a(cyPm.o)
 .debug_abbrev  0x00001107       0x90 .\CortexM3\ARM_GCC_541\Debug\SDHD_Lab3.a(Red_LED.o)
 .debug_abbrev  0x00001197      0x114 .\CortexM3\ARM_GCC_541\Debug\SDHD_Lab3.a(WaveDAC.o)
 .debug_abbrev  0x000012ab      0x1eb .\CortexM3\ARM_GCC_541\Debug\SDHD_Lab3.a(ADC_DelSig.o)
 .debug_abbrev  0x00001496       0x42 .\CortexM3\ARM_GCC_541\Debug\SDHD_Lab3.a(ADC_DelSig_INT.o)
 .debug_abbrev  0x000014d8      0x139 .\CortexM3\ARM_GCC_541\Debug\SDHD_Lab3.a(WaveDAC_DacClk.o)
 .debug_abbrev  0x00001611       0xcd .\CortexM3\ARM_GCC_541\Debug\SDHD_Lab3.a(WaveDAC_Wave1_DMA_dma.o)
 .debug_abbrev  0x000016de       0xcd .\CortexM3\ARM_GCC_541\Debug\SDHD_Lab3.a(WaveDAC_Wave2_DMA_dma.o)
 .debug_abbrev  0x000017ab       0xf7 .\CortexM3\ARM_GCC_541\Debug\SDHD_Lab3.a(WaveDAC_VDAC8.o)
 .debug_abbrev  0x000018a2       0xb1 .\CortexM3\ARM_GCC_541\Debug\SDHD_Lab3.a(ADC_DelSig_AMux.o)
 .debug_abbrev  0x00001953      0x139 .\CortexM3\ARM_GCC_541\Debug\SDHD_Lab3.a(ADC_DelSig_Ext_CP_Clk.o)
 .debug_abbrev  0x00001a8c      0x121 .\CortexM3\ARM_GCC_541\Debug\SDHD_Lab3.a(ADC_DelSig_theACLK.o)
 .debug_abbrev  0x00001bad      0x173 .\CortexM3\ARM_GCC_541\Debug\SDHD_Lab3.a(isr_UART.o)
 .debug_abbrev  0x00001d20       0x90 .\CortexM3\ARM_GCC_541\Debug\SDHD_Lab3.a(Green_LED.o)
 .debug_abbrev  0x00001db0       0x90 .\CortexM3\ARM_GCC_541\Debug\SDHD_Lab3.a(Yellow_LED.o)
 .debug_abbrev  0x00001e40       0x90 .\CortexM3\ARM_GCC_541\Debug\SDHD_Lab3.a(User_LED.o)
 .debug_abbrev  0x00001ed0       0x14 .\CortexM3\ARM_GCC_541\Debug\SDHD_Lab3.a(CyBootAsmGnu.o)
 .debug_abbrev  0x00001ee4      0x1a7 .\CortexM3\ARM_GCC_541\Debug\SDHD_Lab3.a(CyFlash.o)
 .debug_abbrev  0x0000208b      0x194 .\CortexM3\ARM_GCC_541\Debug\SDHD_Lab3.a(CySpc.o)
 .debug_abbrev  0x0000221f      0x15d .\source\asw\fft_application\libfft_application.a(fft_application.o)
 .debug_abbrev  0x0000237c      0x128 .\source\asw\fft_application\libfft_application.a(arm_rfft_q31.o)
 .debug_abbrev  0x000024a4      0x12e .\source\asw\fft_application\libfft_application.a(arm_rfft_init_q31.o)
 .debug_abbrev  0x000025d2       0xfb .\source\asw\fft_application\libfft_application.a(arm_cfft_q31.o)
 .debug_abbrev  0x000026cd      0x142 .\source\asw\fft_application\libfft_application.a(arm_cfft_radix4_q31.o)
 .debug_abbrev  0x0000280f       0xcb .\source\asw\fft_application\libfft_application.a(arm_const_structs.o)
 .debug_abbrev  0x000028da       0x14 .\source\asw\fft_application\libfft_application.a(arm_bitreversal2.o)
 .debug_abbrev  0x000028ee       0x84 .\source\asw\fft_application\libfft_application.a(arm_common_tables.o)

.debug_line     0x00000000     0x4883
 *(.debug_line)
 .debug_line    0x00000000      0x18a .\CortexM3\ARM_GCC_541\Debug\main.o
 .debug_line    0x0000018a      0x316 .\CortexM3\ARM_GCC_541\Debug\statemachine.o
 .debug_line    0x000004a0      0x226 .\CortexM3\ARM_GCC_541\Debug\cyfitter_cfg.o
 .debug_line    0x000006c6      0x141 .\CortexM3\ARM_GCC_541\Debug\cymetadata.o
 .debug_line    0x00000807      0x241 .\CortexM3\ARM_GCC_541\Debug\Cm3Start.o
 .debug_line    0x00000a48      0x2c4 .\CortexM3\ARM_GCC_541\Debug\SDHD_Lab3.a(UART_LOG.o)
 .debug_line    0x00000d0c      0x13b .\CortexM3\ARM_GCC_541\Debug\SDHD_Lab3.a(isr_PushButton.o)
 .debug_line    0x00000e47       0xbc .\CortexM3\ARM_GCC_541\Debug\SDHD_Lab3.a(Push_Button.o)
 .debug_line    0x00000f03      0x180 .\CortexM3\ARM_GCC_541\Debug\SDHD_Lab3.a(UART_LOG_IntClock.o)
 .debug_line    0x00001083      0x2e4 .\CortexM3\ARM_GCC_541\Debug\SDHD_Lab3.a(CyDmac.o)
 .debug_line    0x00001367      0x816 .\CortexM3\ARM_GCC_541\Debug\SDHD_Lab3.a(CyLib.o)
 .debug_line    0x00001b7d      0x367 .\CortexM3\ARM_GCC_541\Debug\SDHD_Lab3.a(cyPm.o)
 .debug_line    0x00001ee4       0x94 .\CortexM3\ARM_GCC_541\Debug\SDHD_Lab3.a(Red_LED.o)
 .debug_line    0x00001f78      0x151 .\CortexM3\ARM_GCC_541\Debug\SDHD_Lab3.a(WaveDAC.o)
 .debug_line    0x000020c9      0x3e4 .\CortexM3\ARM_GCC_541\Debug\SDHD_Lab3.a(ADC_DelSig.o)
 .debug_line    0x000024ad       0x87 .\CortexM3\ARM_GCC_541\Debug\SDHD_Lab3.a(ADC_DelSig_INT.o)
 .debug_line    0x00002534      0x17d .\CortexM3\ARM_GCC_541\Debug\SDHD_Lab3.a(WaveDAC_DacClk.o)
 .debug_line    0x000026b1       0x8e .\CortexM3\ARM_GCC_541\Debug\SDHD_Lab3.a(WaveDAC_Wave1_DMA_dma.o)
 .debug_line    0x0000273f       0x8e .\CortexM3\ARM_GCC_541\Debug\SDHD_Lab3.a(WaveDAC_Wave2_DMA_dma.o)
 .debug_line    0x000027cd       0xe9 .\CortexM3\ARM_GCC_541\Debug\SDHD_Lab3.a(WaveDAC_VDAC8.o)
 .debug_line    0x000028b6       0xb3 .\CortexM3\ARM_GCC_541\Debug\SDHD_Lab3.a(ADC_DelSig_AMux.o)
 .debug_line    0x00002969      0x184 .\CortexM3\ARM_GCC_541\Debug\SDHD_Lab3.a(ADC_DelSig_Ext_CP_Clk.o)
 .debug_line    0x00002aed      0x1a4 .\CortexM3\ARM_GCC_541\Debug\SDHD_Lab3.a(ADC_DelSig_theACLK.o)
 .debug_line    0x00002c91      0x135 .\CortexM3\ARM_GCC_541\Debug\SDHD_Lab3.a(isr_UART.o)
 .debug_line    0x00002dc6       0x96 .\CortexM3\ARM_GCC_541\Debug\SDHD_Lab3.a(Green_LED.o)
 .debug_line    0x00002e5c       0x97 .\CortexM3\ARM_GCC_541\Debug\SDHD_Lab3.a(Yellow_LED.o)
 .debug_line    0x00002ef3       0x95 .\CortexM3\ARM_GCC_541\Debug\SDHD_Lab3.a(User_LED.o)
 .debug_line    0x00002f88       0x66 .\CortexM3\ARM_GCC_541\Debug\SDHD_Lab3.a(CyBootAsmGnu.o)
 .debug_line    0x00002fee      0x21a .\CortexM3\ARM_GCC_541\Debug\SDHD_Lab3.a(CyFlash.o)
 .debug_line    0x00003208      0x260 .\CortexM3\ARM_GCC_541\Debug\SDHD_Lab3.a(CySpc.o)
 .debug_line    0x00003468      0x22f .\source\asw\fft_application\libfft_application.a(fft_application.o)
 .debug_line    0x00003697      0x1ff .\source\asw\fft_application\libfft_application.a(arm_rfft_q31.o)
 .debug_line    0x00003896      0x1dd .\source\asw\fft_application\libfft_application.a(arm_rfft_init_q31.o)
 .debug_line    0x00003a73      0x2f5 .\source\asw\fft_application\libfft_application.a(arm_cfft_q31.o)
 .debug_line    0x00003d68      0x792 .\source\asw\fft_application\libfft_application.a(arm_cfft_radix4_q31.o)
 .debug_line    0x000044fa      0x17c .\source\asw\fft_application\libfft_application.a(arm_const_structs.o)
 .debug_line    0x00004676       0xa8 .\source\asw\fft_application\libfft_application.a(arm_bitreversal2.o)
 .debug_line    0x0000471e      0x165 .\source\asw\fft_application\libfft_application.a(arm_common_tables.o)

.debug_frame    0x00000000     0x241c
 *(.debug_frame)
 .debug_frame   0x00000000       0x2c .\CortexM3\ARM_GCC_541\Debug\main.o
 .debug_frame   0x0000002c       0x84 .\CortexM3\ARM_GCC_541\Debug\statemachine.o
 .debug_frame   0x000000b0      0x104 .\CortexM3\ARM_GCC_541\Debug\cyfitter_cfg.o
 .debug_frame   0x000001b4       0xb8 .\CortexM3\ARM_GCC_541\Debug\Cm3Start.o
 .debug_frame   0x0000026c      0x250 .\CortexM3\ARM_GCC_541\Debug\SDHD_Lab3.a(UART_LOG.o)
 .debug_frame   0x000004bc      0x104 .\CortexM3\ARM_GCC_541\Debug\SDHD_Lab3.a(isr_PushButton.o)
 .debug_frame   0x000005c0       0x70 .\CortexM3\ARM_GCC_541\Debug\SDHD_Lab3.a(Push_Button.o)
 .debug_frame   0x00000630       0xe0 .\CortexM3\ARM_GCC_541\Debug\SDHD_Lab3.a(UART_LOG_IntClock.o)
 .debug_frame   0x00000710      0x1f8 .\CortexM3\ARM_GCC_541\Debug\SDHD_Lab3.a(CyDmac.o)
 .debug_frame   0x00000908      0x738 .\CortexM3\ARM_GCC_541\Debug\SDHD_Lab3.a(CyLib.o)
 .debug_frame   0x00001040      0x1f8 .\CortexM3\ARM_GCC_541\Debug\SDHD_Lab3.a(cyPm.o)
 .debug_frame   0x00001238       0x50 .\CortexM3\ARM_GCC_541\Debug\SDHD_Lab3.a(Red_LED.o)
 .debug_frame   0x00001288       0xe0 .\CortexM3\ARM_GCC_541\Debug\SDHD_Lab3.a(WaveDAC.o)
 .debug_frame   0x00001368      0x284 .\CortexM3\ARM_GCC_541\Debug\SDHD_Lab3.a(ADC_DelSig.o)
 .debug_frame   0x000015ec       0x50 .\CortexM3\ARM_GCC_541\Debug\SDHD_Lab3.a(ADC_DelSig_INT.o)
 .debug_frame   0x0000163c       0xe0 .\CortexM3\ARM_GCC_541\Debug\SDHD_Lab3.a(WaveDAC_DacClk.o)
 .debug_frame   0x0000171c       0x54 .\CortexM3\ARM_GCC_541\Debug\SDHD_Lab3.a(WaveDAC_Wave1_DMA_dma.o)
 .debug_frame   0x00001770       0x54 .\CortexM3\ARM_GCC_541\Debug\SDHD_Lab3.a(WaveDAC_Wave2_DMA_dma.o)
 .debug_frame   0x000017c4       0xb4 .\CortexM3\ARM_GCC_541\Debug\SDHD_Lab3.a(WaveDAC_VDAC8.o)
 .debug_frame   0x00001878       0x64 .\CortexM3\ARM_GCC_541\Debug\SDHD_Lab3.a(ADC_DelSig_AMux.o)
 .debug_frame   0x000018dc       0xe0 .\CortexM3\ARM_GCC_541\Debug\SDHD_Lab3.a(ADC_DelSig_Ext_CP_Clk.o)
 .debug_frame   0x000019bc      0x100 .\CortexM3\ARM_GCC_541\Debug\SDHD_Lab3.a(ADC_DelSig_theACLK.o)
 .debug_frame   0x00001abc      0x104 .\CortexM3\ARM_GCC_541\Debug\SDHD_Lab3.a(isr_UART.o)
 .debug_frame   0x00001bc0       0x50 .\CortexM3\ARM_GCC_541\Debug\SDHD_Lab3.a(Green_LED.o)
 .debug_frame   0x00001c10       0x50 .\CortexM3\ARM_GCC_541\Debug\SDHD_Lab3.a(Yellow_LED.o)
 .debug_frame   0x00001c60       0x50 .\CortexM3\ARM_GCC_541\Debug\SDHD_Lab3.a(User_LED.o)
 .debug_frame   0x00001cb0      0x194 .\CortexM3\ARM_GCC_541\Debug\SDHD_Lab3.a(CyFlash.o)
 .debug_frame   0x00001e44      0x180 .\CortexM3\ARM_GCC_541\Debug\SDHD_Lab3.a(CySpc.o)
 .debug_frame   0x00001fc4       0x38 .\source\asw\fft_application\libfft_application.a(fft_application.o)
 .debug_frame   0x00001ffc       0xac .\source\asw\fft_application\libfft_application.a(arm_rfft_q31.o)
 .debug_frame   0x000020a8       0x2c .\source\asw\fft_application\libfft_application.a(arm_rfft_init_q31.o)
 .debug_frame   0x000020d4       0xa0 .\source\asw\fft_application\libfft_application.a(arm_cfft_q31.o)
 .debug_frame   0x00002174       0xa0 .\source\asw\fft_application\libfft_application.a(arm_cfft_radix4_q31.o)
 .debug_frame   0x00002214       0x20 c:/program files (x86)/cypress/psoc creator/4.4/psoc creator/import/gnu/arm/5.4.1/bin/../lib/gcc/arm-none-eabi/5.4.1/../../../../arm-none-eabi/lib/armv7-m\libg_nano.a(lib_a-errno.o)
 .debug_frame   0x00002234       0x28 c:/program files (x86)/cypress/psoc creator/4.4/psoc creator/import/gnu/arm/5.4.1/bin/../lib/gcc/arm-none-eabi/5.4.1/../../../../arm-none-eabi/lib/armv7-m\libg_nano.a(lib_a-exit.o)
 .debug_frame   0x0000225c       0x2c c:/program files (x86)/cypress/psoc creator/4.4/psoc creator/import/gnu/arm/5.4.1/bin/../lib/gcc/arm-none-eabi/5.4.1/../../../../arm-none-eabi/lib/armv7-m\libg_nano.a(lib_a-init.o)
 .debug_frame   0x00002288       0x30 c:/program files (x86)/cypress/psoc creator/4.4/psoc creator/import/gnu/arm/5.4.1/bin/../lib/gcc/arm-none-eabi/5.4.1/../../../../arm-none-eabi/lib/armv7-m\libg_nano.a(lib_a-malloc.o)
 .debug_frame   0x000022b8       0x28 c:/program files (x86)/cypress/psoc creator/4.4/psoc creator/import/gnu/arm/5.4.1/bin/../lib/gcc/arm-none-eabi/5.4.1/../../../../arm-none-eabi/lib/armv7-m\libg_nano.a(lib_a-memcpy-stub.o)
 .debug_frame   0x000022e0       0x20 c:/program files (x86)/cypress/psoc creator/4.4/psoc creator/import/gnu/arm/5.4.1/bin/../lib/gcc/arm-none-eabi/5.4.1/../../../../arm-none-eabi/lib/armv7-m\libg_nano.a(lib_a-memset.o)
 .debug_frame   0x00002300       0x38 c:/program files (x86)/cypress/psoc creator/4.4/psoc creator/import/gnu/arm/5.4.1/bin/../lib/gcc/arm-none-eabi/5.4.1/../../../../arm-none-eabi/lib/armv7-m\libg_nano.a(lib_a-nano-freer.o)
 .debug_frame   0x00002338       0x2c c:/program files (x86)/cypress/psoc creator/4.4/psoc creator/import/gnu/arm/5.4.1/bin/../lib/gcc/arm-none-eabi/5.4.1/../../../../arm-none-eabi/lib/armv7-m\libg_nano.a(lib_a-nano-mallocr.o)
 .debug_frame   0x00002364       0x2c c:/program files (x86)/cypress/psoc creator/4.4/psoc creator/import/gnu/arm/5.4.1/bin/../lib/gcc/arm-none-eabi/5.4.1/../../../../arm-none-eabi/lib/armv7-m\libg_nano.a(lib_a-sbrkr.o)
 .debug_frame   0x00002390       0x30 c:/program files (x86)/cypress/psoc creator/4.4/psoc creator/import/gnu/arm/5.4.1/bin/../lib/gcc/arm-none-eabi/5.4.1/../../../../arm-none-eabi/lib/armv7-m\libg_nano.a(lib_a-mlock.o)
 .debug_frame   0x000023c0       0x5c c:/program files (x86)/cypress/psoc creator/4.4/psoc creator/import/gnu/arm/5.4.1/bin/../lib/gcc/arm-none-eabi/5.4.1/../../../../arm-none-eabi/lib/armv7-m\libg_nano.a(lib_a-reent.o)

.debug_str      0x00000000     0x3f9e
 *(.debug_str)
 .debug_str     0x00000000      0x1a0 .\CortexM3\ARM_GCC_541\Debug\main.o
                                0x1f1 (size before relaxing)
 .debug_str     0x000001a0      0x224 .\CortexM3\ARM_GCC_541\Debug\statemachine.o
                                0x3fa (size before relaxing)
 .debug_str     0x000003c4      0x217 .\CortexM3\ARM_GCC_541\Debug\cyfitter_cfg.o
                                0x3a7 (size before relaxing)
 .debug_str     0x000005db       0x75 .\CortexM3\ARM_GCC_541\Debug\cymetadata.o
                                0x1df (size before relaxing)
 .debug_str     0x00000650      0x154 .\CortexM3\ARM_GCC_541\Debug\Cm3Start.o
                                0x315 (size before relaxing)
 .debug_str     0x000007a4      0x31f .\CortexM3\ARM_GCC_541\Debug\SDHD_Lab3.a(UART_LOG.o)
                                0x4ec (size before relaxing)
 .debug_str     0x00000ac3      0x165 .\CortexM3\ARM_GCC_541\Debug\SDHD_Lab3.a(isr_PushButton.o)
                                0x31f (size before relaxing)
 .debug_str     0x00000c28       0xaf .\CortexM3\ARM_GCC_541\Debug\SDHD_Lab3.a(Push_Button.o)
                                0x243 (size before relaxing)
 .debug_str     0x00000cd7      0x1b1 .\CortexM3\ARM_GCC_541\Debug\SDHD_Lab3.a(UART_LOG_IntClock.o)
                                0x361 (size before relaxing)
 .debug_str     0x00000e88      0x34e .\CortexM3\ARM_GCC_541\Debug\SDHD_Lab3.a(CyDmac.o)
                                0x545 (size before relaxing)
 .debug_str     0x000011d6      0x7e5 .\CortexM3\ARM_GCC_541\Debug\SDHD_Lab3.a(CyLib.o)
                                0xa42 (size before relaxing)
 .debug_str     0x000019bb      0x365 .\CortexM3\ARM_GCC_541\Debug\SDHD_Lab3.a(cyPm.o)
                                0x72e (size before relaxing)
 .debug_str     0x00001d20       0x57 .\CortexM3\ARM_GCC_541\Debug\SDHD_Lab3.a(Red_LED.o)
                                0x1e7 (size before relaxing)
 .debug_str     0x00001d77      0x216 .\CortexM3\ARM_GCC_541\Debug\SDHD_Lab3.a(WaveDAC.o)
                                0x419 (size before relaxing)
 .debug_str     0x00001f8d      0x429 .\CortexM3\ARM_GCC_541\Debug\SDHD_Lab3.a(ADC_DelSig.o)
                                0x6e3 (size before relaxing)
 .debug_str     0x000023b6       0x68 .\CortexM3\ARM_GCC_541\Debug\SDHD_Lab3.a(ADC_DelSig_INT.o)
                                0x1de (size before relaxing)
 .debug_str     0x0000241e      0x142 .\CortexM3\ARM_GCC_541\Debug\SDHD_Lab3.a(WaveDAC_DacClk.o)
                                0x33d (size before relaxing)
 .debug_str     0x00002560       0xa3 .\CortexM3\ARM_GCC_541\Debug\SDHD_Lab3.a(WaveDAC_Wave1_DMA_dma.o)
                                0x297 (size before relaxing)
 .debug_str     0x00002603       0x68 .\CortexM3\ARM_GCC_541\Debug\SDHD_Lab3.a(WaveDAC_Wave2_DMA_dma.o)
                                0x297 (size before relaxing)
 .debug_str     0x0000266b       0x73 .\CortexM3\ARM_GCC_541\Debug\SDHD_Lab3.a(WaveDAC_VDAC8.o)
                                0x26a (size before relaxing)
 .debug_str     0x000026de       0x7b .\CortexM3\ARM_GCC_541\Debug\SDHD_Lab3.a(ADC_DelSig_AMux.o)
                                0x22b (size before relaxing)
 .debug_str     0x00002759      0x170 .\CortexM3\ARM_GCC_541\Debug\SDHD_Lab3.a(ADC_DelSig_Ext_CP_Clk.o)
                                0x391 (size before relaxing)
 .debug_str     0x000028c9      0x1a3 .\CortexM3\ARM_GCC_541\Debug\SDHD_Lab3.a(ADC_DelSig_theACLK.o)
                                0x3be (size before relaxing)
 .debug_str     0x00002a6c       0xe9 .\CortexM3\ARM_GCC_541\Debug\SDHD_Lab3.a(isr_UART.o)
                                0x2cb (size before relaxing)
 .debug_str     0x00002b55       0x5f .\CortexM3\ARM_GCC_541\Debug\SDHD_Lab3.a(Green_LED.o)
                                0x1f1 (size before relaxing)
 .debug_str     0x00002bb4       0x63 .\CortexM3\ARM_GCC_541\Debug\SDHD_Lab3.a(Yellow_LED.o)
                                0x1f6 (size before relaxing)
 .debug_str     0x00002c17       0x5b .\CortexM3\ARM_GCC_541\Debug\SDHD_Lab3.a(User_LED.o)
                                0x1ec (size before relaxing)
 .debug_str     0x00002c72      0x1bb .\CortexM3\ARM_GCC_541\Debug\SDHD_Lab3.a(CyFlash.o)
                                0x3bb (size before relaxing)
 .debug_str     0x00002e2d       0xac .\CortexM3\ARM_GCC_541\Debug\SDHD_Lab3.a(CySpc.o)
                                0x333 (size before relaxing)
 .debug_str     0x00002ed9      0x2bb .\source\asw\fft_application\libfft_application.a(fft_application.o)
                                0x3d0 (size before relaxing)
 .debug_str     0x00003194       0xe6 .\source\asw\fft_application\libfft_application.a(arm_rfft_q31.o)
                                0x390 (size before relaxing)
 .debug_str     0x0000327a      0x132 .\source\asw\fft_application\libfft_application.a(arm_rfft_init_q31.o)
                                0x479 (size before relaxing)
 .debug_str     0x000033ac       0xd5 .\source\asw\fft_application\libfft_application.a(arm_cfft_q31.o)
                                0x334 (size before relaxing)
 .debug_str     0x00003481      0x104 .\source\asw\fft_application\libfft_application.a(arm_cfft_radix4_q31.o)
                                0x37c (size before relaxing)
 .debug_str     0x00003585      0x987 .\source\asw\fft_application\libfft_application.a(arm_const_structs.o)
                                0xd0d (size before relaxing)
 .debug_str     0x00003f0c       0x92 .\source\asw\fft_application\libfft_application.a(arm_common_tables.o)
                                0x6f2 (size before relaxing)

.debug_loc      0x00000000     0x5c3e
 *(.debug_loc)
 .debug_loc     0x00000000       0xef .\CortexM3\ARM_GCC_541\Debug\statemachine.o
 .debug_loc     0x000000ef      0x29c .\CortexM3\ARM_GCC_541\Debug\cyfitter_cfg.o
 .debug_loc     0x0000038b      0x144 .\CortexM3\ARM_GCC_541\Debug\Cm3Start.o
 .debug_loc     0x000004cf      0x258 .\CortexM3\ARM_GCC_541\Debug\SDHD_Lab3.a(UART_LOG.o)
 .debug_loc     0x00000727       0x56 .\CortexM3\ARM_GCC_541\Debug\SDHD_Lab3.a(isr_PushButton.o)
 .debug_loc     0x0000077d       0x84 .\CortexM3\ARM_GCC_541\Debug\SDHD_Lab3.a(Push_Button.o)
 .debug_loc     0x00000801      0x128 .\CortexM3\ARM_GCC_541\Debug\SDHD_Lab3.a(UART_LOG_IntClock.o)
 .debug_loc     0x00000929      0xb8e .\CortexM3\ARM_GCC_541\Debug\SDHD_Lab3.a(CyDmac.o)
 .debug_loc     0x000014b7      0xa11 .\CortexM3\ARM_GCC_541\Debug\SDHD_Lab3.a(CyLib.o)
 .debug_loc     0x00001ec8      0x1e4 .\CortexM3\ARM_GCC_541\Debug\SDHD_Lab3.a(cyPm.o)
 .debug_loc     0x000020ac       0x42 .\CortexM3\ARM_GCC_541\Debug\SDHD_Lab3.a(Red_LED.o)
 .debug_loc     0x000020ee      0x11b .\CortexM3\ARM_GCC_541\Debug\SDHD_Lab3.a(WaveDAC.o)
 .debug_loc     0x00002209      0x681 .\CortexM3\ARM_GCC_541\Debug\SDHD_Lab3.a(ADC_DelSig.o)
 .debug_loc     0x0000288a      0x128 .\CortexM3\ARM_GCC_541\Debug\SDHD_Lab3.a(WaveDAC_DacClk.o)
 .debug_loc     0x000029b2       0x84 .\CortexM3\ARM_GCC_541\Debug\SDHD_Lab3.a(WaveDAC_Wave1_DMA_dma.o)
 .debug_loc     0x00002a36       0x84 .\CortexM3\ARM_GCC_541\Debug\SDHD_Lab3.a(WaveDAC_Wave2_DMA_dma.o)
 .debug_loc     0x00002aba       0x79 .\CortexM3\ARM_GCC_541\Debug\SDHD_Lab3.a(WaveDAC_VDAC8.o)
 .debug_loc     0x00002b33       0x6c .\CortexM3\ARM_GCC_541\Debug\SDHD_Lab3.a(ADC_DelSig_AMux.o)
 .debug_loc     0x00002b9f      0x12c .\CortexM3\ARM_GCC_541\Debug\SDHD_Lab3.a(ADC_DelSig_Ext_CP_Clk.o)
 .debug_loc     0x00002ccb      0x14d .\CortexM3\ARM_GCC_541\Debug\SDHD_Lab3.a(ADC_DelSig_theACLK.o)
 .debug_loc     0x00002e18       0x56 .\CortexM3\ARM_GCC_541\Debug\SDHD_Lab3.a(isr_UART.o)
 .debug_loc     0x00002e6e       0x42 .\CortexM3\ARM_GCC_541\Debug\SDHD_Lab3.a(Green_LED.o)
 .debug_loc     0x00002eb0       0x42 .\CortexM3\ARM_GCC_541\Debug\SDHD_Lab3.a(Yellow_LED.o)
 .debug_loc     0x00002ef2       0x42 .\CortexM3\ARM_GCC_541\Debug\SDHD_Lab3.a(User_LED.o)
 .debug_loc     0x00002f34      0x3b2 .\CortexM3\ARM_GCC_541\Debug\SDHD_Lab3.a(CyFlash.o)
 .debug_loc     0x000032e6      0x705 .\CortexM3\ARM_GCC_541\Debug\SDHD_Lab3.a(CySpc.o)
 .debug_loc     0x000039eb       0xa6 .\source\asw\fft_application\libfft_application.a(fft_application.o)
 .debug_loc     0x00003a91      0x71b .\source\asw\fft_application\libfft_application.a(arm_rfft_q31.o)
 .debug_loc     0x000041ac      0x244 .\source\asw\fft_application\libfft_application.a(arm_rfft_init_q31.o)
 .debug_loc     0x000043f0      0x4d4 .\source\asw\fft_application\libfft_application.a(arm_cfft_q31.o)
 .debug_loc     0x000048c4     0x137a .\source\asw\fft_application\libfft_application.a(arm_cfft_radix4_q31.o)

.debug_macinfo
 *(.debug_macinfo)

.debug_ranges   0x00000000      0xc10
 *(.debug_ranges)
 .debug_ranges  0x00000000       0x10 .\CortexM3\ARM_GCC_541\Debug\main.o
 .debug_ranges  0x00000010       0x28 .\CortexM3\ARM_GCC_541\Debug\statemachine.o
 .debug_ranges  0x00000038       0x58 .\CortexM3\ARM_GCC_541\Debug\cyfitter_cfg.o
 .debug_ranges  0x00000090       0x38 .\CortexM3\ARM_GCC_541\Debug\Cm3Start.o
 .debug_ranges  0x000000c8       0xe0 .\CortexM3\ARM_GCC_541\Debug\SDHD_Lab3.a(UART_LOG.o)
 .debug_ranges  0x000001a8       0x70 .\CortexM3\ARM_GCC_541\Debug\SDHD_Lab3.a(isr_PushButton.o)
 .debug_ranges  0x00000218       0x38 .\CortexM3\ARM_GCC_541\Debug\SDHD_Lab3.a(Push_Button.o)
 .debug_ranges  0x00000250       0x60 .\CortexM3\ARM_GCC_541\Debug\SDHD_Lab3.a(UART_LOG_IntClock.o)
 .debug_ranges  0x000002b0       0xc8 .\CortexM3\ARM_GCC_541\Debug\SDHD_Lab3.a(CyDmac.o)
 .debug_ranges  0x00000378      0x290 .\CortexM3\ARM_GCC_541\Debug\SDHD_Lab3.a(CyLib.o)
 .debug_ranges  0x00000608       0x88 .\CortexM3\ARM_GCC_541\Debug\SDHD_Lab3.a(cyPm.o)
 .debug_ranges  0x00000690       0x28 .\CortexM3\ARM_GCC_541\Debug\SDHD_Lab3.a(Red_LED.o)
 .debug_ranges  0x000006b8       0x40 .\CortexM3\ARM_GCC_541\Debug\SDHD_Lab3.a(WaveDAC.o)
 .debug_ranges  0x000006f8       0xd8 .\CortexM3\ARM_GCC_541\Debug\SDHD_Lab3.a(ADC_DelSig.o)
 .debug_ranges  0x000007d0       0x28 .\CortexM3\ARM_GCC_541\Debug\SDHD_Lab3.a(ADC_DelSig_INT.o)
 .debug_ranges  0x000007f8       0x60 .\CortexM3\ARM_GCC_541\Debug\SDHD_Lab3.a(WaveDAC_DacClk.o)
 .debug_ranges  0x00000858       0x18 .\CortexM3\ARM_GCC_541\Debug\SDHD_Lab3.a(WaveDAC_Wave1_DMA_dma.o)
 .debug_ranges  0x00000870       0x18 .\CortexM3\ARM_GCC_541\Debug\SDHD_Lab3.a(WaveDAC_Wave2_DMA_dma.o)
 .debug_ranges  0x00000888       0x48 .\CortexM3\ARM_GCC_541\Debug\SDHD_Lab3.a(WaveDAC_VDAC8.o)
 .debug_ranges  0x000008d0       0x20 .\CortexM3\ARM_GCC_541\Debug\SDHD_Lab3.a(ADC_DelSig_AMux.o)
 .debug_ranges  0x000008f0       0x60 .\CortexM3\ARM_GCC_541\Debug\SDHD_Lab3.a(ADC_DelSig_Ext_CP_Clk.o)
 .debug_ranges  0x00000950       0x70 .\CortexM3\ARM_GCC_541\Debug\SDHD_Lab3.a(ADC_DelSig_theACLK.o)
 .debug_ranges  0x000009c0       0x70 .\CortexM3\ARM_GCC_541\Debug\SDHD_Lab3.a(isr_UART.o)
 .debug_ranges  0x00000a30       0x28 .\CortexM3\ARM_GCC_541\Debug\SDHD_Lab3.a(Green_LED.o)
 .debug_ranges  0x00000a58       0x28 .\CortexM3\ARM_GCC_541\Debug\SDHD_Lab3.a(Yellow_LED.o)
 .debug_ranges  0x00000a80       0x28 .\CortexM3\ARM_GCC_541\Debug\SDHD_Lab3.a(User_LED.o)
 .debug_ranges  0x00000aa8       0x78 .\CortexM3\ARM_GCC_541\Debug\SDHD_Lab3.a(CyFlash.o)
 .debug_ranges  0x00000b20       0x70 .\CortexM3\ARM_GCC_541\Debug\SDHD_Lab3.a(CySpc.o)
 .debug_ranges  0x00000b90       0x10 .\source\asw\fft_application\libfft_application.a(fft_application.o)
 .debug_ranges  0x00000ba0       0x20 .\source\asw\fft_application\libfft_application.a(arm_rfft_q31.o)
 .debug_ranges  0x00000bc0       0x10 .\source\asw\fft_application\libfft_application.a(arm_rfft_init_q31.o)
 .debug_ranges  0x00000bd0       0x20 .\source\asw\fft_application\libfft_application.a(arm_cfft_q31.o)
 .debug_ranges  0x00000bf0       0x20 .\source\asw\fft_application\libfft_application.a(arm_cfft_radix4_q31.o)

.comment        0x00000000       0x6e
 .comment       0x00000000       0x6e .\CortexM3\ARM_GCC_541\Debug\main.o
                                 0x6f (size before relaxing)
 .comment       0x0000006e       0x6f .\CortexM3\ARM_GCC_541\Debug\statemachine.o
 .comment       0x0000006e       0x6f .\CortexM3\ARM_GCC_541\Debug\cyfitter_cfg.o
 .comment       0x0000006e       0x6f .\CortexM3\ARM_GCC_541\Debug\cymetadata.o
 .comment       0x0000006e       0x6f .\CortexM3\ARM_GCC_541\Debug\Cm3Start.o
 .comment       0x0000006e       0x6f .\CortexM3\ARM_GCC_541\Debug\SDHD_Lab3.a(UART_LOG.o)
 .comment       0x0000006e       0x6f .\CortexM3\ARM_GCC_541\Debug\SDHD_Lab3.a(isr_PushButton.o)
 .comment       0x0000006e       0x6f .\CortexM3\ARM_GCC_541\Debug\SDHD_Lab3.a(Push_Button.o)
 .comment       0x0000006e       0x6f .\CortexM3\ARM_GCC_541\Debug\SDHD_Lab3.a(UART_LOG_IntClock.o)
 .comment       0x0000006e       0x6f .\CortexM3\ARM_GCC_541\Debug\SDHD_Lab3.a(CyDmac.o)
 .comment       0x0000006e       0x6f .\CortexM3\ARM_GCC_541\Debug\SDHD_Lab3.a(CyLib.o)
 .comment       0x0000006e       0x6f .\CortexM3\ARM_GCC_541\Debug\SDHD_Lab3.a(cyPm.o)
 .comment       0x0000006e       0x6f .\CortexM3\ARM_GCC_541\Debug\SDHD_Lab3.a(Red_LED.o)
 .comment       0x0000006e       0x6f .\CortexM3\ARM_GCC_541\Debug\SDHD_Lab3.a(WaveDAC.o)
 .comment       0x0000006e       0x6f .\CortexM3\ARM_GCC_541\Debug\SDHD_Lab3.a(ADC_DelSig.o)
 .comment       0x0000006e       0x6f .\CortexM3\ARM_GCC_541\Debug\SDHD_Lab3.a(ADC_DelSig_INT.o)
 .comment       0x0000006e       0x6f .\CortexM3\ARM_GCC_541\Debug\SDHD_Lab3.a(WaveDAC_DacClk.o)
 .comment       0x0000006e       0x6f .\CortexM3\ARM_GCC_541\Debug\SDHD_Lab3.a(WaveDAC_Wave1_DMA_dma.o)
 .comment       0x0000006e       0x6f .\CortexM3\ARM_GCC_541\Debug\SDHD_Lab3.a(WaveDAC_Wave2_DMA_dma.o)
 .comment       0x0000006e       0x6f .\CortexM3\ARM_GCC_541\Debug\SDHD_Lab3.a(WaveDAC_VDAC8.o)
 .comment       0x0000006e       0x6f .\CortexM3\ARM_GCC_541\Debug\SDHD_Lab3.a(ADC_DelSig_AMux.o)
 .comment       0x0000006e       0x6f .\CortexM3\ARM_GCC_541\Debug\SDHD_Lab3.a(ADC_DelSig_Ext_CP_Clk.o)
 .comment       0x0000006e       0x6f .\CortexM3\ARM_GCC_541\Debug\SDHD_Lab3.a(ADC_DelSig_theACLK.o)
 .comment       0x0000006e       0x6f .\CortexM3\ARM_GCC_541\Debug\SDHD_Lab3.a(isr_UART.o)
 .comment       0x0000006e       0x6f .\CortexM3\ARM_GCC_541\Debug\SDHD_Lab3.a(Green_LED.o)
 .comment       0x0000006e       0x6f .\CortexM3\ARM_GCC_541\Debug\SDHD_Lab3.a(Yellow_LED.o)
 .comment       0x0000006e       0x6f .\CortexM3\ARM_GCC_541\Debug\SDHD_Lab3.a(User_LED.o)
 .comment       0x0000006e       0x6f .\CortexM3\ARM_GCC_541\Debug\SDHD_Lab3.a(CyFlash.o)
 .comment       0x0000006e       0x6f .\CortexM3\ARM_GCC_541\Debug\SDHD_Lab3.a(CySpc.o)
 .comment       0x0000006e       0x6f .\source\asw\fft_application\libfft_application.a(fft_application.o)
 .comment       0x0000006e       0x6f .\source\asw\fft_application\libfft_application.a(arm_rfft_q31.o)
 .comment       0x0000006e       0x6f .\source\asw\fft_application\libfft_application.a(arm_rfft_init_q31.o)
 .comment       0x0000006e       0x6f .\source\asw\fft_application\libfft_application.a(arm_cfft_q31.o)
 .comment       0x0000006e       0x6f .\source\asw\fft_application\libfft_application.a(arm_cfft_radix4_q31.o)
 .comment       0x0000006e       0x6f .\source\asw\fft_application\libfft_application.a(arm_const_structs.o)
 .comment       0x0000006e       0x6f .\source\asw\fft_application\libfft_application.a(arm_common_tables.o)

.debug_weaknames
 *(.debug_weaknames)

.debug_funcnames
 *(.debug_funcnames)

.debug_typenames
 *(.debug_typenames)

.debug_varnames
 *(.debug_varnames)

.note.gnu.arm.ident
 *(.note.gnu.arm.ident)

.ARM.attributes
                0x00000000       0x29
 *(.ARM.attributes)
 .ARM.attributes
                0x00000000       0x1d c:/program files (x86)/cypress/psoc creator/4.4/psoc creator/import/gnu/arm/5.4.1/bin/../lib/gcc/arm-none-eabi/5.4.1/armv7-m/crti.o
 .ARM.attributes
                0x0000001d       0x2d c:/program files (x86)/cypress/psoc creator/4.4/psoc creator/import/gnu/arm/5.4.1/bin/../lib/gcc/arm-none-eabi/5.4.1/armv7-m/crtbegin.o
 .ARM.attributes
                0x0000004a       0x1b c:/program files (x86)/cypress/psoc creator/4.4/psoc creator/import/gnu/arm/5.4.1/bin/../lib/gcc/arm-none-eabi/5.4.1/../../../../arm-none-eabi/lib/armv7-m/crt0.o
 .ARM.attributes
                0x00000065       0x33 .\CortexM3\ARM_GCC_541\Debug\main.o
 .ARM.attributes
                0x00000098       0x33 .\CortexM3\ARM_GCC_541\Debug\statemachine.o
 .ARM.attributes
                0x000000cb       0x33 .\CortexM3\ARM_GCC_541\Debug\cyfitter_cfg.o
 .ARM.attributes
                0x000000fe       0x33 .\CortexM3\ARM_GCC_541\Debug\cymetadata.o
 .ARM.attributes
                0x00000131       0x33 .\CortexM3\ARM_GCC_541\Debug\Cm3Start.o
 .ARM.attributes
                0x00000164       0x33 .\CortexM3\ARM_GCC_541\Debug\SDHD_Lab3.a(UART_LOG.o)
 .ARM.attributes
                0x00000197       0x33 .\CortexM3\ARM_GCC_541\Debug\SDHD_Lab3.a(isr_PushButton.o)
 .ARM.attributes
                0x000001ca       0x33 .\CortexM3\ARM_GCC_541\Debug\SDHD_Lab3.a(Push_Button.o)
 .ARM.attributes
                0x000001fd       0x33 .\CortexM3\ARM_GCC_541\Debug\SDHD_Lab3.a(UART_LOG_IntClock.o)
 .ARM.attributes
                0x00000230       0x33 .\CortexM3\ARM_GCC_541\Debug\SDHD_Lab3.a(CyDmac.o)
 .ARM.attributes
                0x00000263       0x33 .\CortexM3\ARM_GCC_541\Debug\SDHD_Lab3.a(CyLib.o)
 .ARM.attributes
                0x00000296       0x33 .\CortexM3\ARM_GCC_541\Debug\SDHD_Lab3.a(cyPm.o)
 .ARM.attributes
                0x000002c9       0x33 .\CortexM3\ARM_GCC_541\Debug\SDHD_Lab3.a(Red_LED.o)
 .ARM.attributes
                0x000002fc       0x33 .\CortexM3\ARM_GCC_541\Debug\SDHD_Lab3.a(WaveDAC.o)
 .ARM.attributes
                0x0000032f       0x33 .\CortexM3\ARM_GCC_541\Debug\SDHD_Lab3.a(ADC_DelSig.o)
 .ARM.attributes
                0x00000362       0x33 .\CortexM3\ARM_GCC_541\Debug\SDHD_Lab3.a(ADC_DelSig_INT.o)
 .ARM.attributes
                0x00000395       0x33 .\CortexM3\ARM_GCC_541\Debug\SDHD_Lab3.a(WaveDAC_DacClk.o)
 .ARM.attributes
                0x000003c8       0x33 .\CortexM3\ARM_GCC_541\Debug\SDHD_Lab3.a(WaveDAC_Wave1_DMA_dma.o)
 .ARM.attributes
                0x000003fb       0x33 .\CortexM3\ARM_GCC_541\Debug\SDHD_Lab3.a(WaveDAC_Wave2_DMA_dma.o)
 .ARM.attributes
                0x0000042e       0x33 .\CortexM3\ARM_GCC_541\Debug\SDHD_Lab3.a(WaveDAC_VDAC8.o)
 .ARM.attributes
                0x00000461       0x33 .\CortexM3\ARM_GCC_541\Debug\SDHD_Lab3.a(ADC_DelSig_AMux.o)
 .ARM.attributes
                0x00000494       0x33 .\CortexM3\ARM_GCC_541\Debug\SDHD_Lab3.a(ADC_DelSig_Ext_CP_Clk.o)
 .ARM.attributes
                0x000004c7       0x33 .\CortexM3\ARM_GCC_541\Debug\SDHD_Lab3.a(ADC_DelSig_theACLK.o)
 .ARM.attributes
                0x000004fa       0x33 .\CortexM3\ARM_GCC_541\Debug\SDHD_Lab3.a(isr_UART.o)
 .ARM.attributes
                0x0000052d       0x33 .\CortexM3\ARM_GCC_541\Debug\SDHD_Lab3.a(Green_LED.o)
 .ARM.attributes
                0x00000560       0x33 .\CortexM3\ARM_GCC_541\Debug\SDHD_Lab3.a(Yellow_LED.o)
 .ARM.attributes
                0x00000593       0x33 .\CortexM3\ARM_GCC_541\Debug\SDHD_Lab3.a(User_LED.o)
 .ARM.attributes
                0x000005c6       0x21 .\CortexM3\ARM_GCC_541\Debug\SDHD_Lab3.a(CyBootAsmGnu.o)
 .ARM.attributes
                0x000005e7       0x33 .\CortexM3\ARM_GCC_541\Debug\SDHD_Lab3.a(CyFlash.o)
 .ARM.attributes
                0x0000061a       0x33 .\CortexM3\ARM_GCC_541\Debug\SDHD_Lab3.a(CySpc.o)
 .ARM.attributes
                0x0000064d       0x33 .\source\asw\fft_application\libfft_application.a(fft_application.o)
 .ARM.attributes
                0x00000680       0x33 .\source\asw\fft_application\libfft_application.a(arm_rfft_q31.o)
 .ARM.attributes
                0x000006b3       0x33 .\source\asw\fft_application\libfft_application.a(arm_rfft_init_q31.o)
 .ARM.attributes
                0x000006e6       0x33 .\source\asw\fft_application\libfft_application.a(arm_cfft_q31.o)
 .ARM.attributes
                0x00000719       0x33 .\source\asw\fft_application\libfft_application.a(arm_cfft_radix4_q31.o)
 .ARM.attributes
                0x0000074c       0x33 .\source\asw\fft_application\libfft_application.a(arm_const_structs.o)
 .ARM.attributes
                0x0000077f       0x21 .\source\asw\fft_application\libfft_application.a(arm_bitreversal2.o)
 .ARM.attributes
                0x000007a0       0x33 .\source\asw\fft_application\libfft_application.a(arm_common_tables.o)
 .ARM.attributes
                0x000007d3       0x1d c:/program files (x86)/cypress/psoc creator/4.4/psoc creator/import/gnu/arm/5.4.1/bin/../lib/gcc/arm-none-eabi/5.4.1/armv7-m\libgcc.a(_arm_addsubdf3.o)
 .ARM.attributes
                0x000007f0       0x1d c:/program files (x86)/cypress/psoc creator/4.4/psoc creator/import/gnu/arm/5.4.1/bin/../lib/gcc/arm-none-eabi/5.4.1/armv7-m\libgcc.a(_arm_cmpdf2.o)
 .ARM.attributes
                0x0000080d       0x1d c:/program files (x86)/cypress/psoc creator/4.4/psoc creator/import/gnu/arm/5.4.1/bin/../lib/gcc/arm-none-eabi/5.4.1/armv7-m\libgcc.a(_arm_addsubsf3.o)
 .ARM.attributes
                0x0000082a       0x1d c:/program files (x86)/cypress/psoc creator/4.4/psoc creator/import/gnu/arm/5.4.1/bin/../lib/gcc/arm-none-eabi/5.4.1/armv7-m\libgcc.a(_arm_muldivsf3.o)
 .ARM.attributes
                0x00000847       0x1d c:/program files (x86)/cypress/psoc creator/4.4/psoc creator/import/gnu/arm/5.4.1/bin/../lib/gcc/arm-none-eabi/5.4.1/armv7-m\libgcc.a(_arm_fixunssfsi.o)
 .ARM.attributes
                0x00000864       0x2d c:/program files (x86)/cypress/psoc creator/4.4/psoc creator/import/gnu/arm/5.4.1/bin/../lib/gcc/arm-none-eabi/5.4.1/../../../../arm-none-eabi/lib/armv7-m\libg_nano.a(lib_a-errno.o)
 .ARM.attributes
                0x00000891       0x2d c:/program files (x86)/cypress/psoc creator/4.4/psoc creator/import/gnu/arm/5.4.1/bin/../lib/gcc/arm-none-eabi/5.4.1/../../../../arm-none-eabi/lib/armv7-m\libg_nano.a(lib_a-exit.o)
 .ARM.attributes
                0x000008be       0x2d c:/program files (x86)/cypress/psoc creator/4.4/psoc creator/import/gnu/arm/5.4.1/bin/../lib/gcc/arm-none-eabi/5.4.1/../../../../arm-none-eabi/lib/armv7-m\libg_nano.a(lib_a-impure.o)
 .ARM.attributes
                0x000008eb       0x2d c:/program files (x86)/cypress/psoc creator/4.4/psoc creator/import/gnu/arm/5.4.1/bin/../lib/gcc/arm-none-eabi/5.4.1/../../../../arm-none-eabi/lib/armv7-m\libg_nano.a(lib_a-init.o)
 .ARM.attributes
                0x00000918       0x2d c:/program files (x86)/cypress/psoc creator/4.4/psoc creator/import/gnu/arm/5.4.1/bin/../lib/gcc/arm-none-eabi/5.4.1/../../../../arm-none-eabi/lib/armv7-m\libg_nano.a(lib_a-malloc.o)
 .ARM.attributes
                0x00000945       0x2d c:/program files (x86)/cypress/psoc creator/4.4/psoc creator/import/gnu/arm/5.4.1/bin/../lib/gcc/arm-none-eabi/5.4.1/../../../../arm-none-eabi/lib/armv7-m\libg_nano.a(lib_a-memcpy-stub.o)
 .ARM.attributes
                0x00000972       0x2d c:/program files (x86)/cypress/psoc creator/4.4/psoc creator/import/gnu/arm/5.4.1/bin/../lib/gcc/arm-none-eabi/5.4.1/../../../../arm-none-eabi/lib/armv7-m\libg_nano.a(lib_a-memset.o)
 .ARM.attributes
                0x0000099f       0x2d c:/program files (x86)/cypress/psoc creator/4.4/psoc creator/import/gnu/arm/5.4.1/bin/../lib/gcc/arm-none-eabi/5.4.1/../../../../arm-none-eabi/lib/armv7-m\libg_nano.a(lib_a-nano-freer.o)
 .ARM.attributes
                0x000009cc       0x2d c:/program files (x86)/cypress/psoc creator/4.4/psoc creator/import/gnu/arm/5.4.1/bin/../lib/gcc/arm-none-eabi/5.4.1/../../../../arm-none-eabi/lib/armv7-m\libg_nano.a(lib_a-nano-mallocr.o)
 .ARM.attributes
                0x000009f9       0x2d c:/program files (x86)/cypress/psoc creator/4.4/psoc creator/import/gnu/arm/5.4.1/bin/../lib/gcc/arm-none-eabi/5.4.1/../../../../arm-none-eabi/lib/armv7-m\libg_nano.a(lib_a-sbrkr.o)
 .ARM.attributes
                0x00000a26       0x2d c:/program files (x86)/cypress/psoc creator/4.4/psoc creator/import/gnu/arm/5.4.1/bin/../lib/gcc/arm-none-eabi/5.4.1/../../../../arm-none-eabi/lib/armv7-m\libg_nano.a(lib_a-mlock.o)
 .ARM.attributes
                0x00000a53       0x2d c:/program files (x86)/cypress/psoc creator/4.4/psoc creator/import/gnu/arm/5.4.1/bin/../lib/gcc/arm-none-eabi/5.4.1/../../../../arm-none-eabi/lib/armv7-m\libg_nano.a(lib_a-reent.o)
 .ARM.attributes
                0x00000a80       0x2d c:/program files (x86)/cypress/psoc creator/4.4/psoc creator/import/gnu/arm/5.4.1/bin/../lib/gcc/arm-none-eabi/5.4.1/armv7-m/crtend.o
 .ARM.attributes
                0x00000aad       0x1d c:/program files (x86)/cypress/psoc creator/4.4/psoc creator/import/gnu/arm/5.4.1/bin/../lib/gcc/arm-none-eabi/5.4.1/armv7-m/crtn.o

/DISCARD/
 *(.note.GNU-stack)
OUTPUT(C:\Users\drash\Downloads\SDHD_Lab3_fft.cydsn\SDHD_Lab3.cydsn\CortexM3\ARM_GCC_541\Debug\SDHD_Lab3.elf elf32-littlearm)