Archive member included to satisfy reference by file (symbol)

.\CortexM3\ARM_GCC_541\Debug\ADC_Exercise.a(ADC.o)
                              .\CortexM3\ARM_GCC_541\Debug\main.o (ADC_Start)
.\CortexM3\ARM_GCC_541\Debug\ADC_Exercise.a(ADC_INT.o)
                              .\CortexM3\ARM_GCC_541\Debug\ADC_Exercise.a(ADC.o) (ADC_ISR1)
.\CortexM3\ARM_GCC_541\Debug\ADC_Exercise.a(WaveDAC8.o)
                              .\CortexM3\ARM_GCC_541\Debug\main.o (WaveDAC8_Enable)
.\CortexM3\ARM_GCC_541\Debug\ADC_Exercise.a(Green_LED.o)
                              .\CortexM3\ARM_GCC_541\Debug\main.o (Green_LED_Write)
.\CortexM3\ARM_GCC_541\Debug\ADC_Exercise.a(Yellow_LED.o)
                              .\CortexM3\ARM_GCC_541\Debug\main.o (Yellow_LED_Write)
.\CortexM3\ARM_GCC_541\Debug\ADC_Exercise.a(Red_LED.o)
                              .\CortexM3\ARM_GCC_541\Debug\main.o (Red_LED_Write)
.\CortexM3\ARM_GCC_541\Debug\ADC_Exercise.a(ADC_AMux.o)
                              .\CortexM3\ARM_GCC_541\Debug\ADC_Exercise.a(ADC.o) (ADC_AMux_Select)
.\CortexM3\ARM_GCC_541\Debug\ADC_Exercise.a(ADC_Ext_CP_Clk.o)
                              .\CortexM3\ARM_GCC_541\Debug\ADC_Exercise.a(ADC.o) (ADC_Ext_CP_Clk_SetModeRegister)
.\CortexM3\ARM_GCC_541\Debug\ADC_Exercise.a(ADC_theACLK.o)
                              .\CortexM3\ARM_GCC_541\Debug\ADC_Exercise.a(ADC.o) (ADC_theACLK_SetModeRegister)
.\CortexM3\ARM_GCC_541\Debug\ADC_Exercise.a(WaveDAC8_DacClk.o)
                              .\CortexM3\ARM_GCC_541\Debug\ADC_Exercise.a(WaveDAC8.o) (WaveDAC8_DacClk_Start)
.\CortexM3\ARM_GCC_541\Debug\ADC_Exercise.a(WaveDAC8_Wave1_DMA_dma.o)
                              .\CortexM3\ARM_GCC_541\Debug\ADC_Exercise.a(WaveDAC8.o) (WaveDAC8_Wave1_DMA_DmaInitialize)
.\CortexM3\ARM_GCC_541\Debug\ADC_Exercise.a(WaveDAC8_Wave2_DMA_dma.o)
                              .\CortexM3\ARM_GCC_541\Debug\ADC_Exercise.a(WaveDAC8.o) (WaveDAC8_Wave2_DMA_DmaInitialize)
.\CortexM3\ARM_GCC_541\Debug\ADC_Exercise.a(WaveDAC8_VDAC8.o)
                              .\CortexM3\ARM_GCC_541\Debug\ADC_Exercise.a(WaveDAC8.o) (WaveDAC8_VDAC8_Enable)
.\CortexM3\ARM_GCC_541\Debug\ADC_Exercise.a(CyDmac.o)
                              .\CortexM3\ARM_GCC_541\Debug\Cm3Start.o (CyDmacConfigure)
.\CortexM3\ARM_GCC_541\Debug\ADC_Exercise.a(CyLib.o)
                              .\CortexM3\ARM_GCC_541\Debug\Cm3Start.o (CyHalt)
.\CortexM3\ARM_GCC_541\Debug\ADC_Exercise.a(cyPm.o)
                              .\CortexM3\ARM_GCC_541\Debug\ADC_Exercise.a(CyLib.o) (CyPmReadStatus)
.\CortexM3\ARM_GCC_541\Debug\ADC_Exercise.a(CyBootAsmGnu.o)
                              .\CortexM3\ARM_GCC_541\Debug\cyfitter_cfg.o (CyDelayCycles)
.\CortexM3\ARM_GCC_541\Debug\ADC_Exercise.a(CyFlash.o)
                              .\CortexM3\ARM_GCC_541\Debug\ADC_Exercise.a(cyPm.o) (CyFlash_SetWaitCycles)
.\CortexM3\ARM_GCC_541\Debug\ADC_Exercise.a(CySpc.o)
                              .\CortexM3\ARM_GCC_541\Debug\ADC_Exercise.a(CyFlash.o) (CySpcStart)
c:/program files (x86)/cypress/psoc creator/4.4/psoc creator/import/gnu/arm/5.4.1/bin/../lib/gcc/arm-none-eabi/5.4.1/armv7-m\libgcc.a(_arm_addsubdf3.o)
                              .\CortexM3\ARM_GCC_541\Debug\ADC_Exercise.a(ADC.o) (__aeabi_f2d)
c:/program files (x86)/cypress/psoc creator/4.4/psoc creator/import/gnu/arm/5.4.1/bin/../lib/gcc/arm-none-eabi/5.4.1/armv7-m\libgcc.a(_arm_cmpdf2.o)
                              .\CortexM3\ARM_GCC_541\Debug\ADC_Exercise.a(ADC.o) (__aeabi_dcmpgt)
c:/program files (x86)/cypress/psoc creator/4.4/psoc creator/import/gnu/arm/5.4.1/bin/../lib/gcc/arm-none-eabi/5.4.1/armv7-m\libgcc.a(_arm_addsubsf3.o)
                              .\CortexM3\ARM_GCC_541\Debug\ADC_Exercise.a(ADC.o) (__aeabi_ui2f)
c:/program files (x86)/cypress/psoc creator/4.4/psoc creator/import/gnu/arm/5.4.1/bin/../lib/gcc/arm-none-eabi/5.4.1/armv7-m\libgcc.a(_arm_muldivsf3.o)
                              .\CortexM3\ARM_GCC_541\Debug\ADC_Exercise.a(ADC.o) (__aeabi_fmul)
c:/program files (x86)/cypress/psoc creator/4.4/psoc creator/import/gnu/arm/5.4.1/bin/../lib/gcc/arm-none-eabi/5.4.1/armv7-m\libgcc.a(_arm_fixunssfsi.o)
                              .\CortexM3\ARM_GCC_541\Debug\ADC_Exercise.a(ADC.o) (__aeabi_f2uiz)
c:/program files (x86)/cypress/psoc creator/4.4/psoc creator/import/gnu/arm/5.4.1/bin/../lib/gcc/arm-none-eabi/5.4.1/../../../../arm-none-eabi/lib/armv7-m\libg_nano.a(lib_a-errno.o)
                              .\CortexM3\ARM_GCC_541\Debug\Cm3Start.o (__errno)
c:/program files (x86)/cypress/psoc creator/4.4/psoc creator/import/gnu/arm/5.4.1/bin/../lib/gcc/arm-none-eabi/5.4.1/../../../../arm-none-eabi/lib/armv7-m\libg_nano.a(lib_a-exit.o)
                              c:/program files (x86)/cypress/psoc creator/4.4/psoc creator/import/gnu/arm/5.4.1/bin/../lib/gcc/arm-none-eabi/5.4.1/../../../../arm-none-eabi/lib/armv7-m/crt0.o (exit)
[...]
Memory Configuration

Name             Origin             Length             Attributes
rom              0x00000000         0x00040000         xr
ram              0x1fff8000         0x00010000         xrw
*default*        0x00000000         0xffffffff

Linker script and memory map

LOAD c:/program files (x86)/cypress/psoc creator/4.4/psoc creator/import/gnu/arm/5.4.1/bin/../lib/gcc/arm-none-eabi/5.4.1/armv7-m/crti.o
LOAD c:/program files (x86)/cypress/psoc creator/4.4/psoc creator/import/gnu/arm/5.4.1/bin/../lib/gcc/arm-none-eabi/5.4.1/armv7-m/crtbegin.o
LOAD c:/program files (x86)/cypress/psoc creator/4.4/psoc creator/import/gnu/arm/5.4.1/bin/../lib/gcc/arm-none-eabi/5.4.1/../../../../arm-none-eabi/lib/armv7-m/crt0.o
START GROUP
LOAD .\CortexM3\ARM_GCC_541\Debug\main.o
LOAD .\CortexM3\ARM_GCC_541\Debug\cyfitter_cfg.o
LOAD .\CortexM3\ARM_GCC_541\Debug\cymetadata.o
LOAD .\CortexM3\ARM_GCC_541\Debug\Cm3Start.o
LOAD .\CortexM3\ARM_GCC_541\Debug\ADC_Exercise.a
LOAD C:\Program Files (x86)\Cypress\PSoC Creator\4.4\PSoC Creator\psoc\content\cycomponentlibrary\CyComponentLibrary.cylib\CortexM3\ARM_GCC_541\Debug\CyComponentLibrary.a
END GROUP
START GROUP
LOAD c:/program files (x86)/cypress/psoc creator/4.4/psoc creator/import/gnu/arm/5.4.1/bin/../lib/gcc/arm-none-eabi/5.4.1/armv7-m\libgcc.a
LOAD c:/program files (x86)/cypress/psoc creator/4.4/psoc creator/import/gnu/arm/5.4.1/bin/../lib/gcc/arm-none-eabi/5.4.1/../../../../arm-none-eabi/lib/armv7-m\libg_nano.a
LOAD c:/program files (x86)/cypress/psoc creator/4.4/psoc creator/import/gnu/arm/5.4.1/bin/../lib/gcc/arm-none-eabi/5.4.1/../../../../arm-none-eabi/lib/armv7-m\libc_nano.a
END GROUP
START GROUP
LOAD c:/program files (x86)/cypress/psoc creator/4.4/psoc creator/import/gnu/arm/5.4.1/bin/../lib/gcc/arm-none-eabi/5.4.1/armv7-m\libgcc.a
LOAD c:/program files (x86)/cypress/psoc creator/4.4/psoc creator/import/gnu/arm/5.4.1/bin/../lib/gcc/arm-none-eabi/5.4.1/../../../../arm-none-eabi/lib/armv7-m\libc_nano.a
END GROUP
LOAD c:/program files (x86)/cypress/psoc creator/4.4/psoc creator/import/gnu/arm/5.4.1/bin/../lib/gcc/arm-none-eabi/5.4.1/armv7-m/crtend.o
LOAD c:/program files (x86)/cypress/psoc creator/4.4/psoc creator/import/gnu/arm/5.4.1/bin/../lib/gcc/arm-none-eabi/5.4.1/armv7-m/crtn.o
START GROUP
LOAD c:/program files (x86)/cypress/psoc creator/4.4/psoc creator/import/gnu/arm/5.4.1/bin/../lib/gcc/arm-none-eabi/5.4.1/armv7-m\libgcc.a
LOAD c:/program files (x86)/cypress/psoc creator/4.4/psoc creator/import/gnu/arm/5.4.1/bin/../lib/gcc/arm-none-eabi/5.4.1/../../../../arm-none-eabi/lib/armv7-m\libc.a
LOAD c:/program files (x86)/cypress/psoc creator/4.4/psoc creator/import/gnu/arm/5.4.1/bin/../lib/gcc/arm-none-eabi/5.4.1/../../../../arm-none-eabi/lib/armv7-m\libnosys.a
END GROUP
                0x00000000                CY_APPL_ORIGIN = 0x0
                0x00000100                CY_FLASH_ROW_SIZE = 0x100
                0x00000020                CY_ECC_ROW_SIZE = 0x20
                0x00000000                CY_EE_IN_BTLDR = 0x0
                0x00000000                CY_APPL_LOADABLE = 0x0
                0x00000800                CY_EE_SIZE = 0x800
                0x00000001                CY_APPL_NUM = 0x1
                0x00000001                CY_APPL_MAX = 0x1
                0x00000040                CY_METADATA_SIZE = 0x40
                0x00000000                CY_APPL_LOADABLE = 0x0
                0x00000000                CY_CHECKSUM_EXCLUDE_SIZE = ALIGN (0x0, CY_FLASH_ROW_SIZE)
                [!provide]                PROVIDE (__cy_heap_start, _end)
                0x00000001                PROVIDE (__cy_region_num, ((__cy_regions_end - __cy_regions) / 0x10))
                0x20008000                PROVIDE (__cy_stack, (ORIGIN (ram) + LENGTH (ram)))
                [!provide]                PROVIDE (__cy_heap_end, (__cy_stack - 0x800))

.cybootloader   0x00000000        0x0
 *(.cybootloader)
                0x00000000                appl1_start = CY_APPL_ORIGIN?CY_APPL_ORIGIN:ALIGN (CY_FLASH_ROW_SIZE)
                0x0001ff00                appl2_start = (appl1_start + ALIGN ((((LENGTH (rom) - appl1_start) - (0x2 * CY_FLASH_ROW_SIZE)) / 0x2), CY_FLASH_ROW_SIZE))
                0x00000000                appl_start = (CY_APPL_NUM == 0x1)?appl1_start:appl2_start
                0x00000000                ecc_offset = ((appl_start / CY_FLASH_ROW_SIZE) * CY_ECC_ROW_SIZE)
                0x00000000                ee_offset = (CY_APPL_LOADABLE && ! (CY_EE_IN_BTLDR))?((CY_EE_SIZE / CY_APPL_MAX) * (CY_APPL_NUM - 0x1)):0x0
                0x00000800                ee_size = (CY_APPL_LOADABLE && ! (CY_EE_IN_BTLDR))?(CY_EE_SIZE / CY_APPL_MAX):CY_EE_SIZE
                [!provide]                PROVIDE (CY_ECC_OFFSET, ecc_offset)

.text           0x00000000     0x10c6
 CREATE_OBJECT_SYMBOLS
                0x00000000                PROVIDE (__cy_interrupt_vector, RomVectors)
 *(.romvectors)
 .romvectors    0x00000000       0x10 .\CortexM3\ARM_GCC_541\Debug\Cm3Start.o
                0x00000000                RomVectors
                0x00000001                ASSERT ((. != __cy_interrupt_vector), No interrupt vector)
                0x00000001                ASSERT (CY_APPL_ORIGIN?(SIZEOF (.cybootloader) <= CY_APPL_ORIGIN):0x1, Wrong image location)
                0x00000010                PROVIDE (__cy_reset, Reset)
 *(.text.Reset)
 .text.Reset    0x00000010       0x18 .\CortexM3\ARM_GCC_541\Debug\Cm3Start.o
                0x00000010                Reset
                0x00000001                ASSERT ((. != __cy_reset), No reset code)
 *(.dma_init)
                0x00000001                ASSERT ((((appl_start + .) <= 0x10000) || 0x1), DMA Init must be within the first 64k of flash)
 *(.text .text.* .gnu.linkonce.t.*)
 .text          0x00000028       0x5c c:/program files (x86)/cypress/psoc creator/4.4/psoc creator/import/gnu/arm/5.4.1/bin/../lib/gcc/arm-none-eabi/5.4.1/armv7-m/crtbegin.o
 .text.main     0x00000084       0x80 .\CortexM3\ARM_GCC_541\Debug\main.o
                0x00000084                main
 .text.CyClockStartupError
                0x00000104        0x4 .\CortexM3\ARM_GCC_541\Debug\cyfitter_cfg.o
 .text.cfg_write_bytes32
                0x00000108       0x34 .\CortexM3\ARM_GCC_541\Debug\cyfitter_cfg.o
 .text.AnalogSetDefault
                0x0000013c       0x40 .\CortexM3\ARM_GCC_541\Debug\cyfitter_cfg.o
 .text.CYMEMZERO
                0x0000017c        0xc .\CortexM3\ARM_GCC_541\Debug\cyfitter_cfg.o
 .text.CYCONFIGCPY
                0x00000188        0x8 .\CortexM3\ARM_GCC_541\Debug\cyfitter_cfg.o
 .text.ClockSetup
                0x00000190       0xfc .\CortexM3\ARM_GCC_541\Debug\cyfitter_cfg.o
 .text.ADC_AMux_Set
                0x0000028c       0x1c .\CortexM3\ARM_GCC_541\Debug\cyfitter_cfg.o
                0x0000028c                ADC_AMux_Set
 .text.ADC_AMux_Unset
                0x000002a8       0x1c .\CortexM3\ARM_GCC_541\Debug\cyfitter_cfg.o
                0x000002a8                ADC_AMux_Unset
 .text.cyfitter_cfg
                0x000002c4      0x110 .\CortexM3\ARM_GCC_541\Debug\cyfitter_cfg.o
                0x000002c4                cyfitter_cfg
 .text.IntDefaultHandler
                0x000003d4       0x10 .\CortexM3\ARM_GCC_541\Debug\Cm3Start.o
                0x000003d4                IntDefaultHandler
 .text.Start_c  0x000003e4       0x4c .\CortexM3\ARM_GCC_541\Debug\Cm3Start.o
                0x000003e4                Start_c
 .text.initialize_psoc
                0x00000430       0x6c .\CortexM3\ARM_GCC_541\Debug\Cm3Start.o
                0x00000430                initialize_psoc
 .text.ADC_GainCompensation
                0x0000049c       0xdc .\CortexM3\ARM_GCC_541\Debug\ADC_Exercise.a(ADC.o)
 .text.ADC_SetDSMRef0Reg
                0x00000578       0x4c .\CortexM3\ARM_GCC_541\Debug\ADC_Exercise.a(ADC.o)
 .text.ADC_InitConfig
                0x000005c4       0xe4 .\CortexM3\ARM_GCC_541\Debug\ADC_Exercise.a(ADC.o)
 .text.ADC_Init
                0x000006a8       0xc4 .\CortexM3\ARM_GCC_541\Debug\ADC_Exercise.a(ADC.o)
                0x000006a8                ADC_Init
 .text.ADC_Enable
                0x0000076c       0xd8 .\CortexM3\ARM_GCC_541\Debug\ADC_Exercise.a(ADC.o)
                0x0000076c                ADC_Enable
 .text.ADC_Start
                0x00000844       0x28 .\CortexM3\ARM_GCC_541\Debug\ADC_Exercise.a(ADC.o)
                0x00000844                ADC_Start
 .text.ADC_StartConvert
                0x0000086c       0x10 .\CortexM3\ARM_GCC_541\Debug\ADC_Exercise.a(ADC.o)
                0x0000086c                ADC_StartConvert
 .text.ADC_IsEndConversion
                0x0000087c       0x30 .\CortexM3\ARM_GCC_541\Debug\ADC_Exercise.a(ADC.o)
                0x0000087c                ADC_IsEndConversion
 .text.ADC_GetResult32
                0x000008ac       0x6c .\CortexM3\ARM_GCC_541\Debug\ADC_Exercise.a(ADC.o)
                0x000008ac                ADC_GetResult32
 .text.ADC_CountsTo_mVolts
                0x00000918       0x24 .\CortexM3\ARM_GCC_541\Debug\ADC_Exercise.a(ADC.o)
                0x00000918                ADC_CountsTo_mVolts
 .text.ADC_ISR1
                0x0000093c        0x4 .\CortexM3\ARM_GCC_541\Debug\ADC_Exercise.a(ADC_INT.o)
                0x0000093c                ADC_ISR1
 .text.WaveDAC8_Enable
                0x00000940       0x28 .\CortexM3\ARM_GCC_541\Debug\ADC_Exercise.a(WaveDAC8.o)
                0x00000940                WaveDAC8_Enable
 .text.WaveDAC8_Wave1Setup
                0x00000968       0x40 .\CortexM3\ARM_GCC_541\Debug\ADC_Exercise.a(WaveDAC8.o)
                0x00000968                WaveDAC8_Wave1Setup
 .text.WaveDAC8_Wave2Setup
                0x000009a8       0x40 .\CortexM3\ARM_GCC_541\Debug\ADC_Exercise.a(WaveDAC8.o)
                0x000009a8                WaveDAC8_Wave2Setup
 .text.WaveDAC8_Init
                0x000009e8       0x40 .\CortexM3\ARM_GCC_541\Debug\ADC_Exercise.a(WaveDAC8.o)
                0x000009e8                WaveDAC8_Init
 .text.WaveDAC8_Start
                0x00000a28       0x1c .\CortexM3\ARM_GCC_541\Debug\ADC_Exercise.a(WaveDAC8.o)
                0x00000a28                WaveDAC8_Start
 .text.Green_LED_Write
                0x00000a44       0x18 .\CortexM3\ARM_GCC_541\Debug\ADC_Exercise.a(Green_LED.o)
                0x00000a44                Green_LED_Write
 .text.Yellow_LED_Write
                0x00000a5c       0x18 .\CortexM3\ARM_GCC_541\Debug\ADC_Exercise.a(Yellow_LED.o)
                0x00000a5c                Yellow_LED_Write
 .text.Red_LED_Write
                0x00000a74       0x18 .\CortexM3\ARM_GCC_541\Debug\ADC_Exercise.a(Red_LED.o)
                0x00000a74                Red_LED_Write
 .text.ADC_AMux_Start
                0x00000a8c       0x20 .\CortexM3\ARM_GCC_541\Debug\ADC_Exercise.a(ADC_AMux.o)
                0x00000a8c                ADC_AMux_Start
 .text.ADC_AMux_Select
                0x00000aac       0x18 .\CortexM3\ARM_GCC_541\Debug\ADC_Exercise.a(ADC_AMux.o)
                0x00000aac                ADC_AMux_Select
 .text.ADC_Ext_CP_Clk_GetDividerRegister
                0x00000ac4        0xc .\CortexM3\ARM_GCC_541\Debug\ADC_Exercise.a(ADC_Ext_CP_Clk.o)
                0x00000ac4                ADC_Ext_CP_Clk_GetDividerRegister
 .text.ADC_Ext_CP_Clk_SetModeRegister
                0x00000ad0       0x14 .\CortexM3\ARM_GCC_541\Debug\ADC_Exercise.a(ADC_Ext_CP_Clk.o)
                0x00000ad0                ADC_Ext_CP_Clk_SetModeRegister
 .text.ADC_Ext_CP_Clk_GetSourceRegister
                0x00000ae4       0x10 .\CortexM3\ARM_GCC_541\Debug\ADC_Exercise.a(ADC_Ext_CP_Clk.o)
                0x00000ae4                ADC_Ext_CP_Clk_GetSourceRegister
 .text.ADC_Ext_CP_Clk_SetDividerRegister
                0x00000af4       0xd8 .\CortexM3\ARM_GCC_541\Debug\ADC_Exercise.a(ADC_Ext_CP_Clk.o)
                0x00000af4                ADC_Ext_CP_Clk_SetDividerRegister
 .text.ADC_theACLK_GetDividerRegister
                0x00000bcc        0xc .\CortexM3\ARM_GCC_541\Debug\ADC_Exercise.a(ADC_theACLK.o)
                0x00000bcc                ADC_theACLK_GetDividerRegister
 .text.ADC_theACLK_SetModeRegister
                0x00000bd8       0x14 .\CortexM3\ARM_GCC_541\Debug\ADC_Exercise.a(ADC_theACLK.o)
                0x00000bd8                ADC_theACLK_SetModeRegister
 .text.ADC_theACLK_GetSourceRegister
                0x00000bec       0x10 .\CortexM3\ARM_GCC_541\Debug\ADC_Exercise.a(ADC_theACLK.o)
                0x00000bec                ADC_theACLK_GetSourceRegister
 .text.ADC_theACLK_SetDividerRegister
                0x00000bfc       0xd8 .\CortexM3\ARM_GCC_541\Debug\ADC_Exercise.a(ADC_theACLK.o)
                0x00000bfc                ADC_theACLK_SetDividerRegister
 .text.WaveDAC8_DacClk_Start
                0x00000cd4       0x1c .\CortexM3\ARM_GCC_541\Debug\ADC_Exercise.a(WaveDAC8_DacClk.o)
                0x00000cd4                WaveDAC8_DacClk_Start
 .text.WaveDAC8_Wave1_DMA_DmaInitialize
                0x00000cf0       0x3c .\CortexM3\ARM_GCC_541\Debug\ADC_Exercise.a(WaveDAC8_Wave1_DMA_dma.o)
                0x00000cf0                WaveDAC8_Wave1_DMA_DmaInitialize
 .text.WaveDAC8_Wave2_DMA_DmaInitialize
                0x00000d2c       0x3c .\CortexM3\ARM_GCC_541\Debug\ADC_Exercise.a(WaveDAC8_Wave2_DMA_dma.o)
                0x00000d2c                WaveDAC8_Wave2_DMA_DmaInitialize
 .text.WaveDAC8_VDAC8_Enable
                0x00000d68       0x1c .\CortexM3\ARM_GCC_541\Debug\ADC_Exercise.a(WaveDAC8_VDAC8.o)
                0x00000d68                WaveDAC8_VDAC8_Enable
 .text.WaveDAC8_VDAC8_SetSpeed
                0x00000d84       0x1c .\CortexM3\ARM_GCC_541\Debug\ADC_Exercise.a(WaveDAC8_VDAC8.o)
                0x00000d84                WaveDAC8_VDAC8_SetSpeed
 .text.WaveDAC8_VDAC8_SetValue
                0x00000da0        0xc .\CortexM3\ARM_GCC_541\Debug\ADC_Exercise.a(WaveDAC8_VDAC8.o)
                0x00000da0                WaveDAC8_VDAC8_SetValue
 .text.WaveDAC8_VDAC8_DacTrim
                0x00000dac       0x24 .\CortexM3\ARM_GCC_541\Debug\ADC_Exercise.a(WaveDAC8_VDAC8.o)
                0x00000dac                WaveDAC8_VDAC8_DacTrim
 .text.WaveDAC8_VDAC8_SetRange
                0x00000dd0       0x20 .\CortexM3\ARM_GCC_541\Debug\ADC_Exercise.a(WaveDAC8_VDAC8.o)
                0x00000dd0                WaveDAC8_VDAC8_SetRange
 .text.WaveDAC8_VDAC8_Init
                0x00000df0       0x2c .\CortexM3\ARM_GCC_541\Debug\ADC_Exercise.a(WaveDAC8_VDAC8.o)
                0x00000df0                WaveDAC8_VDAC8_Init
 .text.CyDmacConfigure
                0x00000e1c       0x34 .\CortexM3\ARM_GCC_541\Debug\ADC_Exercise.a(CyDmac.o)
                0x00000e1c                CyDmacConfigure
 .text.CyDmaChEnable
                0x00000e50       0x38 .\CortexM3\ARM_GCC_541\Debug\ADC_Exercise.a(CyDmac.o)
                0x00000e50                CyDmaChEnable
 .text.CyDmaChPriority
                0x00000e88       0x24 .\CortexM3\ARM_GCC_541\Debug\ADC_Exercise.a(CyDmac.o)
                0x00000e88                CyDmaChPriority
 .text.CyDmaChSetExtendedAddress
                0x00000eac       0x34 .\CortexM3\ARM_GCC_541\Debug\ADC_Exercise.a(CyDmac.o)
                0x00000eac                CyDmaChSetExtendedAddress
 .text.CyDmaChSetInitialTd
                0x00000ee0       0x18 .\CortexM3\ARM_GCC_541\Debug\ADC_Exercise.a(CyDmac.o)
                0x00000ee0                CyDmaChSetInitialTd
 .text.CyDmaChSetConfiguration
                0x00000ef8       0x44 .\CortexM3\ARM_GCC_541\Debug\ADC_Exercise.a(CyDmac.o)
                0x00000ef8                CyDmaChSetConfiguration
 .text.CyDmaTdAllocate
                0x00000f3c       0x34 .\CortexM3\ARM_GCC_541\Debug\ADC_Exercise.a(CyDmac.o)
                0x00000f3c                CyDmaTdAllocate
 .text.CyDmaTdSetConfiguration
                0x00000f70       0x28 .\CortexM3\ARM_GCC_541\Debug\ADC_Exercise.a(CyDmac.o)
                0x00000f70                CyDmaTdSetConfiguration
 .text.CyDmaTdSetAddress
                0x00000f98       0x1c .\CortexM3\ARM_GCC_541\Debug\ADC_Exercise.a(CyDmac.o)
                0x00000f98                CyDmaTdSetAddress
 .text.CyHalt   0x00000fb4        0x4 .\CortexM3\ARM_GCC_541\Debug\ADC_Exercise.a(CyLib.o)
                0x00000fb4                CyHalt
 .text.CyDelayUs
                0x00000fb8       0x14 .\CortexM3\ARM_GCC_541\Debug\ADC_Exercise.a(CyLib.o)
                0x00000fb8                CyDelayUs
 .text.CyIntSetVector
                0x00000fcc       0x28 .\CortexM3\ARM_GCC_541\Debug\ADC_Exercise.a(CyLib.o)
                0x00000fcc                CyIntSetVector
 .text.CyIntSetPriority
                0x00000ff4       0x30 .\CortexM3\ARM_GCC_541\Debug\ADC_Exercise.a(CyLib.o)
                0x00000ff4                CyIntSetPriority
 *fill*         0x00001024        0x4 
 .text          0x00001028       0x20 .\CortexM3\ARM_GCC_541\Debug\ADC_Exercise.a(CyBootAsmGnu.o)
                0x00001028                CyDelayCycles
                0x00001038                CyEnterCriticalSection
                0x00001040                CyExitCriticalSection
 .text.__errno  0x00001048        0xc c:/program files (x86)/cypress/psoc creator/4.4/psoc creator/import/gnu/arm/5.4.1/bin/../lib/gcc/arm-none-eabi/5.4.1/../../../../arm-none-eabi/lib/armv7-m\libg_nano.a(lib_a-errno.o)
                0x00001048                __errno
 .text.__libc_init_array
                0x00001054       0x4c c:/program files (x86)/cypress/psoc creator/4.4/psoc creator/import/gnu/arm/5.4.1/bin/../lib/gcc/arm-none-eabi/5.4.1/../../../../arm-none-eabi/lib/armv7-m\libg_nano.a(lib_a-init.o)
                0x00001054                __libc_init_array
 .text.memcpy   0x000010a0       0x16 c:/program files (x86)/cypress/psoc creator/4.4/psoc creator/import/gnu/arm/5.4.1/bin/../lib/gcc/arm-none-eabi/5.4.1/../../../../arm-none-eabi/lib/armv7-m\libg_nano.a(lib_a-memcpy-stub.o)
                0x000010a0                memcpy
 .text.memset   0x000010b6       0x10 c:/program files (x86)/cypress/psoc creator/4.4/psoc creator/import/gnu/arm/5.4.1/bin/../lib/gcc/arm-none-eabi/5.4.1/../../../../arm-none-eabi/lib/armv7-m\libg_nano.a(lib_a-memset.o)
                0x000010b6                memset
 *(.plt)
 *(.gnu.warning)
 *(.glue_7t)
 .glue_7t       0x000010c6        0x0 linker stubs
 *(.glue_7)
 .glue_7        0x000010c6        0x0 linker stubs
 *(.vfp11_veneer)
 .vfp11_veneer  0x000010c6        0x0 linker stubs
 *(.bootloader)
 *(.ARM.extab* .gnu.linkonce.armextab.*)
 *(.gcc_except_table)

.v4_bx          0x000010c8        0x0
 .v4_bx         0x000010c8        0x0 linker stubs

.iplt           0x000010c8        0x0
 .iplt          0x000010c8        0x0 c:/program files (x86)/cypress/psoc creator/4.4/psoc creator/import/gnu/arm/5.4.1/bin/../lib/gcc/arm-none-eabi/5.4.1/armv7-m/crtbegin.o

.eh_frame_hdr
 *(.eh_frame_hdr)

.eh_frame       0x000010c8        0x4
 *(.eh_frame)
 .eh_frame      0x000010c8        0x0 c:/program files (x86)/cypress/psoc creator/4.4/psoc creator/import/gnu/arm/5.4.1/bin/../lib/gcc/arm-none-eabi/5.4.1/armv7-m/crtbegin.o
 .eh_frame      0x000010c8        0x4 c:/program files (x86)/cypress/psoc creator/4.4/psoc creator/import/gnu/arm/5.4.1/bin/../lib/gcc/arm-none-eabi/5.4.1/armv7-m/crtend.o
                [!provide]                PROVIDE (__exidx_start, .)

.ARM.exidx
 *(.ARM.exidx* .gnu.linkonce.armexidx.*)
                0x000010cc                __exidx_end = .

.rodata         0x000010cc      0x4c4
 *(.rodata .rodata.* .gnu.linkonce.r.*)
 .rodata        0x000010cc       0x3c .\CortexM3\ARM_GCC_541\Debug\cyfitter_cfg.o
                0x000010cc                ADC_AMux__addrTable
                0x000010d4                ADC_AMux__maskTable
 .rodata        0x00001108      0x44c .\CortexM3\ARM_GCC_541\Debug\ADC_Exercise.a(WaveDAC8.o)
                0x00001108                WaveDAC8_wave1
                0x000014f0                WaveDAC8_wave2
 .rodata.str1.1
                0x00001554        0x2 c:/program files (x86)/cypress/psoc creator/4.4/psoc creator/import/gnu/arm/5.4.1/bin/../lib/gcc/arm-none-eabi/5.4.1/../../../../arm-none-eabi/lib/armv7-m\libg_nano.a(lib_a-impure.o)
                0x00001558                . = ALIGN (0x4)
 *fill*         0x00001556        0x2 
 *(.init)
 .init          0x00001558        0x4 c:/program files (x86)/cypress/psoc creator/4.4/psoc creator/import/gnu/arm/5.4.1/bin/../lib/gcc/arm-none-eabi/5.4.1/armv7-m/crti.o
                0x00001558                _init
 .init          0x0000155c        0x8 c:/program files (x86)/cypress/psoc creator/4.4/psoc creator/import/gnu/arm/5.4.1/bin/../lib/gcc/arm-none-eabi/5.4.1/armv7-m/crtn.o
                0x00001564                . = ALIGN (0x4)
                0x00001564                __preinit_array_start = .
 *(.preinit_array)
                0x00001564                __preinit_array_end = .
                0x00001564                . = ALIGN (0x4)
                0x00001564                __init_array_start = .
 *(SORT(.init_array.*))
 *(.init_array)
 .init_array    0x00001564        0x4 c:/program files (x86)/cypress/psoc creator/4.4/psoc creator/import/gnu/arm/5.4.1/bin/../lib/gcc/arm-none-eabi/5.4.1/armv7-m/crtbegin.o
 .init_array    0x00001568        0x4 .\CortexM3\ARM_GCC_541\Debug\Cm3Start.o
                0x0000156c                __init_array_end = .
                0x0000156c                . = ALIGN (0x4)
 *(.fini)
 .fini          0x0000156c        0x4 c:/program files (x86)/cypress/psoc creator/4.4/psoc creator/import/gnu/arm/5.4.1/bin/../lib/gcc/arm-none-eabi/5.4.1/armv7-m/crti.o
                0x0000156c                _fini
 .fini          0x00001570        0x8 c:/program files (x86)/cypress/psoc creator/4.4/psoc creator/import/gnu/arm/5.4.1/bin/../lib/gcc/arm-none-eabi/5.4.1/armv7-m/crtn.o
                0x00001578                . = ALIGN (0x4)
                0x00001578                __fini_array_start = .
 *(.fini_array)
 .fini_array    0x00001578        0x4 c:/program files (x86)/cypress/psoc creator/4.4/psoc creator/import/gnu/arm/5.4.1/bin/../lib/gcc/arm-none-eabi/5.4.1/armv7-m/crtbegin.o
 *(SORT(.fini_array.*))
                0x0000157c                __fini_array_end = .
                0x0000157c                . = ALIGN (0x4)
 *crtbegin.o(.ctors)
 *(EXCLUDE_FILE(*crtend.o) .ctors)
 *(SORT(.ctors.*))
 *crtend.o(.ctors)
                0x0000157c                . = ALIGN (0x4)
 *crtbegin.o(.dtors)
 *(EXCLUDE_FILE(*crtend.o) .dtors)
 *(SORT(.dtors.*))
 *crtend.o(.dtors)
                0x0000157c                . = ALIGN (0x4)
                0x0000157c                __cy_regions = .
                0x0000157c        0x4 LONG 0x1590 __cy_region_init_ram
                0x00001580        0x4 LONG 0x1fff80c8 __cy_region_start_data
                0x00001584        0x4 LONG 0x88 __cy_region_init_size_ram
                0x00001588        0x4 LONG 0x38 __cy_region_zero_size_ram
                0x0000158c                __cy_regions_end = .
                0x00001590                . = ALIGN (0x8)
 *fill*         0x0000158c        0x4 
                0x00001590                _etext = .

.cy_checksum_exclude
                0x00001590        0x0
 *(.cy_checksum_exclude)

.ramvectors     0x1fff8000       0xc0
                0x1fff8000                __cy_region_start_ram = .
 *(.ramvectors)
 .ramvectors    0x1fff8000       0xc0 .\CortexM3\ARM_GCC_541\Debug\Cm3Start.o
                0x1fff8000                CyRamVectors

.noinit         0x1fff80c0        0x1
 *(.noinit)
 .noinit        0x1fff80c0        0x1 .\CortexM3\ARM_GCC_541\Debug\ADC_Exercise.a(CyLib.o)
                0x1fff80c0                CyResetStatus

.data           0x1fff80c8       0x88 load address 0x00001590
                0x1fff80c8                __cy_region_start_data = .
 *(.jcr)
 .jcr           0x1fff80c8        0x0 c:/program files (x86)/cypress/psoc creator/4.4/psoc creator/import/gnu/arm/5.4.1/bin/../lib/gcc/arm-none-eabi/5.4.1/armv7-m/crtbegin.o
 .jcr           0x1fff80c8        0x4 c:/program files (x86)/cypress/psoc creator/4.4/psoc creator/import/gnu/arm/5.4.1/bin/../lib/gcc/arm-none-eabi/5.4.1/armv7-m/crtend.o
 *(.got.plt)
 *(.got)
 *(.shdata)
 *(.data .data.* .gnu.linkonce.d.*)
 .data          0x1fff80cc        0x1 .\CortexM3\ARM_GCC_541\Debug\ADC_Exercise.a(ADC.o)
                0x1fff80cc                ADC_Config
 .data          0x1fff80cd        0x1 .\CortexM3\ARM_GCC_541\Debug\ADC_Exercise.a(ADC_AMux.o)
 .data          0x1fff80ce        0x1 .\CortexM3\ARM_GCC_541\Debug\ADC_Exercise.a(WaveDAC8_Wave1_DMA_dma.o)
                0x1fff80ce                WaveDAC8_Wave1_DMA_DmaHandle
 .data          0x1fff80cf        0x1 .\CortexM3\ARM_GCC_541\Debug\ADC_Exercise.a(WaveDAC8_Wave2_DMA_dma.o)
                0x1fff80cf                WaveDAC8_Wave2_DMA_DmaHandle
 .data          0x1fff80d0        0x8 .\CortexM3\ARM_GCC_541\Debug\ADC_Exercise.a(CyDmac.o)
 .data          0x1fff80d8       0x10 .\CortexM3\ARM_GCC_541\Debug\ADC_Exercise.a(CyLib.o)
                0x1fff80d8                cydelay_32k_ms
                0x1fff80dc                cydelay_freq_khz
                0x1fff80e0                cydelay_freq_mhz
                0x1fff80e4                cydelay_freq_hz
 .data.impure_data
                0x1fff80e8       0x60 c:/program files (x86)/cypress/psoc creator/4.4/psoc creator/import/gnu/arm/5.4.1/bin/../lib/gcc/arm-none-eabi/5.4.1/../../../../arm-none-eabi/lib/armv7-m\libg_nano.a(lib_a-impure.o)
 .data._impure_ptr
                0x1fff8148        0x4 c:/program files (x86)/cypress/psoc creator/4.4/psoc creator/import/gnu/arm/5.4.1/bin/../lib/gcc/arm-none-eabi/5.4.1/../../../../arm-none-eabi/lib/armv7-m\libg_nano.a(lib_a-impure.o)
                0x1fff8148                _impure_ptr
                0x1fff8150                . = ALIGN (0x8)
 *fill*         0x1fff814c        0x4 
 *(.ram)
                0x1fff8150                _edata = .

.igot.plt       0x1fff8150        0x0 load address 0x00001618
 .igot.plt      0x1fff8150        0x0 c:/program files (x86)/cypress/psoc creator/4.4/psoc creator/import/gnu/arm/5.4.1/bin/../lib/gcc/arm-none-eabi/5.4.1/armv7-m/crtbegin.o

.bss            0x1fff8150       0x38 load address 0x00001618
                0x1fff8150                PROVIDE (__bss_start__, .)
 *(.shbss)
 *(.bss .bss.* .gnu.linkonce.b.*)
 .bss           0x1fff8150       0x1c c:/program files (x86)/cypress/psoc creator/4.4/psoc creator/import/gnu/arm/5.4.1/bin/../lib/gcc/arm-none-eabi/5.4.1/armv7-m/crtbegin.o
 .bss           0x1fff816c        0xc .\CortexM3\ARM_GCC_541\Debug\ADC_Exercise.a(ADC.o)
                0x1fff8170                ADC_stopConversion
                0x1fff8171                ADC_convDone
                0x1fff8172                ADC_initVar
                0x1fff8173                ADC_started
                0x1fff8174                ADC_Offset
 .bss           0x1fff8178        0x5 .\CortexM3\ARM_GCC_541\Debug\ADC_Exercise.a(WaveDAC8.o)
                0x1fff817c                WaveDAC8_initVar
 *(COMMON)
 *fill*         0x1fff817d        0x3 
 COMMON         0x1fff8180        0x4 .\CortexM3\ARM_GCC_541\Debug\ADC_Exercise.a(ADC.o)
                0x1fff8180                ADC_CountsPerVolt
                0x1fff8188                . = ALIGN (0x8)
 *fill*         0x1fff8184        0x4 
 *(.ram.b)
                0x1fff8188                _end = .
                0x1fff8188                __end = .
                0x1fff8188                PROVIDE (end, .)
                0x1fff8188                PROVIDE (__bss_end__, .)
                0x00001590                __cy_region_init_ram = LOADADDR (.data)
                0x00000088                __cy_region_init_size_ram = (_edata - ADDR (.data))
                0x00000038                __cy_region_zero_size_ram = (_end - _edata)

.heap           0x1fff8188       0x80 load address 0x00001618
                0x1fff8188                . = _end
                0x1fff8208                . = (. + 0x80)
 *fill*         0x1fff8188       0x80 
                0x1fff8208                __cy_heap_limit = .

.stack          0x20007800      0x800
                0x20007800                __cy_stack_limit = .
                0x20008000                . = (. + 0x800)
 *fill*         0x20007800      0x800 
                0x00000001                ASSERT ((__cy_stack_limit >= __cy_heap_limit), region RAM overflowed with stack)
                0x00000000                cy_checksum_exclude_size = (CY_APPL_LOADABLE == 0x1)?SIZEOF (.cy_checksum_exclude):0x0
                0x00000001                ASSERT ((cy_checksum_exclude_size <= CY_CHECKSUM_EXCLUDE_SIZE), CY_BOOT: Section .cy_checksum_exclude size exceedes specified limit.)

.cyloadermeta
 *(.cyloadermeta)

.cyloadablemeta
 *(.cyloadablemeta)

.cyconfigecc    0x80000000      0x47c
 *(.cyconfigecc)
 .cyconfigecc   0x80000000      0x47c .\CortexM3\ARM_GCC_541\Debug\cymetadata.o
                0x80000000                cy_meta_configecc

.cycustnvl      0x90000000        0x4
 *(.cycustnvl)
 .cycustnvl     0x90000000        0x4 .\CortexM3\ARM_GCC_541\Debug\cymetadata.o
                0x90000000                cy_meta_custnvl

.cywolatch      0x90100000        0x4
 *(.cywolatch)
 .cywolatch     0x90100000        0x4 .\CortexM3\ARM_GCC_541\Debug\cymetadata.o
                0x90100000                cy_meta_wonvl

.cyeeprom       0x90200000        0x0
 *(.cyeeprom)
                0x00000001                ASSERT ((. <= ((0x90200000 + ee_offset) + ee_size)), .cyeeprom data will not fit in EEPROM)

.cyflashprotect
                0x90400000      0x100
 *(.cyflashprotect)
 .cyflashprotect
                0x90400000      0x100 .\CortexM3\ARM_GCC_541\Debug\cymetadata.o
                0x90400000                cy_meta_flashprotect

.cymeta         0x90500000        0xc
 *(.cymeta)
 .cymeta        0x90500000        0xc .\CortexM3\ARM_GCC_541\Debug\cymetadata.o
                0x90500000                cy_metadata

.rel.dyn        0x00001618        0x0 load address 0x9050000c
 .rel.iplt      0x00001618        0x0 c:/program files (x86)/cypress/psoc creator/4.4/psoc creator/import/gnu/arm/5.4.1/bin/../lib/gcc/arm-none-eabi/5.4.1/armv7-m/crtbegin.o

.stab
 *(.stab)

.stabstr
 *(.stabstr)

.debug
 *(.debug)

.line
 *(.line)

.debug_srcinfo
 *(.debug_srcinfo)

.debug_sfnames
 *(.debug_sfnames)

.debug_aranges  0x00000000      0xa70
 *(.debug_aranges)
 .debug_aranges
                0x00000000       0x20 .\CortexM3\ARM_GCC_541\Debug\main.o
 .debug_aranges
                0x00000020       0x68 .\CortexM3\ARM_GCC_541\Debug\cyfitter_cfg.o
 .debug_aranges
                0x00000088       0x18 .\CortexM3\ARM_GCC_541\Debug\cymetadata.o
 .debug_aranges
                0x000000a0       0x48 .\CortexM3\ARM_GCC_541\Debug\Cm3Start.o
 .debug_aranges
                0x000000e8       0xe8 .\CortexM3\ARM_GCC_541\Debug\ADC_Exercise.a(ADC.o)
 .debug_aranges
                0x000001d0       0x38 .\CortexM3\ARM_GCC_541\Debug\ADC_Exercise.a(ADC_INT.o)
 .debug_aranges
                0x00000208       0x50 .\CortexM3\ARM_GCC_541\Debug\ADC_Exercise.a(WaveDAC8.o)
 .debug_aranges
                0x00000258       0x38 .\CortexM3\ARM_GCC_541\Debug\ADC_Exercise.a(Green_LED.o)
 .debug_aranges
                0x00000290       0x38 .\CortexM3\ARM_GCC_541\Debug\ADC_Exercise.a(Yellow_LED.o)
 .debug_aranges
                0x000002c8       0x38 .\CortexM3\ARM_GCC_541\Debug\ADC_Exercise.a(Red_LED.o)
 .debug_aranges
                0x00000300       0x30 .\CortexM3\ARM_GCC_541\Debug\ADC_Exercise.a(ADC_AMux.o)
 .debug_aranges
                0x00000330       0x70 .\CortexM3\ARM_GCC_541\Debug\ADC_Exercise.a(ADC_Ext_CP_Clk.o)
 .debug_aranges
                0x000003a0       0x80 .\CortexM3\ARM_GCC_541\Debug\ADC_Exercise.a(ADC_theACLK.o)
 .debug_aranges
                0x00000420       0x70 .\CortexM3\ARM_GCC_541\Debug\ADC_Exercise.a(WaveDAC8_DacClk.o)
 .debug_aranges
                0x00000490       0x28 .\CortexM3\ARM_GCC_541\Debug\ADC_Exercise.a(WaveDAC8_Wave1_DMA_dma.o)
 .debug_aranges
                0x000004b8       0x28 .\CortexM3\ARM_GCC_541\Debug\ADC_Exercise.a(WaveDAC8_Wave2_DMA_dma.o)
 .debug_aranges
                0x000004e0       0x58 .\CortexM3\ARM_GCC_541\Debug\ADC_Exercise.a(WaveDAC8_VDAC8.o)
 .debug_aranges
                0x00000538       0xd8 .\CortexM3\ARM_GCC_541\Debug\ADC_Exercise.a(CyDmac.o)
 .debug_aranges
                0x00000610      0x2a0 .\CortexM3\ARM_GCC_541\Debug\ADC_Exercise.a(CyLib.o)
 .debug_aranges
                0x000008b0       0x98 .\CortexM3\ARM_GCC_541\Debug\ADC_Exercise.a(cyPm.o)
 .debug_aranges
                0x00000948       0x20 .\CortexM3\ARM_GCC_541\Debug\ADC_Exercise.a(CyBootAsmGnu.o)
 .debug_aranges
                0x00000968       0x88 .\CortexM3\ARM_GCC_541\Debug\ADC_Exercise.a(CyFlash.o)
 .debug_aranges
                0x000009f0       0x80 .\CortexM3\ARM_GCC_541\Debug\ADC_Exercise.a(CySpc.o)

.debug_pubnames
 *(.debug_pubnames)

.debug_info     0x00000000     0x6247
 *(.debug_info .gnu.linkonce.wi.*)
 .debug_info    0x00000000      0x290 .\CortexM3\ARM_GCC_541\Debug\main.o
 .debug_info    0x00000290      0x5d4 .\CortexM3\ARM_GCC_541\Debug\cyfitter_cfg.o
 .debug_info    0x00000864      0x136 .\CortexM3\ARM_GCC_541\Debug\cymetadata.o
 .debug_info    0x0000099a      0x3cf .\CortexM3\ARM_GCC_541\Debug\Cm3Start.o
 .debug_info    0x00000d69      0xa18 .\CortexM3\ARM_GCC_541\Debug\ADC_Exercise.a(ADC.o)
 .debug_info    0x00001781       0xd3 .\CortexM3\ARM_GCC_541\Debug\ADC_Exercise.a(ADC_INT.o)
 .debug_info    0x00001854      0x519 .\CortexM3\ARM_GCC_541\Debug\ADC_Exercise.a(WaveDAC8.o)
 .debug_info    0x00001d6d      0x11f .\CortexM3\ARM_GCC_541\Debug\ADC_Exercise.a(Green_LED.o)
 .debug_info    0x00001e8c      0x11f .\CortexM3\ARM_GCC_541\Debug\ADC_Exercise.a(Yellow_LED.o)
 .debug_info    0x00001fab      0x11f .\CortexM3\ARM_GCC_541\Debug\ADC_Exercise.a(Red_LED.o)
 .debug_info    0x000020ca      0x165 .\CortexM3\ARM_GCC_541\Debug\ADC_Exercise.a(ADC_AMux.o)
 .debug_info    0x0000222f      0x283 .\CortexM3\ARM_GCC_541\Debug\ADC_Exercise.a(ADC_Ext_CP_Clk.o)
 .debug_info    0x000024b2      0x2c4 .\CortexM3\ARM_GCC_541\Debug\ADC_Exercise.a(ADC_theACLK.o)
 .debug_info    0x00002776      0x283 .\CortexM3\ARM_GCC_541\Debug\ADC_Exercise.a(WaveDAC8_DacClk.o)
 .debug_info    0x000029f9      0x1aa .\CortexM3\ARM_GCC_541\Debug\ADC_Exercise.a(WaveDAC8_Wave1_DMA_dma.o)
 .debug_info    0x00002ba3      0x1a7 .\CortexM3\ARM_GCC_541\Debug\ADC_Exercise.a(WaveDAC8_Wave2_DMA_dma.o)
 .debug_info    0x00002d4a      0x1de .\CortexM3\ARM_GCC_541\Debug\ADC_Exercise.a(WaveDAC8_VDAC8.o)
 .debug_info    0x00002f28      0x94e .\CortexM3\ARM_GCC_541\Debug\ADC_Exercise.a(CyDmac.o)
 .debug_info    0x00003876     0x1374 .\CortexM3\ARM_GCC_541\Debug\ADC_Exercise.a(CyLib.o)
 .debug_info    0x00004bea      0xa2a .\CortexM3\ARM_GCC_541\Debug\ADC_Exercise.a(cyPm.o)
 .debug_info    0x00005614       0x96 .\CortexM3\ARM_GCC_541\Debug\ADC_Exercise.a(CyBootAsmGnu.o)
 .debug_info    0x000056aa      0x64d .\CortexM3\ARM_GCC_541\Debug\ADC_Exercise.a(CyFlash.o)
 .debug_info    0x00005cf7      0x550 .\CortexM3\ARM_GCC_541\Debug\ADC_Exercise.a(CySpc.o)

.debug_abbrev   0x00000000     0x1a18
 *(.debug_abbrev)
 .debug_abbrev  0x00000000       0xd5 .\CortexM3\ARM_GCC_541\Debug\main.o
 .debug_abbrev  0x000000d5      0x21e .\CortexM3\ARM_GCC_541\Debug\cyfitter_cfg.o
 .debug_abbrev  0x000002f3       0x77 .\CortexM3\ARM_GCC_541\Debug\cymetadata.o
 .debug_abbrev  0x0000036a      0x1e8 .\CortexM3\ARM_GCC_541\Debug\Cm3Start.o
 .debug_abbrev  0x00000552      0x1eb .\CortexM3\ARM_GCC_541\Debug\ADC_Exercise.a(ADC.o)
 .debug_abbrev  0x0000073d       0x42 .\CortexM3\ARM_GCC_541\Debug\ADC_Exercise.a(ADC_INT.o)
 .debug_abbrev  0x0000077f      0x114 .\CortexM3\ARM_GCC_541\Debug\ADC_Exercise.a(WaveDAC8.o)
 .debug_abbrev  0x00000893       0x90 .\CortexM3\ARM_GCC_541\Debug\ADC_Exercise.a(Green_LED.o)
 .debug_abbrev  0x00000923       0x90 .\CortexM3\ARM_GCC_541\Debug\ADC_Exercise.a(Yellow_LED.o)
 .debug_abbrev  0x000009b3       0x90 .\CortexM3\ARM_GCC_541\Debug\ADC_Exercise.a(Red_LED.o)
 .debug_abbrev  0x00000a43       0xb1 .\CortexM3\ARM_GCC_541\Debug\ADC_Exercise.a(ADC_AMux.o)
 .debug_abbrev  0x00000af4      0x139 .\CortexM3\ARM_GCC_541\Debug\ADC_Exercise.a(ADC_Ext_CP_Clk.o)
 .debug_abbrev  0x00000c2d      0x121 .\CortexM3\ARM_GCC_541\Debug\ADC_Exercise.a(ADC_theACLK.o)
 .debug_abbrev  0x00000d4e      0x139 .\CortexM3\ARM_GCC_541\Debug\ADC_Exercise.a(WaveDAC8_DacClk.o)
 .debug_abbrev  0x00000e87       0xcd .\CortexM3\ARM_GCC_541\Debug\ADC_Exercise.a(WaveDAC8_Wave1_DMA_dma.o)
 .debug_abbrev  0x00000f54       0xcd .\CortexM3\ARM_GCC_541\Debug\ADC_Exercise.a(WaveDAC8_Wave2_DMA_dma.o)
 .debug_abbrev  0x00001021       0xf7 .\CortexM3\ARM_GCC_541\Debug\ADC_Exercise.a(WaveDAC8_VDAC8.o)
 .debug_abbrev  0x00001118      0x1b2 .\CortexM3\ARM_GCC_541\Debug\ADC_Exercise.a(CyDmac.o)
 .debug_abbrev  0x000012ca      0x254 .\CortexM3\ARM_GCC_541\Debug\ADC_Exercise.a(CyLib.o)
 .debug_abbrev  0x0000151e      0x1ab .\CortexM3\ARM_GCC_541\Debug\ADC_Exercise.a(cyPm.o)
 .debug_abbrev  0x000016c9       0x14 .\CortexM3\ARM_GCC_541\Debug\ADC_Exercise.a(CyBootAsmGnu.o)
 .debug_abbrev  0x000016dd      0x1a7 .\CortexM3\ARM_GCC_541\Debug\ADC_Exercise.a(CyFlash.o)
 .debug_abbrev  0x00001884      0x194 .\CortexM3\ARM_GCC_541\Debug\ADC_Exercise.a(CySpc.o)

.debug_line     0x00000000     0x28cf
 *(.debug_line)
 .debug_line    0x00000000      0x1d1 .\CortexM3\ARM_GCC_541\Debug\main.o
 .debug_line    0x000001d1      0x209 .\CortexM3\ARM_GCC_541\Debug\cyfitter_cfg.o
 .debug_line    0x000003da      0x141 .\CortexM3\ARM_GCC_541\Debug\cymetadata.o
 .debug_line    0x0000051b      0x241 .\CortexM3\ARM_GCC_541\Debug\Cm3Start.o
 .debug_line    0x0000075c      0x34f .\CortexM3\ARM_GCC_541\Debug\ADC_Exercise.a(ADC.o)
 .debug_line    0x00000aab       0x80 .\CortexM3\ARM_GCC_541\Debug\ADC_Exercise.a(ADC_INT.o)
 .debug_line    0x00000b2b      0x156 .\CortexM3\ARM_GCC_541\Debug\ADC_Exercise.a(WaveDAC8.o)
 .debug_line    0x00000c81       0x96 .\CortexM3\ARM_GCC_541\Debug\ADC_Exercise.a(Green_LED.o)
 .debug_line    0x00000d17       0x97 .\CortexM3\ARM_GCC_541\Debug\ADC_Exercise.a(Yellow_LED.o)
 .debug_line    0x00000dae       0x94 .\CortexM3\ARM_GCC_541\Debug\ADC_Exercise.a(Red_LED.o)
 .debug_line    0x00000e42       0xac .\CortexM3\ARM_GCC_541\Debug\ADC_Exercise.a(ADC_AMux.o)
 .debug_line    0x00000eee      0x17d .\CortexM3\ARM_GCC_541\Debug\ADC_Exercise.a(ADC_Ext_CP_Clk.o)
 .debug_line    0x0000106b      0x19d .\CortexM3\ARM_GCC_541\Debug\ADC_Exercise.a(ADC_theACLK.o)
 .debug_line    0x00001208      0x17e .\CortexM3\ARM_GCC_541\Debug\ADC_Exercise.a(WaveDAC8_DacClk.o)
 .debug_line    0x00001386       0x8f .\CortexM3\ARM_GCC_541\Debug\ADC_Exercise.a(WaveDAC8_Wave1_DMA_dma.o)
 .debug_line    0x00001415       0x8f .\CortexM3\ARM_GCC_541\Debug\ADC_Exercise.a(WaveDAC8_Wave2_DMA_dma.o)
 .debug_line    0x000014a4       0xea .\CortexM3\ARM_GCC_541\Debug\ADC_Exercise.a(WaveDAC8_VDAC8.o)
 .debug_line    0x0000158e      0x2e4 .\CortexM3\ARM_GCC_541\Debug\ADC_Exercise.a(CyDmac.o)
 .debug_line    0x00001872      0x816 .\CortexM3\ARM_GCC_541\Debug\ADC_Exercise.a(CyLib.o)
 .debug_line    0x00002088      0x367 .\CortexM3\ARM_GCC_541\Debug\ADC_Exercise.a(cyPm.o)
 .debug_line    0x000023ef       0x66 .\CortexM3\ARM_GCC_541\Debug\ADC_Exercise.a(CyBootAsmGnu.o)
 .debug_line    0x00002455      0x21a .\CortexM3\ARM_GCC_541\Debug\ADC_Exercise.a(CyFlash.o)
 .debug_line    0x0000266f      0x260 .\CortexM3\ARM_GCC_541\Debug\ADC_Exercise.a(CySpc.o)

.debug_frame    0x00000000     0x19f8
 *(.debug_frame)
 .debug_frame   0x00000000       0x2c .\CortexM3\ARM_GCC_541\Debug\main.o
 .debug_frame   0x0000002c      0x104 .\CortexM3\ARM_GCC_541\Debug\cyfitter_cfg.o
 .debug_frame   0x00000130       0xb8 .\CortexM3\ARM_GCC_541\Debug\Cm3Start.o
 .debug_frame   0x000001e8      0x278 .\CortexM3\ARM_GCC_541\Debug\ADC_Exercise.a(ADC.o)
 .debug_frame   0x00000460       0x50 .\CortexM3\ARM_GCC_541\Debug\ADC_Exercise.a(ADC_INT.o)
 .debug_frame   0x000004b0       0xe0 .\CortexM3\ARM_GCC_541\Debug\ADC_Exercise.a(WaveDAC8.o)
 .debug_frame   0x00000590       0x50 .\CortexM3\ARM_GCC_541\Debug\ADC_Exercise.a(Green_LED.o)
 .debug_frame   0x000005e0       0x50 .\CortexM3\ARM_GCC_541\Debug\ADC_Exercise.a(Yellow_LED.o)
 .debug_frame   0x00000630       0x50 .\CortexM3\ARM_GCC_541\Debug\ADC_Exercise.a(Red_LED.o)
 .debug_frame   0x00000680       0x64 .\CortexM3\ARM_GCC_541\Debug\ADC_Exercise.a(ADC_AMux.o)
 .debug_frame   0x000006e4       0xe0 .\CortexM3\ARM_GCC_541\Debug\ADC_Exercise.a(ADC_Ext_CP_Clk.o)
 .debug_frame   0x000007c4      0x100 .\CortexM3\ARM_GCC_541\Debug\ADC_Exercise.a(ADC_theACLK.o)
 .debug_frame   0x000008c4       0xe0 .\CortexM3\ARM_GCC_541\Debug\ADC_Exercise.a(WaveDAC8_DacClk.o)
 .debug_frame   0x000009a4       0x54 .\CortexM3\ARM_GCC_541\Debug\ADC_Exercise.a(WaveDAC8_Wave1_DMA_dma.o)
 .debug_frame   0x000009f8       0x54 .\CortexM3\ARM_GCC_541\Debug\ADC_Exercise.a(WaveDAC8_Wave2_DMA_dma.o)
 .debug_frame   0x00000a4c       0xb4 .\CortexM3\ARM_GCC_541\Debug\ADC_Exercise.a(WaveDAC8_VDAC8.o)
 .debug_frame   0x00000b00      0x1f8 .\CortexM3\ARM_GCC_541\Debug\ADC_Exercise.a(CyDmac.o)
 .debug_frame   0x00000cf8      0x738 .\CortexM3\ARM_GCC_541\Debug\ADC_Exercise.a(CyLib.o)
 .debug_frame   0x00001430      0x1f8 .\CortexM3\ARM_GCC_541\Debug\ADC_Exercise.a(cyPm.o)
 .debug_frame   0x00001628      0x194 .\CortexM3\ARM_GCC_541\Debug\ADC_Exercise.a(CyFlash.o)
 .debug_frame   0x000017bc      0x180 .\CortexM3\ARM_GCC_541\Debug\ADC_Exercise.a(CySpc.o)
 .debug_frame   0x0000193c       0x20 c:/program files (x86)/cypress/psoc creator/4.4/psoc creator/import/gnu/arm/5.4.1/bin/../lib/gcc/arm-none-eabi/5.4.1/../../../../arm-none-eabi/lib/armv7-m\libg_nano.a(lib_a-errno.o)
 .debug_frame   0x0000195c       0x28 c:/program files (x86)/cypress/psoc creator/4.4/psoc creator/import/gnu/arm/5.4.1/bin/../lib/gcc/arm-none-eabi/5.4.1/../../../../arm-none-eabi/lib/armv7-m\libg_nano.a(lib_a-exit.o)
 .debug_frame   0x00001984       0x2c c:/program files (x86)/cypress/psoc creator/4.4/psoc creator/import/gnu/arm/5.4.1/bin/../lib/gcc/arm-none-eabi/5.4.1/../../../../arm-none-eabi/lib/armv7-m\libg_nano.a(lib_a-init.o)
 .debug_frame   0x000019b0       0x28 c:/program files (x86)/cypress/psoc creator/4.4/psoc creator/import/gnu/arm/5.4.1/bin/../lib/gcc/arm-none-eabi/5.4.1/../../../../arm-none-eabi/lib/armv7-m\libg_nano.a(lib_a-memcpy-stub.o)
 .debug_frame   0x000019d8       0x20 c:/program files (x86)/cypress/psoc creator/4.4/psoc creator/import/gnu/arm/5.4.1/bin/../lib/gcc/arm-none-eabi/5.4.1/../../../../arm-none-eabi/lib/armv7-m\libg_nano.a(lib_a-memset.o)

.debug_str      0x00000000     0x23b6
 *(.debug_str)
 .debug_str     0x00000000      0x237 .\CortexM3\ARM_GCC_541\Debug\main.o
                                0x28b (size before relaxing)
 .debug_str     0x00000237      0x1d3 .\CortexM3\ARM_GCC_541\Debug\cyfitter_cfg.o
                                0x361 (size before relaxing)
 .debug_str     0x0000040a       0x7f .\CortexM3\ARM_GCC_541\Debug\cymetadata.o
                                0x1ea (size before relaxing)
 .debug_str     0x00000489      0x154 .\CortexM3\ARM_GCC_541\Debug\Cm3Start.o
                                0x320 (size before relaxing)
 .debug_str     0x000005dd      0x383 .\CortexM3\ARM_GCC_541\Debug\ADC_Exercise.a(ADC.o)
                                0x5cf (size before relaxing)
 .debug_str     0x00000960       0x45 .\CortexM3\ARM_GCC_541\Debug\ADC_Exercise.a(ADC_INT.o)
                                0x1c6 (size before relaxing)
 .debug_str     0x000009a5      0x271 .\CortexM3\ARM_GCC_541\Debug\ADC_Exercise.a(WaveDAC8.o)
                                0x43d (size before relaxing)
 .debug_str     0x00000c16       0x6f .\CortexM3\ARM_GCC_541\Debug\ADC_Exercise.a(Green_LED.o)
                                0x1fc (size before relaxing)
 .debug_str     0x00000c85       0x63 .\CortexM3\ARM_GCC_541\Debug\ADC_Exercise.a(Yellow_LED.o)
                                0x201 (size before relaxing)
 .debug_str     0x00000ce8       0x57 .\CortexM3\ARM_GCC_541\Debug\ADC_Exercise.a(Red_LED.o)
                                0x1f2 (size before relaxing)
 .debug_str     0x00000d3f       0x5f .\CortexM3\ARM_GCC_541\Debug\ADC_Exercise.a(ADC_AMux.o)
                                0x205 (size before relaxing)
 .debug_str     0x00000d9e      0x173 .\CortexM3\ARM_GCC_541\Debug\ADC_Exercise.a(ADC_Ext_CP_Clk.o)
                                0x348 (size before relaxing)
 .debug_str     0x00000f11      0x14f .\CortexM3\ARM_GCC_541\Debug\ADC_Exercise.a(ADC_theACLK.o)
                                0x367 (size before relaxing)
 .debug_str     0x00001060      0x14c .\CortexM3\ARM_GCC_541\Debug\ADC_Exercise.a(WaveDAC8_DacClk.o)
                                0x354 (size before relaxing)
 .debug_str     0x000011ac       0xe8 .\CortexM3\ARM_GCC_541\Debug\ADC_Exercise.a(WaveDAC8_Wave1_DMA_dma.o)
                                0x2a6 (size before relaxing)
 .debug_str     0x00001294       0x6b .\CortexM3\ARM_GCC_541\Debug\ADC_Exercise.a(WaveDAC8_Wave2_DMA_dma.o)
                                0x2a6 (size before relaxing)
 .debug_str     0x000012ff       0x77 .\CortexM3\ARM_GCC_541\Debug\ADC_Exercise.a(WaveDAC8_VDAC8.o)
                                0x27f (size before relaxing)
 .debug_str     0x00001376      0x2aa .\CortexM3\ARM_GCC_541\Debug\ADC_Exercise.a(CyDmac.o)
                                0x550 (size before relaxing)
 .debug_str     0x00001620      0x7ca .\CortexM3\ARM_GCC_541\Debug\ADC_Exercise.a(CyLib.o)
                                0xa4d (size before relaxing)
 .debug_str     0x00001dea      0x365 .\CortexM3\ARM_GCC_541\Debug\ADC_Exercise.a(cyPm.o)
                                0x739 (size before relaxing)
 .debug_str     0x0000214f      0x1bb .\CortexM3\ARM_GCC_541\Debug\ADC_Exercise.a(CyFlash.o)
                                0x3c6 (size before relaxing)
 .debug_str     0x0000230a       0xac .\CortexM3\ARM_GCC_541\Debug\ADC_Exercise.a(CySpc.o)
                                0x33e (size before relaxing)

.debug_loc      0x00000000     0x33c3
 *(.debug_loc)
 .debug_loc     0x00000000       0x3c .\CortexM3\ARM_GCC_541\Debug\main.o
 .debug_loc     0x0000003c      0x219 .\CortexM3\ARM_GCC_541\Debug\cyfitter_cfg.o
 .debug_loc     0x00000255      0x144 .\CortexM3\ARM_GCC_541\Debug\Cm3Start.o
 .debug_loc     0x00000399      0x681 .\CortexM3\ARM_GCC_541\Debug\ADC_Exercise.a(ADC.o)
 .debug_loc     0x00000a1a      0x11b .\CortexM3\ARM_GCC_541\Debug\ADC_Exercise.a(WaveDAC8.o)
 .debug_loc     0x00000b35       0x42 .\CortexM3\ARM_GCC_541\Debug\ADC_Exercise.a(Green_LED.o)
 .debug_loc     0x00000b77       0x42 .\CortexM3\ARM_GCC_541\Debug\ADC_Exercise.a(Yellow_LED.o)
 .debug_loc     0x00000bb9       0x42 .\CortexM3\ARM_GCC_541\Debug\ADC_Exercise.a(Red_LED.o)
 .debug_loc     0x00000bfb       0x6c .\CortexM3\ARM_GCC_541\Debug\ADC_Exercise.a(ADC_AMux.o)
 .debug_loc     0x00000c67      0x12c .\CortexM3\ARM_GCC_541\Debug\ADC_Exercise.a(ADC_Ext_CP_Clk.o)
 .debug_loc     0x00000d93      0x14d .\CortexM3\ARM_GCC_541\Debug\ADC_Exercise.a(ADC_theACLK.o)
 .debug_loc     0x00000ee0      0x128 .\CortexM3\ARM_GCC_541\Debug\ADC_Exercise.a(WaveDAC8_DacClk.o)
 .debug_loc     0x00001008       0x84 .\CortexM3\ARM_GCC_541\Debug\ADC_Exercise.a(WaveDAC8_Wave1_DMA_dma.o)
 .debug_loc     0x0000108c       0x84 .\CortexM3\ARM_GCC_541\Debug\ADC_Exercise.a(WaveDAC8_Wave2_DMA_dma.o)
 .debug_loc     0x00001110       0x79 .\CortexM3\ARM_GCC_541\Debug\ADC_Exercise.a(WaveDAC8_VDAC8.o)
 .debug_loc     0x00001189      0xb8e .\CortexM3\ARM_GCC_541\Debug\ADC_Exercise.a(CyDmac.o)
 .debug_loc     0x00001d17      0xa11 .\CortexM3\ARM_GCC_541\Debug\ADC_Exercise.a(CyLib.o)
 .debug_loc     0x00002728      0x1e4 .\CortexM3\ARM_GCC_541\Debug\ADC_Exercise.a(cyPm.o)
 .debug_loc     0x0000290c      0x3b2 .\CortexM3\ARM_GCC_541\Debug\ADC_Exercise.a(CyFlash.o)
 .debug_loc     0x00002cbe      0x705 .\CortexM3\ARM_GCC_541\Debug\ADC_Exercise.a(CySpc.o)

.debug_macinfo
 *(.debug_macinfo)

.debug_ranges   0x00000000      0x8e8
 *(.debug_ranges)
 .debug_ranges  0x00000000       0x10 .\CortexM3\ARM_GCC_541\Debug\main.o
 .debug_ranges  0x00000010       0x58 .\CortexM3\ARM_GCC_541\Debug\cyfitter_cfg.o
 .debug_ranges  0x00000068       0x38 .\CortexM3\ARM_GCC_541\Debug\Cm3Start.o
 .debug_ranges  0x000000a0       0xd8 .\CortexM3\ARM_GCC_541\Debug\ADC_Exercise.a(ADC.o)
 .debug_ranges  0x00000178       0x28 .\CortexM3\ARM_GCC_541\Debug\ADC_Exercise.a(ADC_INT.o)
 .debug_ranges  0x000001a0       0x40 .\CortexM3\ARM_GCC_541\Debug\ADC_Exercise.a(WaveDAC8.o)
 .debug_ranges  0x000001e0       0x28 .\CortexM3\ARM_GCC_541\Debug\ADC_Exercise.a(Green_LED.o)
 .debug_ranges  0x00000208       0x28 .\CortexM3\ARM_GCC_541\Debug\ADC_Exercise.a(Yellow_LED.o)
 .debug_ranges  0x00000230       0x28 .\CortexM3\ARM_GCC_541\Debug\ADC_Exercise.a(Red_LED.o)
 .debug_ranges  0x00000258       0x20 .\CortexM3\ARM_GCC_541\Debug\ADC_Exercise.a(ADC_AMux.o)
 .debug_ranges  0x00000278       0x60 .\CortexM3\ARM_GCC_541\Debug\ADC_Exercise.a(ADC_Ext_CP_Clk.o)
 .debug_ranges  0x000002d8       0x70 .\CortexM3\ARM_GCC_541\Debug\ADC_Exercise.a(ADC_theACLK.o)
 .debug_ranges  0x00000348       0x60 .\CortexM3\ARM_GCC_541\Debug\ADC_Exercise.a(WaveDAC8_DacClk.o)
 .debug_ranges  0x000003a8       0x18 .\CortexM3\ARM_GCC_541\Debug\ADC_Exercise.a(WaveDAC8_Wave1_DMA_dma.o)
 .debug_ranges  0x000003c0       0x18 .\CortexM3\ARM_GCC_541\Debug\ADC_Exercise.a(WaveDAC8_Wave2_DMA_dma.o)
 .debug_ranges  0x000003d8       0x48 .\CortexM3\ARM_GCC_541\Debug\ADC_Exercise.a(WaveDAC8_VDAC8.o)
 .debug_ranges  0x00000420       0xc8 .\CortexM3\ARM_GCC_541\Debug\ADC_Exercise.a(CyDmac.o)
 .debug_ranges  0x000004e8      0x290 .\CortexM3\ARM_GCC_541\Debug\ADC_Exercise.a(CyLib.o)
 .debug_ranges  0x00000778       0x88 .\CortexM3\ARM_GCC_541\Debug\ADC_Exercise.a(cyPm.o)
 .debug_ranges  0x00000800       0x78 .\CortexM3\ARM_GCC_541\Debug\ADC_Exercise.a(CyFlash.o)
 .debug_ranges  0x00000878       0x70 .\CortexM3\ARM_GCC_541\Debug\ADC_Exercise.a(CySpc.o)

.comment        0x00000000       0x6e
 .comment       0x00000000       0x6e .\CortexM3\ARM_GCC_541\Debug\main.o
                                 0x6f (size before relaxing)
 .comment       0x0000006e       0x6f .\CortexM3\ARM_GCC_541\Debug\cyfitter_cfg.o
 .comment       0x0000006e       0x6f .\CortexM3\ARM_GCC_541\Debug\cymetadata.o
 .comment       0x0000006e       0x6f .\CortexM3\ARM_GCC_541\Debug\Cm3Start.o
 .comment       0x0000006e       0x6f .\CortexM3\ARM_GCC_541\Debug\ADC_Exercise.a(ADC.o)
 .comment       0x0000006e       0x6f .\CortexM3\ARM_GCC_541\Debug\ADC_Exercise.a(ADC_INT.o)
 .comment       0x0000006e       0x6f .\CortexM3\ARM_GCC_541\Debug\ADC_Exercise.a(WaveDAC8.o)
 .comment       0x0000006e       0x6f .\CortexM3\ARM_GCC_541\Debug\ADC_Exercise.a(Green_LED.o)
 .comment       0x0000006e       0x6f .\CortexM3\ARM_GCC_541\Debug\ADC_Exercise.a(Yellow_LED.o)
 .comment       0x0000006e       0x6f .\CortexM3\ARM_GCC_541\Debug\ADC_Exercise.a(Red_LED.o)
 .comment       0x0000006e       0x6f .\CortexM3\ARM_GCC_541\Debug\ADC_Exercise.a(ADC_AMux.o)
 .comment       0x0000006e       0x6f .\CortexM3\ARM_GCC_541\Debug\ADC_Exercise.a(ADC_Ext_CP_Clk.o)
 .comment       0x0000006e       0x6f .\CortexM3\ARM_GCC_541\Debug\ADC_Exercise.a(ADC_theACLK.o)
 .comment       0x0000006e       0x6f .\CortexM3\ARM_GCC_541\Debug\ADC_Exercise.a(WaveDAC8_DacClk.o)
 .comment       0x0000006e       0x6f .\CortexM3\ARM_GCC_541\Debug\ADC_Exercise.a(WaveDAC8_Wave1_DMA_dma.o)
 .comment       0x0000006e       0x6f .\CortexM3\ARM_GCC_541\Debug\ADC_Exercise.a(WaveDAC8_Wave2_DMA_dma.o)
 .comment       0x0000006e       0x6f .\CortexM3\ARM_GCC_541\Debug\ADC_Exercise.a(WaveDAC8_VDAC8.o)
 .comment       0x0000006e       0x6f .\CortexM3\ARM_GCC_541\Debug\ADC_Exercise.a(CyDmac.o)
 .comment       0x0000006e       0x6f .\CortexM3\ARM_GCC_541\Debug\ADC_Exercise.a(CyLib.o)
 .comment       0x0000006e       0x6f .\CortexM3\ARM_GCC_541\Debug\ADC_Exercise.a(cyPm.o)
 .comment       0x0000006e       0x6f .\CortexM3\ARM_GCC_541\Debug\ADC_Exercise.a(CyFlash.o)
 .comment       0x0000006e       0x6f .\CortexM3\ARM_GCC_541\Debug\ADC_Exercise.a(CySpc.o)

.debug_weaknames
 *(.debug_weaknames)

.debug_funcnames
 *(.debug_funcnames)

.debug_typenames
 *(.debug_typenames)

.debug_varnames
 *(.debug_varnames)

.note.gnu.arm.ident
 *(.note.gnu.arm.ident)

.ARM.attributes
                0x00000000       0x29
 *(.ARM.attributes)
 .ARM.attributes
                0x00000000       0x1d c:/program files (x86)/cypress/psoc creator/4.4/psoc creator/import/gnu/arm/5.4.1/bin/../lib/gcc/arm-none-eabi/5.4.1/armv7-m/crti.o
 .ARM.attributes
                0x0000001d       0x2d c:/program files (x86)/cypress/psoc creator/4.4/psoc creator/import/gnu/arm/5.4.1/bin/../lib/gcc/arm-none-eabi/5.4.1/armv7-m/crtbegin.o
 .ARM.attributes
                0x0000004a       0x1b c:/program files (x86)/cypress/psoc creator/4.4/psoc creator/import/gnu/arm/5.4.1/bin/../lib/gcc/arm-none-eabi/5.4.1/../../../../arm-none-eabi/lib/armv7-m/crt0.o
 .ARM.attributes
                0x00000065       0x33 .\CortexM3\ARM_GCC_541\Debug\main.o
 .ARM.attributes
                0x00000098       0x33 .\CortexM3\ARM_GCC_541\Debug\cyfitter_cfg.o
 .ARM.attributes
                0x000000cb       0x33 .\CortexM3\ARM_GCC_541\Debug\cymetadata.o
 .ARM.attributes
                0x000000fe       0x33 .\CortexM3\ARM_GCC_541\Debug\Cm3Start.o
 .ARM.attributes
                0x00000131       0x33 .\CortexM3\ARM_GCC_541\Debug\ADC_Exercise.a(ADC.o)
 .ARM.attributes
                0x00000164       0x33 .\CortexM3\ARM_GCC_541\Debug\ADC_Exercise.a(ADC_INT.o)
 .ARM.attributes
                0x00000197       0x33 .\CortexM3\ARM_GCC_541\Debug\ADC_Exercise.a(WaveDAC8.o)
 .ARM.attributes
                0x000001ca       0x33 .\CortexM3\ARM_GCC_541\Debug\ADC_Exercise.a(Green_LED.o)
 .ARM.attributes
                0x000001fd       0x33 .\CortexM3\ARM_GCC_541\Debug\ADC_Exercise.a(Yellow_LED.o)
 .ARM.attributes
                0x00000230       0x33 .\CortexM3\ARM_GCC_541\Debug\ADC_Exercise.a(Red_LED.o)
 .ARM.attributes
                0x00000263       0x33 .\CortexM3\ARM_GCC_541\Debug\ADC_Exercise.a(ADC_AMux.o)
 .ARM.attributes
                0x00000296       0x33 .\CortexM3\ARM_GCC_541\Debug\ADC_Exercise.a(ADC_Ext_CP_Clk.o)
 .ARM.attributes
                0x000002c9       0x33 .\CortexM3\ARM_GCC_541\Debug\ADC_Exercise.a(ADC_theACLK.o)
 .ARM.attributes
                0x000002fc       0x33 .\CortexM3\ARM_GCC_541\Debug\ADC_Exercise.a(WaveDAC8_DacClk.o)
 .ARM.attributes
                0x0000032f       0x33 .\CortexM3\ARM_GCC_541\Debug\ADC_Exercise.a(WaveDAC8_Wave1_DMA_dma.o)
 .ARM.attributes
                0x00000362       0x33 .\CortexM3\ARM_GCC_541\Debug\ADC_Exercise.a(WaveDAC8_Wave2_DMA_dma.o)
 .ARM.attributes
                0x00000395       0x33 .\CortexM3\ARM_GCC_541\Debug\ADC_Exercise.a(WaveDAC8_VDAC8.o)
 .ARM.attributes
                0x000003c8       0x33 .\CortexM3\ARM_GCC_541\Debug\ADC_Exercise.a(CyDmac.o)
 .ARM.attributes
                0x000003fb       0x33 .\CortexM3\ARM_GCC_541\Debug\ADC_Exercise.a(CyLib.o)
 .ARM.attributes
                0x0000042e       0x33 .\CortexM3\ARM_GCC_541\Debug\ADC_Exercise.a(cyPm.o)
 .ARM.attributes
                0x00000461       0x21 .\CortexM3\ARM_GCC_541\Debug\ADC_Exercise.a(CyBootAsmGnu.o)
 .ARM.attributes
                0x00000482       0x33 .\CortexM3\ARM_GCC_541\Debug\ADC_Exercise.a(CyFlash.o)
 .ARM.attributes
                0x000004b5       0x33 .\CortexM3\ARM_GCC_541\Debug\ADC_Exercise.a(CySpc.o)
 .ARM.attributes
                0x000004e8       0x1d c:/program files (x86)/cypress/psoc creator/4.4/psoc creator/import/gnu/arm/5.4.1/bin/../lib/gcc/arm-none-eabi/5.4.1/armv7-m\libgcc.a(_arm_addsubdf3.o)
 .ARM.attributes
                0x00000505       0x1d c:/program files (x86)/cypress/psoc creator/4.4/psoc creator/import/gnu/arm/5.4.1/bin/../lib/gcc/arm-none-eabi/5.4.1/armv7-m\libgcc.a(_arm_cmpdf2.o)
 .ARM.attributes
                0x00000522       0x1d c:/program files (x86)/cypress/psoc creator/4.4/psoc creator/import/gnu/arm/5.4.1/bin/../lib/gcc/arm-none-eabi/5.4.1/armv7-m\libgcc.a(_arm_addsubsf3.o)
 .ARM.attributes
                0x0000053f       0x1d c:/program files (x86)/cypress/psoc creator/4.4/psoc creator/import/gnu/arm/5.4.1/bin/../lib/gcc/arm-none-eabi/5.4.1/armv7-m\libgcc.a(_arm_muldivsf3.o)
 .ARM.attributes
                0x0000055c       0x1d c:/program files (x86)/cypress/psoc creator/4.4/psoc creator/import/gnu/arm/5.4.1/bin/../lib/gcc/arm-none-eabi/5.4.1/armv7-m\libgcc.a(_arm_fixunssfsi.o)
 .ARM.attributes
                0x00000579       0x2d c:/program files (x86)/cypress/psoc creator/4.4/psoc creator/import/gnu/arm/5.4.1/bin/../lib/gcc/arm-none-eabi/5.4.1/../../../../arm-none-eabi/lib/armv7-m\libg_nano.a(lib_a-errno.o)
 .ARM.attributes
                0x000005a6       0x2d c:/program files (x86)/cypress/psoc creator/4.4/psoc creator/import/gnu/arm/5.4.1/bin/../lib/gcc/arm-none-eabi/5.4.1/../../../../arm-none-eabi/lib/armv7-m\libg_nano.a(lib_a-exit.o)
 .ARM.attributes
                0x000005d3       0x2d c:/program files (x86)/cypress/psoc creator/4.4/psoc creator/import/gnu/arm/5.4.1/bin/../lib/gcc/arm-none-eabi/5.4.1/../../../../arm-none-eabi/lib/armv7-m\libg_nano.a(lib_a-impure.o)
 .ARM.attributes
                0x00000600       0x2d c:/program files (x86)/cypress/psoc creator/4.4/psoc creator/import/gnu/arm/5.4.1/bin/../lib/gcc/arm-none-eabi/5.4.1/../../../../arm-none-eabi/lib/armv7-m\libg_nano.a(lib_a-init.o)
 .ARM.attributes
                0x0000062d       0x2d c:/program files (x86)/cypress/psoc creator/4.4/psoc creator/import/gnu/arm/5.4.1/bin/../lib/gcc/arm-none-eabi/5.4.1/../../../../arm-none-eabi/lib/armv7-m\libg_nano.a(lib_a-memcpy-stub.o)
 .ARM.attributes
                0x0000065a       0x2d c:/program files (x86)/cypress/psoc creator/4.4/psoc creator/import/gnu/arm/5.4.1/bin/../lib/gcc/arm-none-eabi/5.4.1/../../../../arm-none-eabi/lib/armv7-m\libg_nano.a(lib_a-memset.o)
 .ARM.attributes
                0x00000687       0x2d c:/program files (x86)/cypress/psoc creator/4.4/psoc creator/import/gnu/arm/5.4.1/bin/../lib/gcc/arm-none-eabi/5.4.1/armv7-m/crtend.o
 .ARM.attributes
                0x000006b4       0x1d c:/program files (x86)/cypress/psoc creator/4.4/psoc creator/import/gnu/arm/5.4.1/bin/../lib/gcc/arm-none-eabi/5.4.1/armv7-m/crtn.o

/DISCARD/
 *(.note.GNU-stack)
OUTPUT(C:\Users\drash\Documents\PSoC Creator\Workspace_SDHD\ADC_Exercise.cydsn\CortexM3\ARM_GCC_541\Debug\ADC_Exercise.elf elf32-littlearm)
