Archive member included to satisfy reference by file (symbol)

.\CortexM3\ARM_GCC_541\Debug\LAB3_SDHD.a(ADC.o)
                              .\CortexM3\ARM_GCC_541\Debug\main.o (ADC_Start)
.\CortexM3\ARM_GCC_541\Debug\LAB3_SDHD.a(ADC_INT.o)
                              .\CortexM3\ARM_GCC_541\Debug\LAB3_SDHD.a(ADC.o) (ADC_ISR1)
.\CortexM3\ARM_GCC_541\Debug\LAB3_SDHD.a(Push_button.o)
                              .\CortexM3\ARM_GCC_541\Debug\main.o (Push_button_ClearInterrupt)
.\CortexM3\ARM_GCC_541\Debug\LAB3_SDHD.a(isr_button.o)
                              .\CortexM3\ARM_GCC_541\Debug\main.o (isr_button_StartEx)
.\CortexM3\ARM_GCC_541\Debug\LAB3_SDHD.a(Red_LED.o)
                              .\CortexM3\ARM_GCC_541\Debug\main.o (Red_LED_Write)
.\CortexM3\ARM_GCC_541\Debug\LAB3_SDHD.a(ADC_AMux.o)
                              .\CortexM3\ARM_GCC_541\Debug\LAB3_SDHD.a(ADC.o) (ADC_AMux_Select)
.\CortexM3\ARM_GCC_541\Debug\LAB3_SDHD.a(ADC_Ext_CP_Clk.o)
                              .\CortexM3\ARM_GCC_541\Debug\LAB3_SDHD.a(ADC.o) (ADC_Ext_CP_Clk_SetModeRegister)
.\CortexM3\ARM_GCC_541\Debug\LAB3_SDHD.a(ADC_theACLK.o)
                              .\CortexM3\ARM_GCC_541\Debug\LAB3_SDHD.a(ADC.o) (ADC_theACLK_SetModeRegister)
.\CortexM3\ARM_GCC_541\Debug\LAB3_SDHD.a(CyDmac.o)
                              .\CortexM3\ARM_GCC_541\Debug\Cm3Start.o (CyDmacConfigure)
.\CortexM3\ARM_GCC_541\Debug\LAB3_SDHD.a(CyLib.o)
                              .\CortexM3\ARM_GCC_541\Debug\Cm3Start.o (CyHalt)
.\CortexM3\ARM_GCC_541\Debug\LAB3_SDHD.a(cyPm.o)
                              .\CortexM3\ARM_GCC_541\Debug\LAB3_SDHD.a(CyLib.o) (CyPmReadStatus)
.\CortexM3\ARM_GCC_541\Debug\LAB3_SDHD.a(WaveDAC8.o)
                              .\CortexM3\ARM_GCC_541\Debug\main.o (WaveDAC8_Start)
.\CortexM3\ARM_GCC_541\Debug\LAB3_SDHD.a(WaveDAC8_DacClk.o)
                              .\CortexM3\ARM_GCC_541\Debug\LAB3_SDHD.a(WaveDAC8.o) (WaveDAC8_DacClk_Start)
.\CortexM3\ARM_GCC_541\Debug\LAB3_SDHD.a(WaveDAC8_Wave1_DMA_dma.o)
                              .\CortexM3\ARM_GCC_541\Debug\LAB3_SDHD.a(WaveDAC8.o) (WaveDAC8_Wave1_DMA_DmaInitialize)
.\CortexM3\ARM_GCC_541\Debug\LAB3_SDHD.a(WaveDAC8_Wave2_DMA_dma.o)
                              .\CortexM3\ARM_GCC_541\Debug\LAB3_SDHD.a(WaveDAC8.o) (WaveDAC8_Wave2_DMA_DmaInitialize)
.\CortexM3\ARM_GCC_541\Debug\LAB3_SDHD.a(WaveDAC8_VDAC8.o)
                              .\CortexM3\ARM_GCC_541\Debug\LAB3_SDHD.a(WaveDAC8.o) (WaveDAC8_VDAC8_Enable)
.\CortexM3\ARM_GCC_541\Debug\LAB3_SDHD.a(UART_LOG.o)
                              .\CortexM3\ARM_GCC_541\Debug\main.o (UART_LOG_Start)
.\CortexM3\ARM_GCC_541\Debug\LAB3_SDHD.a(UART_LOG_IntClock.o)
                              .\CortexM3\ARM_GCC_541\Debug\LAB3_SDHD.a(UART_LOG.o) (UART_LOG_IntClock_Start)
.\CortexM3\ARM_GCC_541\Debug\LAB3_SDHD.a(isr_UART.o)
                              .\CortexM3\ARM_GCC_541\Debug\main.o (isr_UART_StartEx)
.\CortexM3\ARM_GCC_541\Debug\LAB3_SDHD.a(CyBootAsmGnu.o)
                              .\CortexM3\ARM_GCC_541\Debug\cyfitter_cfg.o (CyDelayCycles)
.\CortexM3\ARM_GCC_541\Debug\LAB3_SDHD.a(CyFlash.o)
                              .\CortexM3\ARM_GCC_541\Debug\LAB3_SDHD.a(cyPm.o) (CyFlash_SetWaitCycles)
.\CortexM3\ARM_GCC_541\Debug\LAB3_SDHD.a(CySpc.o)
                              .\CortexM3\ARM_GCC_541\Debug\LAB3_SDHD.a(CyFlash.o) (CySpcStart)
c:/program files (x86)/cypress/psoc creator/4.4/psoc creator/import/gnu/arm/5.4.1/bin/../lib/gcc/arm-none-eabi/5.4.1/armv7-m\libgcc.a(_arm_addsubdf3.o)
                              .\CortexM3\ARM_GCC_541\Debug\LAB3_SDHD.a(ADC.o) (__aeabi_f2d)
c:/program files (x86)/cypress/psoc creator/4.4/psoc creator/import/gnu/arm/5.4.1/bin/../lib/gcc/arm-none-eabi/5.4.1/armv7-m\libgcc.a(_arm_cmpdf2.o)
                              .\CortexM3\ARM_GCC_541\Debug\LAB3_SDHD.a(ADC.o) (__aeabi_dcmpgt)
c:/program files (x86)/cypress/psoc creator/4.4/psoc creator/import/gnu/arm/5.4.1/bin/../lib/gcc/arm-none-eabi/5.4.1/armv7-m\libgcc.a(_arm_addsubsf3.o)
                              .\CortexM3\ARM_GCC_541\Debug\LAB3_SDHD.a(ADC.o) (__aeabi_ui2f)
c:/program files (x86)/cypress/psoc creator/4.4/psoc creator/import/gnu/arm/5.4.1/bin/../lib/gcc/arm-none-eabi/5.4.1/armv7-m\libgcc.a(_arm_muldivsf3.o)
                              .\CortexM3\ARM_GCC_541\Debug\LAB3_SDHD.a(ADC.o) (__aeabi_fmul)
c:/program files (x86)/cypress/psoc creator/4.4/psoc creator/import/gnu/arm/5.4.1/bin/../lib/gcc/arm-none-eabi/5.4.1/armv7-m\libgcc.a(_arm_fixunssfsi.o)
                              .\CortexM3\ARM_GCC_541\Debug\LAB3_SDHD.a(ADC.o) (__aeabi_f2uiz)
c:/program files (x86)/cypress/psoc creator/4.4/psoc creator/import/gnu/arm/5.4.1/bin/../lib/gcc/arm-none-eabi/5.4.1/../../../../arm-none-eabi/lib/armv7-m\libg_nano.a(lib_a-errno.o)
                              .\CortexM3\ARM_GCC_541\Debug\Cm3Start.o (__errno)
[...]
Memory Configuration

Name             Origin             Length             Attributes
rom              0x00000000         0x00040000         xr
ram              0x1fff8000         0x00010000         xrw
*default*        0x00000000         0xffffffff

Linker script and memory map

LOAD c:/program files (x86)/cypress/psoc creator/4.4/psoc creator/import/gnu/arm/5.4.1/bin/../lib/gcc/arm-none-eabi/5.4.1/armv7-m/crti.o
LOAD c:/program files (x86)/cypress/psoc creator/4.4/psoc creator/import/gnu/arm/5.4.1/bin/../lib/gcc/arm-none-eabi/5.4.1/armv7-m/crtbegin.o
LOAD c:/program files (x86)/cypress/psoc creator/4.4/psoc creator/import/gnu/arm/5.4.1/bin/../lib/gcc/arm-none-eabi/5.4.1/../../../../arm-none-eabi/lib/armv7-m/crt0.o
START GROUP
LOAD .\CortexM3\ARM_GCC_541\Debug\main.o
LOAD .\CortexM3\ARM_GCC_541\Debug\logging.o
LOAD .\CortexM3\ARM_GCC_541\Debug\cyfitter_cfg.o
LOAD .\CortexM3\ARM_GCC_541\Debug\cymetadata.o
LOAD .\CortexM3\ARM_GCC_541\Debug\Cm3Start.o
LOAD .\CortexM3\ARM_GCC_541\Debug\LAB3_SDHD.a
LOAD C:\Program Files (x86)\Cypress\PSoC Creator\4.4\PSoC Creator\psoc\content\cycomponentlibrary\CyComponentLibrary.cylib\CortexM3\ARM_GCC_541\Debug\CyComponentLibrary.a
END GROUP
START GROUP
LOAD c:/program files (x86)/cypress/psoc creator/4.4/psoc creator/import/gnu/arm/5.4.1/bin/../lib/gcc/arm-none-eabi/5.4.1/armv7-m\libgcc.a
LOAD c:/program files (x86)/cypress/psoc creator/4.4/psoc creator/import/gnu/arm/5.4.1/bin/../lib/gcc/arm-none-eabi/5.4.1/../../../../arm-none-eabi/lib/armv7-m\libg_nano.a
LOAD c:/program files (x86)/cypress/psoc creator/4.4/psoc creator/import/gnu/arm/5.4.1/bin/../lib/gcc/arm-none-eabi/5.4.1/../../../../arm-none-eabi/lib/armv7-m\libc_nano.a
END GROUP
START GROUP
LOAD c:/program files (x86)/cypress/psoc creator/4.4/psoc creator/import/gnu/arm/5.4.1/bin/../lib/gcc/arm-none-eabi/5.4.1/armv7-m\libgcc.a
LOAD c:/program files (x86)/cypress/psoc creator/4.4/psoc creator/import/gnu/arm/5.4.1/bin/../lib/gcc/arm-none-eabi/5.4.1/../../../../arm-none-eabi/lib/armv7-m\libc_nano.a
END GROUP
LOAD c:/program files (x86)/cypress/psoc creator/4.4/psoc creator/import/gnu/arm/5.4.1/bin/../lib/gcc/arm-none-eabi/5.4.1/armv7-m/crtend.o
LOAD c:/program files (x86)/cypress/psoc creator/4.4/psoc creator/import/gnu/arm/5.4.1/bin/../lib/gcc/arm-none-eabi/5.4.1/armv7-m/crtn.o
START GROUP
LOAD c:/program files (x86)/cypress/psoc creator/4.4/psoc creator/import/gnu/arm/5.4.1/bin/../lib/gcc/arm-none-eabi/5.4.1/armv7-m\libgcc.a
LOAD c:/program files (x86)/cypress/psoc creator/4.4/psoc creator/import/gnu/arm/5.4.1/bin/../lib/gcc/arm-none-eabi/5.4.1/../../../../arm-none-eabi/lib/armv7-m\libc.a
LOAD c:/program files (x86)/cypress/psoc creator/4.4/psoc creator/import/gnu/arm/5.4.1/bin/../lib/gcc/arm-none-eabi/5.4.1/../../../../arm-none-eabi/lib/armv7-m\libnosys.a
END GROUP
                0x00000000                CY_APPL_ORIGIN = 0x0
                0x00000100                CY_FLASH_ROW_SIZE = 0x100
                0x00000020                CY_ECC_ROW_SIZE = 0x20
                0x00000000                CY_EE_IN_BTLDR = 0x0
                0x00000000                CY_APPL_LOADABLE = 0x0
                0x00000800                CY_EE_SIZE = 0x800
                0x00000001                CY_APPL_NUM = 0x1
                0x00000001                CY_APPL_MAX = 0x1
                0x00000040                CY_METADATA_SIZE = 0x40
                0x00000000                CY_APPL_LOADABLE = 0x0
                0x00000000                CY_CHECKSUM_EXCLUDE_SIZE = ALIGN (0x0, CY_FLASH_ROW_SIZE)
                [!provide]                PROVIDE (__cy_heap_start, _end)
                0x00000001                PROVIDE (__cy_region_num, ((__cy_regions_end - __cy_regions) / 0x10))
                0x20008000                PROVIDE (__cy_stack, (ORIGIN (ram) + LENGTH (ram)))
                [!provide]                PROVIDE (__cy_heap_end, (__cy_stack - 0x800))

.cybootloader   0x00000000        0x0
 *(.cybootloader)
                0x00000000                appl1_start = CY_APPL_ORIGIN?CY_APPL_ORIGIN:ALIGN (CY_FLASH_ROW_SIZE)
                0x0001ff00                appl2_start = (appl1_start + ALIGN ((((LENGTH (rom) - appl1_start) - (0x2 * CY_FLASH_ROW_SIZE)) / 0x2), CY_FLASH_ROW_SIZE))
                0x00000000                appl_start = (CY_APPL_NUM == 0x1)?appl1_start:appl2_start
                0x00000000                ecc_offset = ((appl_start / CY_FLASH_ROW_SIZE) * CY_ECC_ROW_SIZE)
                0x00000000                ee_offset = (CY_APPL_LOADABLE && ! (CY_EE_IN_BTLDR))?((CY_EE_SIZE / CY_APPL_MAX) * (CY_APPL_NUM - 0x1)):0x0
                0x00000800                ee_size = (CY_APPL_LOADABLE && ! (CY_EE_IN_BTLDR))?(CY_EE_SIZE / CY_APPL_MAX):CY_EE_SIZE
                [!provide]                PROVIDE (CY_ECC_OFFSET, ecc_offset)

.text           0x00000000     0x156e
 CREATE_OBJECT_SYMBOLS
                0x00000000                PROVIDE (__cy_interrupt_vector, RomVectors)
 *(.romvectors)
 .romvectors    0x00000000       0x10 .\CortexM3\ARM_GCC_541\Debug\Cm3Start.o
                0x00000000                RomVectors
                0x00000001                ASSERT ((. != __cy_interrupt_vector), No interrupt vector)
                0x00000001                ASSERT (CY_APPL_ORIGIN?(SIZEOF (.cybootloader) <= CY_APPL_ORIGIN):0x1, Wrong image location)
                0x00000010                PROVIDE (__cy_reset, Reset)
 *(.text.Reset)
 .text.Reset    0x00000010       0x18 .\CortexM3\ARM_GCC_541\Debug\Cm3Start.o
                0x00000010                Reset
                0x00000001                ASSERT ((. != __cy_reset), No reset code)
 *(.dma_init)
                0x00000001                ASSERT ((((appl_start + .) <= 0x10000) || 0x1), DMA Init must be within the first 64k of flash)
 *(.text .text.* .gnu.linkonce.t.*)
 .text          0x00000028       0x5c c:/program files (x86)/cypress/psoc creator/4.4/psoc creator/import/gnu/arm/5.4.1/bin/../lib/gcc/arm-none-eabi/5.4.1/armv7-m/crtbegin.o
 .text.isr_button_RisingEdge_Interrupt
                0x00000084       0x1c .\CortexM3\ARM_GCC_541\Debug\main.o
                0x00000084                isr_button_RisingEdge_Interrupt
 .text.isr_UART
                0x000000a0       0x28 .\CortexM3\ARM_GCC_541\Debug\main.o
                0x000000a0                isr_UART
 .text.main     0x000000c8       0xe4 .\CortexM3\ARM_GCC_541\Debug\main.o
                0x000000c8                main
 .text.CyClockStartupError
                0x000001ac        0x4 .\CortexM3\ARM_GCC_541\Debug\cyfitter_cfg.o
 .text.cfg_write_bytes32
                0x000001b0       0x34 .\CortexM3\ARM_GCC_541\Debug\cyfitter_cfg.o
 .text.AnalogSetDefault
                0x000001e4       0x40 .\CortexM3\ARM_GCC_541\Debug\cyfitter_cfg.o
 .text.CYMEMZERO
                0x00000224        0xc .\CortexM3\ARM_GCC_541\Debug\cyfitter_cfg.o
 .text.CYCONFIGCPY
                0x00000230        0x8 .\CortexM3\ARM_GCC_541\Debug\cyfitter_cfg.o
 .text.ClockSetup
                0x00000238      0x100 .\CortexM3\ARM_GCC_541\Debug\cyfitter_cfg.o
 .text.ADC_AMux_Set
                0x00000338       0x1c .\CortexM3\ARM_GCC_541\Debug\cyfitter_cfg.o
                0x00000338                ADC_AMux_Set
 .text.ADC_AMux_Unset
                0x00000354       0x1c .\CortexM3\ARM_GCC_541\Debug\cyfitter_cfg.o
                0x00000354                ADC_AMux_Unset
 .text.cyfitter_cfg
                0x00000370      0x130 .\CortexM3\ARM_GCC_541\Debug\cyfitter_cfg.o
                0x00000370                cyfitter_cfg
 .text.IntDefaultHandler
                0x000004a0       0x10 .\CortexM3\ARM_GCC_541\Debug\Cm3Start.o
                0x000004a0                IntDefaultHandler
 .text.Start_c  0x000004b0       0x4c .\CortexM3\ARM_GCC_541\Debug\Cm3Start.o
                0x000004b0                Start_c
 .text.initialize_psoc
                0x000004fc       0x6c .\CortexM3\ARM_GCC_541\Debug\Cm3Start.o
                0x000004fc                initialize_psoc
 .text.ADC_GainCompensation
                0x00000568       0xe0 .\CortexM3\ARM_GCC_541\Debug\LAB3_SDHD.a(ADC.o)
 .text.ADC_SetDSMRef0Reg
                0x00000648       0x4c .\CortexM3\ARM_GCC_541\Debug\LAB3_SDHD.a(ADC.o)
 .text.ADC_InitConfig
                0x00000694      0x338 .\CortexM3\ARM_GCC_541\Debug\LAB3_SDHD.a(ADC.o)
 .text.ADC_Init
                0x000009cc      0x108 .\CortexM3\ARM_GCC_541\Debug\LAB3_SDHD.a(ADC.o)
                0x000009cc                ADC_Init
 .text.ADC_Enable
                0x00000ad4       0xd8 .\CortexM3\ARM_GCC_541\Debug\LAB3_SDHD.a(ADC.o)
                0x00000ad4                ADC_Enable
 .text.ADC_Start
                0x00000bac       0x28 .\CortexM3\ARM_GCC_541\Debug\LAB3_SDHD.a(ADC.o)
                0x00000bac                ADC_Start
 .text.ADC_StartConvert
                0x00000bd4       0x10 .\CortexM3\ARM_GCC_541\Debug\LAB3_SDHD.a(ADC.o)
                0x00000bd4                ADC_StartConvert
 .text.ADC_IsEndConversion
                0x00000be4       0x30 .\CortexM3\ARM_GCC_541\Debug\LAB3_SDHD.a(ADC.o)
                0x00000be4                ADC_IsEndConversion
 .text.ADC_GetResult32
                0x00000c14       0x6c .\CortexM3\ARM_GCC_541\Debug\LAB3_SDHD.a(ADC.o)
                0x00000c14                ADC_GetResult32
 .text.ADC_ISR1
                0x00000c80        0x4 .\CortexM3\ARM_GCC_541\Debug\LAB3_SDHD.a(ADC_INT.o)
                0x00000c80                ADC_ISR1
 .text.ADC_ISR2
                0x00000c84        0x4 .\CortexM3\ARM_GCC_541\Debug\LAB3_SDHD.a(ADC_INT.o)
                0x00000c84                ADC_ISR2
 .text.ADC_ISR3
                0x00000c88        0x4 .\CortexM3\ARM_GCC_541\Debug\LAB3_SDHD.a(ADC_INT.o)
                0x00000c88                ADC_ISR3
 .text.ADC_ISR4
                0x00000c8c        0x4 .\CortexM3\ARM_GCC_541\Debug\LAB3_SDHD.a(ADC_INT.o)
                0x00000c8c                ADC_ISR4
 .text.Push_button_ClearInterrupt
                0x00000c90       0x10 .\CortexM3\ARM_GCC_541\Debug\LAB3_SDHD.a(Push_button.o)
                0x00000c90                Push_button_ClearInterrupt
 .text.isr_button_SetVector
                0x00000ca0        0xc .\CortexM3\ARM_GCC_541\Debug\LAB3_SDHD.a(isr_button.o)
                0x00000ca0                isr_button_SetVector
 .text.isr_button_SetPriority
                0x00000cac       0x10 .\CortexM3\ARM_GCC_541\Debug\LAB3_SDHD.a(isr_button.o)
                0x00000cac                isr_button_SetPriority
 .text.isr_button_Enable
                0x00000cbc        0xc .\CortexM3\ARM_GCC_541\Debug\LAB3_SDHD.a(isr_button.o)
                0x00000cbc                isr_button_Enable
 .text.isr_button_Disable
                0x00000cc8        0xc .\CortexM3\ARM_GCC_541\Debug\LAB3_SDHD.a(isr_button.o)
                0x00000cc8                isr_button_Disable
 .text.isr_button_StartEx
                0x00000cd4       0x1c .\CortexM3\ARM_GCC_541\Debug\LAB3_SDHD.a(isr_button.o)
                0x00000cd4                isr_button_StartEx
 .text.Red_LED_Write
                0x00000cf0       0x18 .\CortexM3\ARM_GCC_541\Debug\LAB3_SDHD.a(Red_LED.o)
                0x00000cf0                Red_LED_Write
 .text.ADC_AMux_Start
                0x00000d08       0x20 .\CortexM3\ARM_GCC_541\Debug\LAB3_SDHD.a(ADC_AMux.o)
                0x00000d08                ADC_AMux_Start
 .text.ADC_AMux_Select
                0x00000d28       0x18 .\CortexM3\ARM_GCC_541\Debug\LAB3_SDHD.a(ADC_AMux.o)
                0x00000d28                ADC_AMux_Select
 .text.ADC_Ext_CP_Clk_GetDividerRegister
                0x00000d40        0xc .\CortexM3\ARM_GCC_541\Debug\LAB3_SDHD.a(ADC_Ext_CP_Clk.o)
                0x00000d40                ADC_Ext_CP_Clk_GetDividerRegister
 .text.ADC_Ext_CP_Clk_SetModeRegister
                0x00000d4c       0x14 .\CortexM3\ARM_GCC_541\Debug\LAB3_SDHD.a(ADC_Ext_CP_Clk.o)
                0x00000d4c                ADC_Ext_CP_Clk_SetModeRegister
 .text.ADC_Ext_CP_Clk_GetSourceRegister
                0x00000d60       0x10 .\CortexM3\ARM_GCC_541\Debug\LAB3_SDHD.a(ADC_Ext_CP_Clk.o)
                0x00000d60                ADC_Ext_CP_Clk_GetSourceRegister
 .text.ADC_Ext_CP_Clk_SetDividerRegister
                0x00000d70       0xd8 .\CortexM3\ARM_GCC_541\Debug\LAB3_SDHD.a(ADC_Ext_CP_Clk.o)
                0x00000d70                ADC_Ext_CP_Clk_SetDividerRegister
 .text.ADC_theACLK_GetDividerRegister
                0x00000e48        0xc .\CortexM3\ARM_GCC_541\Debug\LAB3_SDHD.a(ADC_theACLK.o)
                0x00000e48                ADC_theACLK_GetDividerRegister
 .text.ADC_theACLK_SetModeRegister
                0x00000e54       0x14 .\CortexM3\ARM_GCC_541\Debug\LAB3_SDHD.a(ADC_theACLK.o)
                0x00000e54                ADC_theACLK_SetModeRegister
 .text.ADC_theACLK_GetSourceRegister
                0x00000e68       0x10 .\CortexM3\ARM_GCC_541\Debug\LAB3_SDHD.a(ADC_theACLK.o)
                0x00000e68                ADC_theACLK_GetSourceRegister
 .text.ADC_theACLK_SetDividerRegister
                0x00000e78       0xd8 .\CortexM3\ARM_GCC_541\Debug\LAB3_SDHD.a(ADC_theACLK.o)
                0x00000e78                ADC_theACLK_SetDividerRegister
 .text.CyDmacConfigure
                0x00000f50       0x34 .\CortexM3\ARM_GCC_541\Debug\LAB3_SDHD.a(CyDmac.o)
                0x00000f50                CyDmacConfigure
 .text.CyDmaChEnable
                0x00000f84       0x38 .\CortexM3\ARM_GCC_541\Debug\LAB3_SDHD.a(CyDmac.o)
                0x00000f84                CyDmaChEnable
 .text.CyDmaChPriority
                0x00000fbc       0x24 .\CortexM3\ARM_GCC_541\Debug\LAB3_SDHD.a(CyDmac.o)
                0x00000fbc                CyDmaChPriority
 .text.CyDmaChSetExtendedAddress
                0x00000fe0       0x34 .\CortexM3\ARM_GCC_541\Debug\LAB3_SDHD.a(CyDmac.o)
                0x00000fe0                CyDmaChSetExtendedAddress
 .text.CyDmaChSetInitialTd
                0x00001014       0x18 .\CortexM3\ARM_GCC_541\Debug\LAB3_SDHD.a(CyDmac.o)
                0x00001014                CyDmaChSetInitialTd
 .text.CyDmaChSetConfiguration
                0x0000102c       0x44 .\CortexM3\ARM_GCC_541\Debug\LAB3_SDHD.a(CyDmac.o)
                0x0000102c                CyDmaChSetConfiguration
 .text.CyDmaTdAllocate
                0x00001070       0x34 .\CortexM3\ARM_GCC_541\Debug\LAB3_SDHD.a(CyDmac.o)
                0x00001070                CyDmaTdAllocate
 .text.CyDmaTdSetConfiguration
                0x000010a4       0x28 .\CortexM3\ARM_GCC_541\Debug\LAB3_SDHD.a(CyDmac.o)
                0x000010a4                CyDmaTdSetConfiguration
 .text.CyDmaTdSetAddress
                0x000010cc       0x1c .\CortexM3\ARM_GCC_541\Debug\LAB3_SDHD.a(CyDmac.o)
                0x000010cc                CyDmaTdSetAddress
 .text.CyHalt   0x000010e8        0x4 .\CortexM3\ARM_GCC_541\Debug\LAB3_SDHD.a(CyLib.o)
                0x000010e8                CyHalt
 .text.CyDelayUs
                0x000010ec       0x14 .\CortexM3\ARM_GCC_541\Debug\LAB3_SDHD.a(CyLib.o)
                0x000010ec                CyDelayUs
 .text.CyIntSetVector
                0x00001100       0x28 .\CortexM3\ARM_GCC_541\Debug\LAB3_SDHD.a(CyLib.o)
                0x00001100                CyIntSetVector
 .text.CyIntSetPriority
                0x00001128       0x30 .\CortexM3\ARM_GCC_541\Debug\LAB3_SDHD.a(CyLib.o)
                0x00001128                CyIntSetPriority
 .text.WaveDAC8_Enable
                0x00001158       0x28 .\CortexM3\ARM_GCC_541\Debug\LAB3_SDHD.a(WaveDAC8.o)
                0x00001158                WaveDAC8_Enable
 .text.WaveDAC8_Wave1Setup
                0x00001180       0x40 .\CortexM3\ARM_GCC_541\Debug\LAB3_SDHD.a(WaveDAC8.o)
                0x00001180                WaveDAC8_Wave1Setup
 .text.WaveDAC8_Wave2Setup
                0x000011c0       0x40 .\CortexM3\ARM_GCC_541\Debug\LAB3_SDHD.a(WaveDAC8.o)
                0x000011c0                WaveDAC8_Wave2Setup
 .text.WaveDAC8_Init
                0x00001200       0x40 .\CortexM3\ARM_GCC_541\Debug\LAB3_SDHD.a(WaveDAC8.o)
                0x00001200                WaveDAC8_Init
 .text.WaveDAC8_Start
                0x00001240       0x1c .\CortexM3\ARM_GCC_541\Debug\LAB3_SDHD.a(WaveDAC8.o)
                0x00001240                WaveDAC8_Start
 .text.WaveDAC8_DacClk_Start
                0x0000125c       0x1c .\CortexM3\ARM_GCC_541\Debug\LAB3_SDHD.a(WaveDAC8_DacClk.o)
                0x0000125c                WaveDAC8_DacClk_Start
 .text.WaveDAC8_Wave1_DMA_DmaInitialize
                0x00001278       0x3c .\CortexM3\ARM_GCC_541\Debug\LAB3_SDHD.a(WaveDAC8_Wave1_DMA_dma.o)
                0x00001278                WaveDAC8_Wave1_DMA_DmaInitialize
 .text.WaveDAC8_Wave2_DMA_DmaInitialize
                0x000012b4       0x3c .\CortexM3\ARM_GCC_541\Debug\LAB3_SDHD.a(WaveDAC8_Wave2_DMA_dma.o)
                0x000012b4                WaveDAC8_Wave2_DMA_DmaInitialize
 .text.WaveDAC8_VDAC8_Enable
                0x000012f0       0x1c .\CortexM3\ARM_GCC_541\Debug\LAB3_SDHD.a(WaveDAC8_VDAC8.o)
                0x000012f0                WaveDAC8_VDAC8_Enable
 .text.WaveDAC8_VDAC8_SetSpeed
                0x0000130c       0x1c .\CortexM3\ARM_GCC_541\Debug\LAB3_SDHD.a(WaveDAC8_VDAC8.o)
                0x0000130c                WaveDAC8_VDAC8_SetSpeed
 .text.WaveDAC8_VDAC8_SetValue
                0x00001328        0xc .\CortexM3\ARM_GCC_541\Debug\LAB3_SDHD.a(WaveDAC8_VDAC8.o)
                0x00001328                WaveDAC8_VDAC8_SetValue
 .text.WaveDAC8_VDAC8_DacTrim
                0x00001334       0x24 .\CortexM3\ARM_GCC_541\Debug\LAB3_SDHD.a(WaveDAC8_VDAC8.o)
                0x00001334                WaveDAC8_VDAC8_DacTrim
 .text.WaveDAC8_VDAC8_SetRange
                0x00001358       0x20 .\CortexM3\ARM_GCC_541\Debug\LAB3_SDHD.a(WaveDAC8_VDAC8.o)
                0x00001358                WaveDAC8_VDAC8_SetRange
 .text.WaveDAC8_VDAC8_Init
                0x00001378       0x2c .\CortexM3\ARM_GCC_541\Debug\LAB3_SDHD.a(WaveDAC8_VDAC8.o)
                0x00001378                WaveDAC8_VDAC8_Init
 .text.UART_LOG_Init
                0x000013a4       0x24 .\CortexM3\ARM_GCC_541\Debug\LAB3_SDHD.a(UART_LOG.o)
                0x000013a4                UART_LOG_Init
 .text.UART_LOG_Enable
                0x000013c8       0x38 .\CortexM3\ARM_GCC_541\Debug\LAB3_SDHD.a(UART_LOG.o)
                0x000013c8                UART_LOG_Enable
 .text.UART_LOG_Start
                0x00001400       0x1c .\CortexM3\ARM_GCC_541\Debug\LAB3_SDHD.a(UART_LOG.o)
                0x00001400                UART_LOG_Start
 .text.UART_LOG_GetChar
                0x0000141c       0x2c .\CortexM3\ARM_GCC_541\Debug\LAB3_SDHD.a(UART_LOG.o)
                0x0000141c                UART_LOG_GetChar
 .text.UART_LOG_PutChar
                0x00001448       0x18 .\CortexM3\ARM_GCC_541\Debug\LAB3_SDHD.a(UART_LOG.o)
                0x00001448                UART_LOG_PutChar
 .text.UART_LOG_IntClock_Start
                0x00001460       0x1c .\CortexM3\ARM_GCC_541\Debug\LAB3_SDHD.a(UART_LOG_IntClock.o)
                0x00001460                UART_LOG_IntClock_Start
 .text.isr_UART_SetVector
                0x0000147c        0xc .\CortexM3\ARM_GCC_541\Debug\LAB3_SDHD.a(isr_UART.o)
                0x0000147c                isr_UART_SetVector
 .text.isr_UART_SetPriority
                0x00001488       0x10 .\CortexM3\ARM_GCC_541\Debug\LAB3_SDHD.a(isr_UART.o)
                0x00001488                isr_UART_SetPriority
 .text.isr_UART_Enable
                0x00001498        0xc .\CortexM3\ARM_GCC_541\Debug\LAB3_SDHD.a(isr_UART.o)
                0x00001498                isr_UART_Enable
 .text.isr_UART_Disable
                0x000014a4        0xc .\CortexM3\ARM_GCC_541\Debug\LAB3_SDHD.a(isr_UART.o)
                0x000014a4                isr_UART_Disable
 .text.isr_UART_StartEx
                0x000014b0       0x1c .\CortexM3\ARM_GCC_541\Debug\LAB3_SDHD.a(isr_UART.o)
                0x000014b0                isr_UART_StartEx
 *fill*         0x000014cc        0x4 
 .text          0x000014d0       0x20 .\CortexM3\ARM_GCC_541\Debug\LAB3_SDHD.a(CyBootAsmGnu.o)
                0x000014d0                CyDelayCycles
                0x000014e0                CyEnterCriticalSection
                0x000014e8                CyExitCriticalSection
 .text.__errno  0x000014f0        0xc c:/program files (x86)/cypress/psoc creator/4.4/psoc creator/import/gnu/arm/5.4.1/bin/../lib/gcc/arm-none-eabi/5.4.1/../../../../arm-none-eabi/lib/armv7-m\libg_nano.a(lib_a-errno.o)
                0x000014f0                __errno
 .text.__libc_init_array
                0x000014fc       0x4c c:/program files (x86)/cypress/psoc creator/4.4/psoc creator/import/gnu/arm/5.4.1/bin/../lib/gcc/arm-none-eabi/5.4.1/../../../../arm-none-eabi/lib/armv7-m\libg_nano.a(lib_a-init.o)
                0x000014fc                __libc_init_array
 .text.memcpy   0x00001548       0x16 c:/program files (x86)/cypress/psoc creator/4.4/psoc creator/import/gnu/arm/5.4.1/bin/../lib/gcc/arm-none-eabi/5.4.1/../../../../arm-none-eabi/lib/armv7-m\libg_nano.a(lib_a-memcpy-stub.o)
                0x00001548                memcpy
 .text.memset   0x0000155e       0x10 c:/program files (x86)/cypress/psoc creator/4.4/psoc creator/import/gnu/arm/5.4.1/bin/../lib/gcc/arm-none-eabi/5.4.1/../../../../arm-none-eabi/lib/armv7-m\libg_nano.a(lib_a-memset.o)
                0x0000155e                memset
 *(.plt)
 *(.gnu.warning)
 *(.glue_7t)
 .glue_7t       0x0000156e        0x0 linker stubs
 *(.glue_7)
 .glue_7        0x0000156e        0x0 linker stubs
 *(.vfp11_veneer)
 .vfp11_veneer  0x0000156e        0x0 linker stubs
 *(.bootloader)
 *(.ARM.extab* .gnu.linkonce.armextab.*)
 *(.gcc_except_table)

.v4_bx          0x00001570        0x0
 .v4_bx         0x00001570        0x0 linker stubs

.iplt           0x00001570        0x0
 .iplt          0x00001570        0x0 c:/program files (x86)/cypress/psoc creator/4.4/psoc creator/import/gnu/arm/5.4.1/bin/../lib/gcc/arm-none-eabi/5.4.1/armv7-m/crtbegin.o

.eh_frame_hdr
 *(.eh_frame_hdr)

.eh_frame       0x00001570        0x4
 *(.eh_frame)
 .eh_frame      0x00001570        0x0 c:/program files (x86)/cypress/psoc creator/4.4/psoc creator/import/gnu/arm/5.4.1/bin/../lib/gcc/arm-none-eabi/5.4.1/armv7-m/crtbegin.o
 .eh_frame      0x00001570        0x4 c:/program files (x86)/cypress/psoc creator/4.4/psoc creator/import/gnu/arm/5.4.1/bin/../lib/gcc/arm-none-eabi/5.4.1/armv7-m/crtend.o
                [!provide]                PROVIDE (__exidx_start, .)

.ARM.exidx
 *(.ARM.exidx* .gnu.linkonce.armexidx.*)
                0x00001574                __exidx_end = .

.rodata         0x00001574      0x4d4
 *(.rodata .rodata.* .gnu.linkonce.r.*)
 .rodata        0x00001574       0x4e .\CortexM3\ARM_GCC_541\Debug\cyfitter_cfg.o
                0x00001574                ADC_AMux__addrTable
                0x0000157c                ADC_AMux__maskTable
 *fill*         0x000015c2        0x2 
 .rodata        0x000015c4      0x44c .\CortexM3\ARM_GCC_541\Debug\LAB3_SDHD.a(WaveDAC8.o)
                0x000015c4                WaveDAC8_wave1
                0x000019ac                WaveDAC8_wave2
 .rodata.str1.1
                0x00001a10        0x2 c:/program files (x86)/cypress/psoc creator/4.4/psoc creator/import/gnu/arm/5.4.1/bin/../lib/gcc/arm-none-eabi/5.4.1/../../../../arm-none-eabi/lib/armv7-m\libg_nano.a(lib_a-impure.o)
                0x00001a14                . = ALIGN (0x4)
 *fill*         0x00001a12        0x2 
 *(.init)
 .init          0x00001a14        0x4 c:/program files (x86)/cypress/psoc creator/4.4/psoc creator/import/gnu/arm/5.4.1/bin/../lib/gcc/arm-none-eabi/5.4.1/armv7-m/crti.o
                0x00001a14                _init
 .init          0x00001a18        0x8 c:/program files (x86)/cypress/psoc creator/4.4/psoc creator/import/gnu/arm/5.4.1/bin/../lib/gcc/arm-none-eabi/5.4.1/armv7-m/crtn.o
                0x00001a20                . = ALIGN (0x4)
                0x00001a20                __preinit_array_start = .
 *(.preinit_array)
                0x00001a20                __preinit_array_end = .
                0x00001a20                . = ALIGN (0x4)
                0x00001a20                __init_array_start = .
 *(SORT(.init_array.*))
 *(.init_array)
 .init_array    0x00001a20        0x4 c:/program files (x86)/cypress/psoc creator/4.4/psoc creator/import/gnu/arm/5.4.1/bin/../lib/gcc/arm-none-eabi/5.4.1/armv7-m/crtbegin.o
 .init_array    0x00001a24        0x4 .\CortexM3\ARM_GCC_541\Debug\Cm3Start.o
                0x00001a28                __init_array_end = .
                0x00001a28                . = ALIGN (0x4)
 *(.fini)
 .fini          0x00001a28        0x4 c:/program files (x86)/cypress/psoc creator/4.4/psoc creator/import/gnu/arm/5.4.1/bin/../lib/gcc/arm-none-eabi/5.4.1/armv7-m/crti.o
                0x00001a28                _fini
 .fini          0x00001a2c        0x8 c:/program files (x86)/cypress/psoc creator/4.4/psoc creator/import/gnu/arm/5.4.1/bin/../lib/gcc/arm-none-eabi/5.4.1/armv7-m/crtn.o
                0x00001a34                . = ALIGN (0x4)
                0x00001a34                __fini_array_start = .
 *(.fini_array)
 .fini_array    0x00001a34        0x4 c:/program files (x86)/cypress/psoc creator/4.4/psoc creator/import/gnu/arm/5.4.1/bin/../lib/gcc/arm-none-eabi/5.4.1/armv7-m/crtbegin.o
 *(SORT(.fini_array.*))
                0x00001a38                __fini_array_end = .
                0x00001a38                . = ALIGN (0x4)
 *crtbegin.o(.ctors)
 *(EXCLUDE_FILE(*crtend.o) .ctors)
 *(SORT(.ctors.*))
 *crtend.o(.ctors)
                0x00001a38                . = ALIGN (0x4)
 *crtbegin.o(.dtors)
 *(EXCLUDE_FILE(*crtend.o) .dtors)
 *(SORT(.dtors.*))
 *crtend.o(.dtors)
                0x00001a38                . = ALIGN (0x4)
                0x00001a38                __cy_regions = .
                0x00001a38        0x4 LONG 0x1a48 __cy_region_init_ram
                0x00001a3c        0x4 LONG 0x1fff80c8 __cy_region_start_data
                0x00001a40        0x4 LONG 0x88 __cy_region_init_size_ram
                0x00001a44        0x4 LONG 0x48 __cy_region_zero_size_ram
                0x00001a48                __cy_regions_end = .
                0x00001a48                . = ALIGN (0x8)
                0x00001a48                _etext = .

.cy_checksum_exclude
                0x00001a48        0x0
 *(.cy_checksum_exclude)

.ramvectors     0x1fff8000       0xc0
                0x1fff8000                __cy_region_start_ram = .
 *(.ramvectors)
 .ramvectors    0x1fff8000       0xc0 .\CortexM3\ARM_GCC_541\Debug\Cm3Start.o
                0x1fff8000                CyRamVectors

.noinit         0x1fff80c0        0x1
 *(.noinit)
 .noinit        0x1fff80c0        0x1 .\CortexM3\ARM_GCC_541\Debug\LAB3_SDHD.a(CyLib.o)
                0x1fff80c0                CyResetStatus

.data           0x1fff80c8       0x88 load address 0x00001a48
                0x1fff80c8                __cy_region_start_data = .
 *(.jcr)
 .jcr           0x1fff80c8        0x0 c:/program files (x86)/cypress/psoc creator/4.4/psoc creator/import/gnu/arm/5.4.1/bin/../lib/gcc/arm-none-eabi/5.4.1/armv7-m/crtbegin.o
 .jcr           0x1fff80c8        0x4 c:/program files (x86)/cypress/psoc creator/4.4/psoc creator/import/gnu/arm/5.4.1/bin/../lib/gcc/arm-none-eabi/5.4.1/armv7-m/crtend.o
 *(.got.plt)
 *(.got)
 *(.shdata)
 *(.data .data.* .gnu.linkonce.d.*)
 .data          0x1fff80cc        0x1 .\CortexM3\ARM_GCC_541\Debug\LAB3_SDHD.a(ADC.o)
                0x1fff80cc                ADC_Config
 .data          0x1fff80cd        0x1 .\CortexM3\ARM_GCC_541\Debug\LAB3_SDHD.a(ADC_AMux.o)
 *fill*         0x1fff80ce        0x2 
 .data          0x1fff80d0        0x8 .\CortexM3\ARM_GCC_541\Debug\LAB3_SDHD.a(CyDmac.o)
 .data          0x1fff80d8       0x10 .\CortexM3\ARM_GCC_541\Debug\LAB3_SDHD.a(CyLib.o)
                0x1fff80d8                cydelay_32k_ms
                0x1fff80dc                cydelay_freq_khz
                0x1fff80e0                cydelay_freq_mhz
                0x1fff80e4                cydelay_freq_hz
 .data          0x1fff80e8        0x1 .\CortexM3\ARM_GCC_541\Debug\LAB3_SDHD.a(WaveDAC8_Wave1_DMA_dma.o)
                0x1fff80e8                WaveDAC8_Wave1_DMA_DmaHandle
 .data          0x1fff80e9        0x1 .\CortexM3\ARM_GCC_541\Debug\LAB3_SDHD.a(WaveDAC8_Wave2_DMA_dma.o)
                0x1fff80e9                WaveDAC8_Wave2_DMA_DmaHandle
 *fill*         0x1fff80ea        0x2 
 .data.impure_data
                0x1fff80ec       0x60 c:/program files (x86)/cypress/psoc creator/4.4/psoc creator/import/gnu/arm/5.4.1/bin/../lib/gcc/arm-none-eabi/5.4.1/../../../../arm-none-eabi/lib/armv7-m\libg_nano.a(lib_a-impure.o)
 .data._impure_ptr
                0x1fff814c        0x4 c:/program files (x86)/cypress/psoc creator/4.4/psoc creator/import/gnu/arm/5.4.1/bin/../lib/gcc/arm-none-eabi/5.4.1/../../../../arm-none-eabi/lib/armv7-m\libg_nano.a(lib_a-impure.o)
                0x1fff814c                _impure_ptr
                0x1fff8150                . = ALIGN (0x8)
 *(.ram)
                0x1fff8150                _edata = .

.igot.plt       0x1fff8150        0x0 load address 0x00001ad0
 .igot.plt      0x1fff8150        0x0 c:/program files (x86)/cypress/psoc creator/4.4/psoc creator/import/gnu/arm/5.4.1/bin/../lib/gcc/arm-none-eabi/5.4.1/armv7-m/crtbegin.o

.bss            0x1fff8150       0x48 load address 0x00001ad0
                0x1fff8150                PROVIDE (__bss_start__, .)
 *(.shbss)
 *(.bss .bss.* .gnu.linkonce.b.*)
 .bss           0x1fff8150       0x1c c:/program files (x86)/cypress/psoc creator/4.4/psoc creator/import/gnu/arm/5.4.1/bin/../lib/gcc/arm-none-eabi/5.4.1/armv7-m/crtbegin.o
 .bss           0x1fff816c        0x3 .\CortexM3\ARM_GCC_541\Debug\main.o
                0x1fff816c                toggle
                0x1fff816d                sChRx
                0x1fff816e                oChRx
 *fill*         0x1fff816f        0x1 
 .bss           0x1fff8170       0x18 .\CortexM3\ARM_GCC_541\Debug\LAB3_SDHD.a(ADC.o)
                0x1fff8180                ADC_stopConversion
                0x1fff8181                ADC_convDone
                0x1fff8182                ADC_initVar
                0x1fff8183                ADC_started
                0x1fff8184                ADC_Offset
 .bss           0x1fff8188        0x5 .\CortexM3\ARM_GCC_541\Debug\LAB3_SDHD.a(WaveDAC8.o)
                0x1fff818c                WaveDAC8_initVar
 .bss           0x1fff818d        0x2 .\CortexM3\ARM_GCC_541\Debug\LAB3_SDHD.a(UART_LOG.o)
                0x1fff818d                UART_LOG_initVar
 *(COMMON)
 COMMON         0x1fff818f        0x1 .\CortexM3\ARM_GCC_541\Debug\main.o
                0x1fff818f                rxDataCh
 COMMON         0x1fff8190        0x4 .\CortexM3\ARM_GCC_541\Debug\LAB3_SDHD.a(ADC.o)
                0x1fff8190                ADC_CountsPerVolt
                0x1fff8198                . = ALIGN (0x8)
 *fill*         0x1fff8194        0x4 
 *(.ram.b)
                0x1fff8198                _end = .
                0x1fff8198                __end = .
                0x1fff8198                PROVIDE (end, .)
                0x1fff8198                PROVIDE (__bss_end__, .)
                0x00001a48                __cy_region_init_ram = LOADADDR (.data)
                0x00000088                __cy_region_init_size_ram = (_edata - ADDR (.data))
                0x00000048                __cy_region_zero_size_ram = (_end - _edata)

.heap           0x1fff8198       0x80 load address 0x00001ad0
                0x1fff8198                . = _end
                0x1fff8218                . = (. + 0x80)
 *fill*         0x1fff8198       0x80 
                0x1fff8218                __cy_heap_limit = .

.stack          0x20007800      0x800
                0x20007800                __cy_stack_limit = .
                0x20008000                . = (. + 0x800)
 *fill*         0x20007800      0x800 
                0x00000001                ASSERT ((__cy_stack_limit >= __cy_heap_limit), region RAM overflowed with stack)
                0x00000000                cy_checksum_exclude_size = (CY_APPL_LOADABLE == 0x1)?SIZEOF (.cy_checksum_exclude):0x0
                0x00000001                ASSERT ((cy_checksum_exclude_size <= CY_CHECKSUM_EXCLUDE_SIZE), CY_BOOT: Section .cy_checksum_exclude size exceedes specified limit.)

.cyloadermeta
 *(.cyloadermeta)

.cyloadablemeta
 *(.cyloadablemeta)

.cyconfigecc    0x80000000      0x398
 *(.cyconfigecc)
 .cyconfigecc   0x80000000      0x398 .\CortexM3\ARM_GCC_541\Debug\cymetadata.o
                0x80000000                cy_meta_configecc

.cycustnvl      0x90000000        0x4
 *(.cycustnvl)
 .cycustnvl     0x90000000        0x4 .\CortexM3\ARM_GCC_541\Debug\cymetadata.o
                0x90000000                cy_meta_custnvl

.cywolatch      0x90100000        0x4
 *(.cywolatch)
 .cywolatch     0x90100000        0x4 .\CortexM3\ARM_GCC_541\Debug\cymetadata.o
                0x90100000                cy_meta_wonvl

.cyeeprom       0x90200000        0x0
 *(.cyeeprom)
                0x00000001                ASSERT ((. <= ((0x90200000 + ee_offset) + ee_size)), .cyeeprom data will not fit in EEPROM)

.cyflashprotect
                0x90400000      0x100
 *(.cyflashprotect)
 .cyflashprotect
                0x90400000      0x100 .\CortexM3\ARM_GCC_541\Debug\cymetadata.o
                0x90400000                cy_meta_flashprotect

.cymeta         0x90500000        0xc
 *(.cymeta)
 .cymeta        0x90500000        0xc .\CortexM3\ARM_GCC_541\Debug\cymetadata.o
                0x90500000                cy_metadata

.rel.dyn        0x00001ad0        0x0 load address 0x9050000c
 .rel.iplt      0x00001ad0        0x0 c:/program files (x86)/cypress/psoc creator/4.4/psoc creator/import/gnu/arm/5.4.1/bin/../lib/gcc/arm-none-eabi/5.4.1/armv7-m/crtbegin.o

.stab
 *(.stab)

.stabstr
 *(.stabstr)

.debug
 *(.debug)

.line
 *(.line)

.debug_srcinfo
 *(.debug_srcinfo)

.debug_sfnames
 *(.debug_sfnames)

.debug_aranges  0x00000000      0xce0
 *(.debug_aranges)
 .debug_aranges
                0x00000000       0x30 .\CortexM3\ARM_GCC_541\Debug\main.o
 .debug_aranges
                0x00000030       0x28 .\CortexM3\ARM_GCC_541\Debug\logging.o
 .debug_aranges
                0x00000058       0x68 .\CortexM3\ARM_GCC_541\Debug\cyfitter_cfg.o
 .debug_aranges
                0x000000c0       0x18 .\CortexM3\ARM_GCC_541\Debug\cymetadata.o
 .debug_aranges
                0x000000d8       0x48 .\CortexM3\ARM_GCC_541\Debug\Cm3Start.o
 .debug_aranges
                0x00000120       0xe8 .\CortexM3\ARM_GCC_541\Debug\LAB3_SDHD.a(ADC.o)
 .debug_aranges
                0x00000208       0x38 .\CortexM3\ARM_GCC_541\Debug\LAB3_SDHD.a(ADC_INT.o)
 .debug_aranges
                0x00000240       0x48 .\CortexM3\ARM_GCC_541\Debug\LAB3_SDHD.a(Push_button.o)
 .debug_aranges
                0x00000288       0x80 .\CortexM3\ARM_GCC_541\Debug\LAB3_SDHD.a(isr_button.o)
 .debug_aranges
                0x00000308       0x38 .\CortexM3\ARM_GCC_541\Debug\LAB3_SDHD.a(Red_LED.o)
 .debug_aranges
                0x00000340       0x30 .\CortexM3\ARM_GCC_541\Debug\LAB3_SDHD.a(ADC_AMux.o)
 .debug_aranges
                0x00000370       0x70 .\CortexM3\ARM_GCC_541\Debug\LAB3_SDHD.a(ADC_Ext_CP_Clk.o)
 .debug_aranges
                0x000003e0       0x80 .\CortexM3\ARM_GCC_541\Debug\LAB3_SDHD.a(ADC_theACLK.o)
 .debug_aranges
                0x00000460       0xd8 .\CortexM3\ARM_GCC_541\Debug\LAB3_SDHD.a(CyDmac.o)
 .debug_aranges
                0x00000538      0x2a0 .\CortexM3\ARM_GCC_541\Debug\LAB3_SDHD.a(CyLib.o)
 .debug_aranges
                0x000007d8       0x98 .\CortexM3\ARM_GCC_541\Debug\LAB3_SDHD.a(cyPm.o)
 .debug_aranges
                0x00000870       0x50 .\CortexM3\ARM_GCC_541\Debug\LAB3_SDHD.a(WaveDAC8.o)
 .debug_aranges
                0x000008c0       0x70 .\CortexM3\ARM_GCC_541\Debug\LAB3_SDHD.a(WaveDAC8_DacClk.o)
 .debug_aranges
                0x00000930       0x28 .\CortexM3\ARM_GCC_541\Debug\LAB3_SDHD.a(WaveDAC8_Wave1_DMA_dma.o)
 .debug_aranges
                0x00000958       0x28 .\CortexM3\ARM_GCC_541\Debug\LAB3_SDHD.a(WaveDAC8_Wave2_DMA_dma.o)
 .debug_aranges
                0x00000980       0x58 .\CortexM3\ARM_GCC_541\Debug\LAB3_SDHD.a(WaveDAC8_VDAC8.o)
 .debug_aranges
                0x000009d8       0xf0 .\CortexM3\ARM_GCC_541\Debug\LAB3_SDHD.a(UART_LOG.o)
 .debug_aranges
                0x00000ac8       0x70 .\CortexM3\ARM_GCC_541\Debug\LAB3_SDHD.a(UART_LOG_IntClock.o)
 .debug_aranges
                0x00000b38       0x80 .\CortexM3\ARM_GCC_541\Debug\LAB3_SDHD.a(isr_UART.o)
 .debug_aranges
                0x00000bb8       0x20 .\CortexM3\ARM_GCC_541\Debug\LAB3_SDHD.a(CyBootAsmGnu.o)
 .debug_aranges
                0x00000bd8       0x88 .\CortexM3\ARM_GCC_541\Debug\LAB3_SDHD.a(CyFlash.o)
 .debug_aranges
                0x00000c60       0x80 .\CortexM3\ARM_GCC_541\Debug\LAB3_SDHD.a(CySpc.o)

.debug_pubnames
 *(.debug_pubnames)

.debug_info     0x00000000     0x768b
 *(.debug_info .gnu.linkonce.wi.*)
 .debug_info    0x00000000      0x388 .\CortexM3\ARM_GCC_541\Debug\main.o
 .debug_info    0x00000388      0x347 .\CortexM3\ARM_GCC_541\Debug\logging.o
 .debug_info    0x000006cf      0x6a0 .\CortexM3\ARM_GCC_541\Debug\cyfitter_cfg.o
 .debug_info    0x00000d6f      0x135 .\CortexM3\ARM_GCC_541\Debug\cymetadata.o
 .debug_info    0x00000ea4      0x3cf .\CortexM3\ARM_GCC_541\Debug\Cm3Start.o
 .debug_info    0x00001273      0xbed .\CortexM3\ARM_GCC_541\Debug\LAB3_SDHD.a(ADC.o)
 .debug_info    0x00001e60       0xd3 .\CortexM3\ARM_GCC_541\Debug\LAB3_SDHD.a(ADC_INT.o)
 .debug_info    0x00001f33      0x174 .\CortexM3\ARM_GCC_541\Debug\LAB3_SDHD.a(Push_button.o)
 .debug_info    0x000020a7      0x2d2 .\CortexM3\ARM_GCC_541\Debug\LAB3_SDHD.a(isr_button.o)
 .debug_info    0x00002379      0x11f .\CortexM3\ARM_GCC_541\Debug\LAB3_SDHD.a(Red_LED.o)
 .debug_info    0x00002498      0x165 .\CortexM3\ARM_GCC_541\Debug\LAB3_SDHD.a(ADC_AMux.o)
 .debug_info    0x000025fd      0x283 .\CortexM3\ARM_GCC_541\Debug\LAB3_SDHD.a(ADC_Ext_CP_Clk.o)
 .debug_info    0x00002880      0x2c4 .\CortexM3\ARM_GCC_541\Debug\LAB3_SDHD.a(ADC_theACLK.o)
 .debug_info    0x00002b44      0x94e .\CortexM3\ARM_GCC_541\Debug\LAB3_SDHD.a(CyDmac.o)
 .debug_info    0x00003492     0x1374 .\CortexM3\ARM_GCC_541\Debug\LAB3_SDHD.a(CyLib.o)
 .debug_info    0x00004806      0xa2a .\CortexM3\ARM_GCC_541\Debug\LAB3_SDHD.a(cyPm.o)
 .debug_info    0x00005230      0x519 .\CortexM3\ARM_GCC_541\Debug\LAB3_SDHD.a(WaveDAC8.o)
 .debug_info    0x00005749      0x283 .\CortexM3\ARM_GCC_541\Debug\LAB3_SDHD.a(WaveDAC8_DacClk.o)
 .debug_info    0x000059cc      0x1aa .\CortexM3\ARM_GCC_541\Debug\LAB3_SDHD.a(WaveDAC8_Wave1_DMA_dma.o)
 .debug_info    0x00005b76      0x1a7 .\CortexM3\ARM_GCC_541\Debug\LAB3_SDHD.a(WaveDAC8_Wave2_DMA_dma.o)
 .debug_info    0x00005d1d      0x1de .\CortexM3\ARM_GCC_541\Debug\LAB3_SDHD.a(WaveDAC8_VDAC8.o)
 .debug_info    0x00005efb      0x60c .\CortexM3\ARM_GCC_541\Debug\LAB3_SDHD.a(UART_LOG.o)
 .debug_info    0x00006507      0x283 .\CortexM3\ARM_GCC_541\Debug\LAB3_SDHD.a(UART_LOG_IntClock.o)
 .debug_info    0x0000678a      0x2d2 .\CortexM3\ARM_GCC_541\Debug\LAB3_SDHD.a(isr_UART.o)
 .debug_info    0x00006a5c       0x92 .\CortexM3\ARM_GCC_541\Debug\LAB3_SDHD.a(CyBootAsmGnu.o)
 .debug_info    0x00006aee      0x64d .\CortexM3\ARM_GCC_541\Debug\LAB3_SDHD.a(CyFlash.o)
 .debug_info    0x0000713b      0x550 .\CortexM3\ARM_GCC_541\Debug\LAB3_SDHD.a(CySpc.o)

.debug_abbrev   0x00000000     0x20d1
 *(.debug_abbrev)
 .debug_abbrev  0x00000000      0x153 .\CortexM3\ARM_GCC_541\Debug\main.o
 .debug_abbrev  0x00000153      0x139 .\CortexM3\ARM_GCC_541\Debug\logging.o
 .debug_abbrev  0x0000028c      0x22d .\CortexM3\ARM_GCC_541\Debug\cyfitter_cfg.o
 .debug_abbrev  0x000004b9       0x66 .\CortexM3\ARM_GCC_541\Debug\cymetadata.o
 .debug_abbrev  0x0000051f      0x1e8 .\CortexM3\ARM_GCC_541\Debug\Cm3Start.o
 .debug_abbrev  0x00000707      0x1eb .\CortexM3\ARM_GCC_541\Debug\LAB3_SDHD.a(ADC.o)
 .debug_abbrev  0x000008f2       0x42 .\CortexM3\ARM_GCC_541\Debug\LAB3_SDHD.a(ADC_INT.o)
 .debug_abbrev  0x00000934       0x90 .\CortexM3\ARM_GCC_541\Debug\LAB3_SDHD.a(Push_button.o)
 .debug_abbrev  0x000009c4      0x173 .\CortexM3\ARM_GCC_541\Debug\LAB3_SDHD.a(isr_button.o)
 .debug_abbrev  0x00000b37       0x90 .\CortexM3\ARM_GCC_541\Debug\LAB3_SDHD.a(Red_LED.o)
 .debug_abbrev  0x00000bc7       0xb1 .\CortexM3\ARM_GCC_541\Debug\LAB3_SDHD.a(ADC_AMux.o)
 .debug_abbrev  0x00000c78      0x139 .\CortexM3\ARM_GCC_541\Debug\LAB3_SDHD.a(ADC_Ext_CP_Clk.o)
 .debug_abbrev  0x00000db1      0x121 .\CortexM3\ARM_GCC_541\Debug\LAB3_SDHD.a(ADC_theACLK.o)
 .debug_abbrev  0x00000ed2      0x1b2 .\CortexM3\ARM_GCC_541\Debug\LAB3_SDHD.a(CyDmac.o)
 .debug_abbrev  0x00001084      0x254 .\CortexM3\ARM_GCC_541\Debug\LAB3_SDHD.a(CyLib.o)
 .debug_abbrev  0x000012d8      0x1ab .\CortexM3\ARM_GCC_541\Debug\LAB3_SDHD.a(cyPm.o)
 .debug_abbrev  0x00001483      0x114 .\CortexM3\ARM_GCC_541\Debug\LAB3_SDHD.a(WaveDAC8.o)
 .debug_abbrev  0x00001597      0x139 .\CortexM3\ARM_GCC_541\Debug\LAB3_SDHD.a(WaveDAC8_DacClk.o)
 .debug_abbrev  0x000016d0       0xcd .\CortexM3\ARM_GCC_541\Debug\LAB3_SDHD.a(WaveDAC8_Wave1_DMA_dma.o)
 .debug_abbrev  0x0000179d       0xcd .\CortexM3\ARM_GCC_541\Debug\LAB3_SDHD.a(WaveDAC8_Wave2_DMA_dma.o)
 .debug_abbrev  0x0000186a       0xf7 .\CortexM3\ARM_GCC_541\Debug\LAB3_SDHD.a(WaveDAC8_VDAC8.o)
 .debug_abbrev  0x00001961      0x175 .\CortexM3\ARM_GCC_541\Debug\LAB3_SDHD.a(UART_LOG.o)
 .debug_abbrev  0x00001ad6      0x139 .\CortexM3\ARM_GCC_541\Debug\LAB3_SDHD.a(UART_LOG_IntClock.o)
 .debug_abbrev  0x00001c0f      0x173 .\CortexM3\ARM_GCC_541\Debug\LAB3_SDHD.a(isr_UART.o)
 .debug_abbrev  0x00001d82       0x14 .\CortexM3\ARM_GCC_541\Debug\LAB3_SDHD.a(CyBootAsmGnu.o)
 .debug_abbrev  0x00001d96      0x1a7 .\CortexM3\ARM_GCC_541\Debug\LAB3_SDHD.a(CyFlash.o)
 .debug_abbrev  0x00001f3d      0x194 .\CortexM3\ARM_GCC_541\Debug\LAB3_SDHD.a(CySpc.o)

.debug_line     0x00000000     0x31d0
 *(.debug_line)
 .debug_line    0x00000000      0x25e .\CortexM3\ARM_GCC_541\Debug\main.o
 .debug_line    0x0000025e      0x1a7 .\CortexM3\ARM_GCC_541\Debug\logging.o
 .debug_line    0x00000405      0x225 .\CortexM3\ARM_GCC_541\Debug\cyfitter_cfg.o
 .debug_line    0x0000062a      0x141 .\CortexM3\ARM_GCC_541\Debug\cymetadata.o
 .debug_line    0x0000076b      0x241 .\CortexM3\ARM_GCC_541\Debug\Cm3Start.o
 .debug_line    0x000009ac      0x3c1 .\CortexM3\ARM_GCC_541\Debug\LAB3_SDHD.a(ADC.o)
 .debug_line    0x00000d6d       0x80 .\CortexM3\ARM_GCC_541\Debug\LAB3_SDHD.a(ADC_INT.o)
 .debug_line    0x00000ded       0xbc .\CortexM3\ARM_GCC_541\Debug\LAB3_SDHD.a(Push_button.o)
 .debug_line    0x00000ea9      0x137 .\CortexM3\ARM_GCC_541\Debug\LAB3_SDHD.a(isr_button.o)
 .debug_line    0x00000fe0       0x94 .\CortexM3\ARM_GCC_541\Debug\LAB3_SDHD.a(Red_LED.o)
 .debug_line    0x00001074       0xac .\CortexM3\ARM_GCC_541\Debug\LAB3_SDHD.a(ADC_AMux.o)
 .debug_line    0x00001120      0x17d .\CortexM3\ARM_GCC_541\Debug\LAB3_SDHD.a(ADC_Ext_CP_Clk.o)
 .debug_line    0x0000129d      0x19d .\CortexM3\ARM_GCC_541\Debug\LAB3_SDHD.a(ADC_theACLK.o)
 .debug_line    0x0000143a      0x2e4 .\CortexM3\ARM_GCC_541\Debug\LAB3_SDHD.a(CyDmac.o)
 .debug_line    0x0000171e      0x816 .\CortexM3\ARM_GCC_541\Debug\LAB3_SDHD.a(CyLib.o)
 .debug_line    0x00001f34      0x367 .\CortexM3\ARM_GCC_541\Debug\LAB3_SDHD.a(cyPm.o)
 .debug_line    0x0000229b      0x156 .\CortexM3\ARM_GCC_541\Debug\LAB3_SDHD.a(WaveDAC8.o)
 .debug_line    0x000023f1      0x17e .\CortexM3\ARM_GCC_541\Debug\LAB3_SDHD.a(WaveDAC8_DacClk.o)
 .debug_line    0x0000256f       0x8f .\CortexM3\ARM_GCC_541\Debug\LAB3_SDHD.a(WaveDAC8_Wave1_DMA_dma.o)
 .debug_line    0x000025fe       0x8f .\CortexM3\ARM_GCC_541\Debug\LAB3_SDHD.a(WaveDAC8_Wave2_DMA_dma.o)
 .debug_line    0x0000268d       0xea .\CortexM3\ARM_GCC_541\Debug\LAB3_SDHD.a(WaveDAC8_VDAC8.o)
 .debug_line    0x00002777      0x2c4 .\CortexM3\ARM_GCC_541\Debug\LAB3_SDHD.a(UART_LOG.o)
 .debug_line    0x00002a3b      0x180 .\CortexM3\ARM_GCC_541\Debug\LAB3_SDHD.a(UART_LOG_IntClock.o)
 .debug_line    0x00002bbb      0x135 .\CortexM3\ARM_GCC_541\Debug\LAB3_SDHD.a(isr_UART.o)
 .debug_line    0x00002cf0       0x66 .\CortexM3\ARM_GCC_541\Debug\LAB3_SDHD.a(CyBootAsmGnu.o)
 .debug_line    0x00002d56      0x21a .\CortexM3\ARM_GCC_541\Debug\LAB3_SDHD.a(CyFlash.o)
 .debug_line    0x00002f70      0x260 .\CortexM3\ARM_GCC_541\Debug\LAB3_SDHD.a(CySpc.o)

.debug_frame    0x00000000     0x1f98
 *(.debug_frame)
 .debug_frame   0x00000000       0x70 .\CortexM3\ARM_GCC_541\Debug\main.o
 .debug_frame   0x00000070       0x48 .\CortexM3\ARM_GCC_541\Debug\logging.o
 .debug_frame   0x000000b8      0x104 .\CortexM3\ARM_GCC_541\Debug\cyfitter_cfg.o
 .debug_frame   0x000001bc       0xb8 .\CortexM3\ARM_GCC_541\Debug\Cm3Start.o
 .debug_frame   0x00000274      0x284 .\CortexM3\ARM_GCC_541\Debug\LAB3_SDHD.a(ADC.o)
 .debug_frame   0x000004f8       0x50 .\CortexM3\ARM_GCC_541\Debug\LAB3_SDHD.a(ADC_INT.o)
 .debug_frame   0x00000548       0x70 .\CortexM3\ARM_GCC_541\Debug\LAB3_SDHD.a(Push_button.o)
 .debug_frame   0x000005b8      0x104 .\CortexM3\ARM_GCC_541\Debug\LAB3_SDHD.a(isr_button.o)
 .debug_frame   0x000006bc       0x50 .\CortexM3\ARM_GCC_541\Debug\LAB3_SDHD.a(Red_LED.o)
 .debug_frame   0x0000070c       0x64 .\CortexM3\ARM_GCC_541\Debug\LAB3_SDHD.a(ADC_AMux.o)
 .debug_frame   0x00000770       0xe0 .\CortexM3\ARM_GCC_541\Debug\LAB3_SDHD.a(ADC_Ext_CP_Clk.o)
 .debug_frame   0x00000850      0x100 .\CortexM3\ARM_GCC_541\Debug\LAB3_SDHD.a(ADC_theACLK.o)
 .debug_frame   0x00000950      0x1f8 .\CortexM3\ARM_GCC_541\Debug\LAB3_SDHD.a(CyDmac.o)
 .debug_frame   0x00000b48      0x738 .\CortexM3\ARM_GCC_541\Debug\LAB3_SDHD.a(CyLib.o)
 .debug_frame   0x00001280      0x1f8 .\CortexM3\ARM_GCC_541\Debug\LAB3_SDHD.a(cyPm.o)
 .debug_frame   0x00001478       0xe0 .\CortexM3\ARM_GCC_541\Debug\LAB3_SDHD.a(WaveDAC8.o)
 .debug_frame   0x00001558       0xe0 .\CortexM3\ARM_GCC_541\Debug\LAB3_SDHD.a(WaveDAC8_DacClk.o)
 .debug_frame   0x00001638       0x54 .\CortexM3\ARM_GCC_541\Debug\LAB3_SDHD.a(WaveDAC8_Wave1_DMA_dma.o)
 .debug_frame   0x0000168c       0x54 .\CortexM3\ARM_GCC_541\Debug\LAB3_SDHD.a(WaveDAC8_Wave2_DMA_dma.o)
 .debug_frame   0x000016e0       0xb4 .\CortexM3\ARM_GCC_541\Debug\LAB3_SDHD.a(WaveDAC8_VDAC8.o)
 .debug_frame   0x00001794      0x250 .\CortexM3\ARM_GCC_541\Debug\LAB3_SDHD.a(UART_LOG.o)
 .debug_frame   0x000019e4       0xe0 .\CortexM3\ARM_GCC_541\Debug\LAB3_SDHD.a(UART_LOG_IntClock.o)
 .debug_frame   0x00001ac4      0x104 .\CortexM3\ARM_GCC_541\Debug\LAB3_SDHD.a(isr_UART.o)
 .debug_frame   0x00001bc8      0x194 .\CortexM3\ARM_GCC_541\Debug\LAB3_SDHD.a(CyFlash.o)
 .debug_frame   0x00001d5c      0x180 .\CortexM3\ARM_GCC_541\Debug\LAB3_SDHD.a(CySpc.o)
 .debug_frame   0x00001edc       0x20 c:/program files (x86)/cypress/psoc creator/4.4/psoc creator/import/gnu/arm/5.4.1/bin/../lib/gcc/arm-none-eabi/5.4.1/../../../../arm-none-eabi/lib/armv7-m\libg_nano.a(lib_a-errno.o)
 .debug_frame   0x00001efc       0x28 c:/program files (x86)/cypress/psoc creator/4.4/psoc creator/import/gnu/arm/5.4.1/bin/../lib/gcc/arm-none-eabi/5.4.1/../../../../arm-none-eabi/lib/armv7-m\libg_nano.a(lib_a-exit.o)
 .debug_frame   0x00001f24       0x2c c:/program files (x86)/cypress/psoc creator/4.4/psoc creator/import/gnu/arm/5.4.1/bin/../lib/gcc/arm-none-eabi/5.4.1/../../../../arm-none-eabi/lib/armv7-m\libg_nano.a(lib_a-init.o)
 .debug_frame   0x00001f50       0x28 c:/program files (x86)/cypress/psoc creator/4.4/psoc creator/import/gnu/arm/5.4.1/bin/../lib/gcc/arm-none-eabi/5.4.1/../../../../arm-none-eabi/lib/armv7-m\libg_nano.a(lib_a-memcpy-stub.o)
 .debug_frame   0x00001f78       0x20 c:/program files (x86)/cypress/psoc creator/4.4/psoc creator/import/gnu/arm/5.4.1/bin/../lib/gcc/arm-none-eabi/5.4.1/../../../../arm-none-eabi/lib/armv7-m\libg_nano.a(lib_a-memset.o)

.debug_str      0x00000000     0x2d5a
 *(.debug_str)
 .debug_str     0x00000000      0x2e4 .\CortexM3\ARM_GCC_541\Debug\main.o
                                0x33d (size before relaxing)
 .debug_str     0x000002e4      0x288 .\CortexM3\ARM_GCC_541\Debug\logging.o
                                0x43c (size before relaxing)
 .debug_str     0x0000056c      0x1f5 .\CortexM3\ARM_GCC_541\Debug\cyfitter_cfg.o
                                0x392 (size before relaxing)
 .debug_str     0x00000761       0x75 .\CortexM3\ARM_GCC_541\Debug\cymetadata.o
                                0x1e6 (size before relaxing)
 .debug_str     0x000007d6      0x154 .\CortexM3\ARM_GCC_541\Debug\Cm3Start.o
                                0x31c (size before relaxing)
 .debug_str     0x0000092a      0x397 .\CortexM3\ARM_GCC_541\Debug\LAB3_SDHD.a(ADC.o)
                                0x5cb (size before relaxing)
 .debug_str     0x00000cc1       0x45 .\CortexM3\ARM_GCC_541\Debug\LAB3_SDHD.a(ADC_INT.o)
                                0x1c2 (size before relaxing)
 .debug_str     0x00000d06       0xaf .\CortexM3\ARM_GCC_541\Debug\LAB3_SDHD.a(Push_button.o)
                                0x24a (size before relaxing)
 .debug_str     0x00000db5      0x131 .\CortexM3\ARM_GCC_541\Debug\LAB3_SDHD.a(isr_button.o)
                                0x2ee (size before relaxing)
 .debug_str     0x00000ee6       0x57 .\CortexM3\ARM_GCC_541\Debug\LAB3_SDHD.a(Red_LED.o)
                                0x1ee (size before relaxing)
 .debug_str     0x00000f3d       0x5f .\CortexM3\ARM_GCC_541\Debug\LAB3_SDHD.a(ADC_AMux.o)
                                0x201 (size before relaxing)
 .debug_str     0x00000f9c      0x173 .\CortexM3\ARM_GCC_541\Debug\LAB3_SDHD.a(ADC_Ext_CP_Clk.o)
                                0x344 (size before relaxing)
 .debug_str     0x0000110f      0x14f .\CortexM3\ARM_GCC_541\Debug\LAB3_SDHD.a(ADC_theACLK.o)
                                0x363 (size before relaxing)
 .debug_str     0x0000125e      0x34e .\CortexM3\ARM_GCC_541\Debug\LAB3_SDHD.a(CyDmac.o)
                                0x54c (size before relaxing)
 .debug_str     0x000015ac      0x7bb .\CortexM3\ARM_GCC_541\Debug\LAB3_SDHD.a(CyLib.o)
                                0xa49 (size before relaxing)
 .debug_str     0x00001d67      0x365 .\CortexM3\ARM_GCC_541\Debug\LAB3_SDHD.a(cyPm.o)
                                0x735 (size before relaxing)
 .debug_str     0x000020cc      0x22e .\CortexM3\ARM_GCC_541\Debug\LAB3_SDHD.a(WaveDAC8.o)
                                0x439 (size before relaxing)
 .debug_str     0x000022fa      0x14c .\CortexM3\ARM_GCC_541\Debug\LAB3_SDHD.a(WaveDAC8_DacClk.o)
                                0x350 (size before relaxing)
 .debug_str     0x00002446       0xa6 .\CortexM3\ARM_GCC_541\Debug\LAB3_SDHD.a(WaveDAC8_Wave1_DMA_dma.o)
                                0x2a2 (size before relaxing)
 .debug_str     0x000024ec       0x6b .\CortexM3\ARM_GCC_541\Debug\LAB3_SDHD.a(WaveDAC8_Wave2_DMA_dma.o)
                                0x2a2 (size before relaxing)
 .debug_str     0x00002557       0x77 .\CortexM3\ARM_GCC_541\Debug\LAB3_SDHD.a(WaveDAC8_VDAC8.o)
                                0x27b (size before relaxing)
 .debug_str     0x000025ce      0x2c6 .\CortexM3\ARM_GCC_541\Debug\LAB3_SDHD.a(UART_LOG.o)
                                0x4f3 (size before relaxing)
 .debug_str     0x00002894      0x160 .\CortexM3\ARM_GCC_541\Debug\LAB3_SDHD.a(UART_LOG_IntClock.o)
                                0x368 (size before relaxing)
 .debug_str     0x000029f4       0xff .\CortexM3\ARM_GCC_541\Debug\LAB3_SDHD.a(isr_UART.o)
                                0x2d2 (size before relaxing)
 .debug_str     0x00002af3      0x1bb .\CortexM3\ARM_GCC_541\Debug\LAB3_SDHD.a(CyFlash.o)
                                0x3c2 (size before relaxing)
 .debug_str     0x00002cae       0xac .\CortexM3\ARM_GCC_541\Debug\LAB3_SDHD.a(CySpc.o)
                                0x33a (size before relaxing)

.debug_loc      0x00000000     0x3970
 *(.debug_loc)
 .debug_loc     0x00000000       0xed .\CortexM3\ARM_GCC_541\Debug\main.o
 .debug_loc     0x000000ed       0x4d .\CortexM3\ARM_GCC_541\Debug\logging.o
 .debug_loc     0x0000013a      0x29c .\CortexM3\ARM_GCC_541\Debug\cyfitter_cfg.o
 .debug_loc     0x000003d6      0x144 .\CortexM3\ARM_GCC_541\Debug\Cm3Start.o
 .debug_loc     0x0000051a      0x681 .\CortexM3\ARM_GCC_541\Debug\LAB3_SDHD.a(ADC.o)
 .debug_loc     0x00000b9b       0x84 .\CortexM3\ARM_GCC_541\Debug\LAB3_SDHD.a(Push_button.o)
 .debug_loc     0x00000c1f       0x56 .\CortexM3\ARM_GCC_541\Debug\LAB3_SDHD.a(isr_button.o)
 .debug_loc     0x00000c75       0x42 .\CortexM3\ARM_GCC_541\Debug\LAB3_SDHD.a(Red_LED.o)
 .debug_loc     0x00000cb7       0x6c .\CortexM3\ARM_GCC_541\Debug\LAB3_SDHD.a(ADC_AMux.o)
 .debug_loc     0x00000d23      0x12c .\CortexM3\ARM_GCC_541\Debug\LAB3_SDHD.a(ADC_Ext_CP_Clk.o)
 .debug_loc     0x00000e4f      0x14d .\CortexM3\ARM_GCC_541\Debug\LAB3_SDHD.a(ADC_theACLK.o)
 .debug_loc     0x00000f9c      0xb8e .\CortexM3\ARM_GCC_541\Debug\LAB3_SDHD.a(CyDmac.o)
 .debug_loc     0x00001b2a      0xa11 .\CortexM3\ARM_GCC_541\Debug\LAB3_SDHD.a(CyLib.o)
 .debug_loc     0x0000253b      0x1e4 .\CortexM3\ARM_GCC_541\Debug\LAB3_SDHD.a(cyPm.o)
 .debug_loc     0x0000271f      0x11b .\CortexM3\ARM_GCC_541\Debug\LAB3_SDHD.a(WaveDAC8.o)
 .debug_loc     0x0000283a      0x128 .\CortexM3\ARM_GCC_541\Debug\LAB3_SDHD.a(WaveDAC8_DacClk.o)
 .debug_loc     0x00002962       0x84 .\CortexM3\ARM_GCC_541\Debug\LAB3_SDHD.a(WaveDAC8_Wave1_DMA_dma.o)
 .debug_loc     0x000029e6       0x84 .\CortexM3\ARM_GCC_541\Debug\LAB3_SDHD.a(WaveDAC8_Wave2_DMA_dma.o)
 .debug_loc     0x00002a6a       0x79 .\CortexM3\ARM_GCC_541\Debug\LAB3_SDHD.a(WaveDAC8_VDAC8.o)
 .debug_loc     0x00002ae3      0x258 .\CortexM3\ARM_GCC_541\Debug\LAB3_SDHD.a(UART_LOG.o)
 .debug_loc     0x00002d3b      0x128 .\CortexM3\ARM_GCC_541\Debug\LAB3_SDHD.a(UART_LOG_IntClock.o)
 .debug_loc     0x00002e63       0x56 .\CortexM3\ARM_GCC_541\Debug\LAB3_SDHD.a(isr_UART.o)
 .debug_loc     0x00002eb9      0x3b2 .\CortexM3\ARM_GCC_541\Debug\LAB3_SDHD.a(CyFlash.o)
 .debug_loc     0x0000326b      0x705 .\CortexM3\ARM_GCC_541\Debug\LAB3_SDHD.a(CySpc.o)

.debug_macinfo
 *(.debug_macinfo)

.debug_ranges   0x00000000      0xb48
 *(.debug_ranges)
 .debug_ranges  0x00000000       0x50 .\CortexM3\ARM_GCC_541\Debug\main.o
 .debug_ranges  0x00000050       0x18 .\CortexM3\ARM_GCC_541\Debug\logging.o
 .debug_ranges  0x00000068       0x58 .\CortexM3\ARM_GCC_541\Debug\cyfitter_cfg.o
 .debug_ranges  0x000000c0       0x38 .\CortexM3\ARM_GCC_541\Debug\Cm3Start.o
 .debug_ranges  0x000000f8       0xd8 .\CortexM3\ARM_GCC_541\Debug\LAB3_SDHD.a(ADC.o)
 .debug_ranges  0x000001d0       0x28 .\CortexM3\ARM_GCC_541\Debug\LAB3_SDHD.a(ADC_INT.o)
 .debug_ranges  0x000001f8       0x38 .\CortexM3\ARM_GCC_541\Debug\LAB3_SDHD.a(Push_button.o)
 .debug_ranges  0x00000230       0x70 .\CortexM3\ARM_GCC_541\Debug\LAB3_SDHD.a(isr_button.o)
 .debug_ranges  0x000002a0       0x28 .\CortexM3\ARM_GCC_541\Debug\LAB3_SDHD.a(Red_LED.o)
 .debug_ranges  0x000002c8       0x20 .\CortexM3\ARM_GCC_541\Debug\LAB3_SDHD.a(ADC_AMux.o)
 .debug_ranges  0x000002e8       0x60 .\CortexM3\ARM_GCC_541\Debug\LAB3_SDHD.a(ADC_Ext_CP_Clk.o)
 .debug_ranges  0x00000348       0x70 .\CortexM3\ARM_GCC_541\Debug\LAB3_SDHD.a(ADC_theACLK.o)
 .debug_ranges  0x000003b8       0xc8 .\CortexM3\ARM_GCC_541\Debug\LAB3_SDHD.a(CyDmac.o)
 .debug_ranges  0x00000480      0x290 .\CortexM3\ARM_GCC_541\Debug\LAB3_SDHD.a(CyLib.o)
 .debug_ranges  0x00000710       0x88 .\CortexM3\ARM_GCC_541\Debug\LAB3_SDHD.a(cyPm.o)
 .debug_ranges  0x00000798       0x40 .\CortexM3\ARM_GCC_541\Debug\LAB3_SDHD.a(WaveDAC8.o)
 .debug_ranges  0x000007d8       0x60 .\CortexM3\ARM_GCC_541\Debug\LAB3_SDHD.a(WaveDAC8_DacClk.o)
 .debug_ranges  0x00000838       0x18 .\CortexM3\ARM_GCC_541\Debug\LAB3_SDHD.a(WaveDAC8_Wave1_DMA_dma.o)
 .debug_ranges  0x00000850       0x18 .\CortexM3\ARM_GCC_541\Debug\LAB3_SDHD.a(WaveDAC8_Wave2_DMA_dma.o)
 .debug_ranges  0x00000868       0x48 .\CortexM3\ARM_GCC_541\Debug\LAB3_SDHD.a(WaveDAC8_VDAC8.o)
 .debug_ranges  0x000008b0       0xe0 .\CortexM3\ARM_GCC_541\Debug\LAB3_SDHD.a(UART_LOG.o)
 .debug_ranges  0x00000990       0x60 .\CortexM3\ARM_GCC_541\Debug\LAB3_SDHD.a(UART_LOG_IntClock.o)
 .debug_ranges  0x000009f0       0x70 .\CortexM3\ARM_GCC_541\Debug\LAB3_SDHD.a(isr_UART.o)
 .debug_ranges  0x00000a60       0x78 .\CortexM3\ARM_GCC_541\Debug\LAB3_SDHD.a(CyFlash.o)
 .debug_ranges  0x00000ad8       0x70 .\CortexM3\ARM_GCC_541\Debug\LAB3_SDHD.a(CySpc.o)

.comment        0x00000000       0x6e
 .comment       0x00000000       0x6e .\CortexM3\ARM_GCC_541\Debug\main.o
                                 0x6f (size before relaxing)
 .comment       0x0000006e       0x6f .\CortexM3\ARM_GCC_541\Debug\logging.o
 .comment       0x0000006e       0x6f .\CortexM3\ARM_GCC_541\Debug\cyfitter_cfg.o
 .comment       0x0000006e       0x6f .\CortexM3\ARM_GCC_541\Debug\cymetadata.o
 .comment       0x0000006e       0x6f .\CortexM3\ARM_GCC_541\Debug\Cm3Start.o
 .comment       0x0000006e       0x6f .\CortexM3\ARM_GCC_541\Debug\LAB3_SDHD.a(ADC.o)
 .comment       0x0000006e       0x6f .\CortexM3\ARM_GCC_541\Debug\LAB3_SDHD.a(ADC_INT.o)
 .comment       0x0000006e       0x6f .\CortexM3\ARM_GCC_541\Debug\LAB3_SDHD.a(Push_button.o)
 .comment       0x0000006e       0x6f .\CortexM3\ARM_GCC_541\Debug\LAB3_SDHD.a(isr_button.o)
 .comment       0x0000006e       0x6f .\CortexM3\ARM_GCC_541\Debug\LAB3_SDHD.a(Red_LED.o)
 .comment       0x0000006e       0x6f .\CortexM3\ARM_GCC_541\Debug\LAB3_SDHD.a(ADC_AMux.o)
 .comment       0x0000006e       0x6f .\CortexM3\ARM_GCC_541\Debug\LAB3_SDHD.a(ADC_Ext_CP_Clk.o)
 .comment       0x0000006e       0x6f .\CortexM3\ARM_GCC_541\Debug\LAB3_SDHD.a(ADC_theACLK.o)
 .comment       0x0000006e       0x6f .\CortexM3\ARM_GCC_541\Debug\LAB3_SDHD.a(CyDmac.o)
 .comment       0x0000006e       0x6f .\CortexM3\ARM_GCC_541\Debug\LAB3_SDHD.a(CyLib.o)
 .comment       0x0000006e       0x6f .\CortexM3\ARM_GCC_541\Debug\LAB3_SDHD.a(cyPm.o)
 .comment       0x0000006e       0x6f .\CortexM3\ARM_GCC_541\Debug\LAB3_SDHD.a(WaveDAC8.o)
 .comment       0x0000006e       0x6f .\CortexM3\ARM_GCC_541\Debug\LAB3_SDHD.a(WaveDAC8_DacClk.o)
 .comment       0x0000006e       0x6f .\CortexM3\ARM_GCC_541\Debug\LAB3_SDHD.a(WaveDAC8_Wave1_DMA_dma.o)
 .comment       0x0000006e       0x6f .\CortexM3\ARM_GCC_541\Debug\LAB3_SDHD.a(WaveDAC8_Wave2_DMA_dma.o)
 .comment       0x0000006e       0x6f .\CortexM3\ARM_GCC_541\Debug\LAB3_SDHD.a(WaveDAC8_VDAC8.o)
 .comment       0x0000006e       0x6f .\CortexM3\ARM_GCC_541\Debug\LAB3_SDHD.a(UART_LOG.o)
 .comment       0x0000006e       0x6f .\CortexM3\ARM_GCC_541\Debug\LAB3_SDHD.a(UART_LOG_IntClock.o)
 .comment       0x0000006e       0x6f .\CortexM3\ARM_GCC_541\Debug\LAB3_SDHD.a(isr_UART.o)
 .comment       0x0000006e       0x6f .\CortexM3\ARM_GCC_541\Debug\LAB3_SDHD.a(CyFlash.o)
 .comment       0x0000006e       0x6f .\CortexM3\ARM_GCC_541\Debug\LAB3_SDHD.a(CySpc.o)

.debug_weaknames
 *(.debug_weaknames)

.debug_funcnames
 *(.debug_funcnames)

.debug_typenames
 *(.debug_typenames)

.debug_varnames
 *(.debug_varnames)

.note.gnu.arm.ident
 *(.note.gnu.arm.ident)

.ARM.attributes
                0x00000000       0x29
 *(.ARM.attributes)
 .ARM.attributes
                0x00000000       0x1d c:/program files (x86)/cypress/psoc creator/4.4/psoc creator/import/gnu/arm/5.4.1/bin/../lib/gcc/arm-none-eabi/5.4.1/armv7-m/crti.o
 .ARM.attributes
                0x0000001d       0x2d c:/program files (x86)/cypress/psoc creator/4.4/psoc creator/import/gnu/arm/5.4.1/bin/../lib/gcc/arm-none-eabi/5.4.1/armv7-m/crtbegin.o
 .ARM.attributes
                0x0000004a       0x1b c:/program files (x86)/cypress/psoc creator/4.4/psoc creator/import/gnu/arm/5.4.1/bin/../lib/gcc/arm-none-eabi/5.4.1/../../../../arm-none-eabi/lib/armv7-m/crt0.o
 .ARM.attributes
                0x00000065       0x33 .\CortexM3\ARM_GCC_541\Debug\main.o
 .ARM.attributes
                0x00000098       0x33 .\CortexM3\ARM_GCC_541\Debug\logging.o
 .ARM.attributes
                0x000000cb       0x33 .\CortexM3\ARM_GCC_541\Debug\cyfitter_cfg.o
 .ARM.attributes
                0x000000fe       0x33 .\CortexM3\ARM_GCC_541\Debug\cymetadata.o
 .ARM.attributes
                0x00000131       0x33 .\CortexM3\ARM_GCC_541\Debug\Cm3Start.o
 .ARM.attributes
                0x00000164       0x33 .\CortexM3\ARM_GCC_541\Debug\LAB3_SDHD.a(ADC.o)
 .ARM.attributes
                0x00000197       0x33 .\CortexM3\ARM_GCC_541\Debug\LAB3_SDHD.a(ADC_INT.o)
 .ARM.attributes
                0x000001ca       0x33 .\CortexM3\ARM_GCC_541\Debug\LAB3_SDHD.a(Push_button.o)
 .ARM.attributes
                0x000001fd       0x33 .\CortexM3\ARM_GCC_541\Debug\LAB3_SDHD.a(isr_button.o)
 .ARM.attributes
                0x00000230       0x33 .\CortexM3\ARM_GCC_541\Debug\LAB3_SDHD.a(Red_LED.o)
 .ARM.attributes
                0x00000263       0x33 .\CortexM3\ARM_GCC_541\Debug\LAB3_SDHD.a(ADC_AMux.o)
 .ARM.attributes
                0x00000296       0x33 .\CortexM3\ARM_GCC_541\Debug\LAB3_SDHD.a(ADC_Ext_CP_Clk.o)
 .ARM.attributes
                0x000002c9       0x33 .\CortexM3\ARM_GCC_541\Debug\LAB3_SDHD.a(ADC_theACLK.o)
 .ARM.attributes
                0x000002fc       0x33 .\CortexM3\ARM_GCC_541\Debug\LAB3_SDHD.a(CyDmac.o)
 .ARM.attributes
                0x0000032f       0x33 .\CortexM3\ARM_GCC_541\Debug\LAB3_SDHD.a(CyLib.o)
 .ARM.attributes
                0x00000362       0x33 .\CortexM3\ARM_GCC_541\Debug\LAB3_SDHD.a(cyPm.o)
 .ARM.attributes
                0x00000395       0x33 .\CortexM3\ARM_GCC_541\Debug\LAB3_SDHD.a(WaveDAC8.o)
 .ARM.attributes
                0x000003c8       0x33 .\CortexM3\ARM_GCC_541\Debug\LAB3_SDHD.a(WaveDAC8_DacClk.o)
 .ARM.attributes
                0x000003fb       0x33 .\CortexM3\ARM_GCC_541\Debug\LAB3_SDHD.a(WaveDAC8_Wave1_DMA_dma.o)
 .ARM.attributes
                0x0000042e       0x33 .\CortexM3\ARM_GCC_541\Debug\LAB3_SDHD.a(WaveDAC8_Wave2_DMA_dma.o)
 .ARM.attributes
                0x00000461       0x33 .\CortexM3\ARM_GCC_541\Debug\LAB3_SDHD.a(WaveDAC8_VDAC8.o)
 .ARM.attributes
                0x00000494       0x33 .\CortexM3\ARM_GCC_541\Debug\LAB3_SDHD.a(UART_LOG.o)
 .ARM.attributes
                0x000004c7       0x33 .\CortexM3\ARM_GCC_541\Debug\LAB3_SDHD.a(UART_LOG_IntClock.o)
 .ARM.attributes
                0x000004fa       0x33 .\CortexM3\ARM_GCC_541\Debug\LAB3_SDHD.a(isr_UART.o)
 .ARM.attributes
                0x0000052d       0x21 .\CortexM3\ARM_GCC_541\Debug\LAB3_SDHD.a(CyBootAsmGnu.o)
 .ARM.attributes
                0x0000054e       0x33 .\CortexM3\ARM_GCC_541\Debug\LAB3_SDHD.a(CyFlash.o)
 .ARM.attributes
                0x00000581       0x33 .\CortexM3\ARM_GCC_541\Debug\LAB3_SDHD.a(CySpc.o)
 .ARM.attributes
                0x000005b4       0x1d c:/program files (x86)/cypress/psoc creator/4.4/psoc creator/import/gnu/arm/5.4.1/bin/../lib/gcc/arm-none-eabi/5.4.1/armv7-m\libgcc.a(_arm_addsubdf3.o)
 .ARM.attributes
                0x000005d1       0x1d c:/program files (x86)/cypress/psoc creator/4.4/psoc creator/import/gnu/arm/5.4.1/bin/../lib/gcc/arm-none-eabi/5.4.1/armv7-m\libgcc.a(_arm_cmpdf2.o)
 .ARM.attributes
                0x000005ee       0x1d c:/program files (x86)/cypress/psoc creator/4.4/psoc creator/import/gnu/arm/5.4.1/bin/../lib/gcc/arm-none-eabi/5.4.1/armv7-m\libgcc.a(_arm_addsubsf3.o)
 .ARM.attributes
                0x0000060b       0x1d c:/program files (x86)/cypress/psoc creator/4.4/psoc creator/import/gnu/arm/5.4.1/bin/../lib/gcc/arm-none-eabi/5.4.1/armv7-m\libgcc.a(_arm_muldivsf3.o)
 .ARM.attributes
                0x00000628       0x1d c:/program files (x86)/cypress/psoc creator/4.4/psoc creator/import/gnu/arm/5.4.1/bin/../lib/gcc/arm-none-eabi/5.4.1/armv7-m\libgcc.a(_arm_fixunssfsi.o)
 .ARM.attributes
                0x00000645       0x2d c:/program files (x86)/cypress/psoc creator/4.4/psoc creator/import/gnu/arm/5.4.1/bin/../lib/gcc/arm-none-eabi/5.4.1/../../../../arm-none-eabi/lib/armv7-m\libg_nano.a(lib_a-errno.o)
 .ARM.attributes
                0x00000672       0x2d c:/program files (x86)/cypress/psoc creator/4.4/psoc creator/import/gnu/arm/5.4.1/bin/../lib/gcc/arm-none-eabi/5.4.1/../../../../arm-none-eabi/lib/armv7-m\libg_nano.a(lib_a-exit.o)
 .ARM.attributes
                0x0000069f       0x2d c:/program files (x86)/cypress/psoc creator/4.4/psoc creator/import/gnu/arm/5.4.1/bin/../lib/gcc/arm-none-eabi/5.4.1/../../../../arm-none-eabi/lib/armv7-m\libg_nano.a(lib_a-impure.o)
 .ARM.attributes
                0x000006cc       0x2d c:/program files (x86)/cypress/psoc creator/4.4/psoc creator/import/gnu/arm/5.4.1/bin/../lib/gcc/arm-none-eabi/5.4.1/../../../../arm-none-eabi/lib/armv7-m\libg_nano.a(lib_a-init.o)
 .ARM.attributes
                0x000006f9       0x2d c:/program files (x86)/cypress/psoc creator/4.4/psoc creator/import/gnu/arm/5.4.1/bin/../lib/gcc/arm-none-eabi/5.4.1/../../../../arm-none-eabi/lib/armv7-m\libg_nano.a(lib_a-memcpy-stub.o)
 .ARM.attributes
                0x00000726       0x2d c:/program files (x86)/cypress/psoc creator/4.4/psoc creator/import/gnu/arm/5.4.1/bin/../lib/gcc/arm-none-eabi/5.4.1/../../../../arm-none-eabi/lib/armv7-m\libg_nano.a(lib_a-memset.o)
 .ARM.attributes
                0x00000753       0x2d c:/program files (x86)/cypress/psoc creator/4.4/psoc creator/import/gnu/arm/5.4.1/bin/../lib/gcc/arm-none-eabi/5.4.1/armv7-m/crtend.o
 .ARM.attributes
                0x00000780       0x1d c:/program files (x86)/cypress/psoc creator/4.4/psoc creator/import/gnu/arm/5.4.1/bin/../lib/gcc/arm-none-eabi/5.4.1/armv7-m/crtn.o

/DISCARD/
 *(.note.GNU-stack)
OUTPUT(C:\Users\giris\OneDrive\Documents\PSoC Creator\SDHD\LAB3_SDHD.cydsn\CortexM3\ARM_GCC_541\Debug\LAB3_SDHD.elf elf32-littlearm)
